Component: Arm Compiler for Embedded 6.23 Tool: armlink [5f102400]

==============================================================================

Section Cross References

    patch_1.o(.text) refers to lto-llvm-eaf734.o(.bss.retention_mem_area0) for lld_force_timeout_refresh
    rf_ldo_calibration.o(.text) refers to arch_asm.o(.text) for arch_asm_delay_us
    rf_ldo_calibration.o(.text) refers to lto-llvm-eaf734.o(.text.rf_calibration) for rf_calibration
    rf_ldo_calibration.o(.text) refers to rf_ldo_calibration.o(.bss) for .bss
    rf_ldo_calibration.o(.text) refers to lto-llvm-eaf734.o(.bss.retention_mem_area0) for rf_ldo_calibration_pending
    common.o(.text) refers to arch_asm.o(.text) for arch_asm_delay_us
    entry.o(.ARM.Collect$$$$00000000) refers (Special) to entry10a.o(.ARM.Collect$$$$0000000D) for __rt_final_cpp
    entry.o(.ARM.Collect$$$$00000000) refers (Special) to entry11a.o(.ARM.Collect$$$$0000000F) for __rt_final_exit
    entry.o(.ARM.Collect$$$$00000000) refers (Special) to entry7b.o(.ARM.Collect$$$$00000008) for _main_clock
    entry.o(.ARM.Collect$$$$00000000) refers (Special) to entry8b.o(.ARM.Collect$$$$0000000A) for _main_cpp_init
    entry.o(.ARM.Collect$$$$00000000) refers (Special) to entry9a.o(.ARM.Collect$$$$0000000B) for _main_init
    entry.o(.ARM.Collect$$$$00000000) refers (Special) to entry5.o(.ARM.Collect$$$$00000004) for _main_scatterload
    entry.o(.ARM.Collect$$$$00000000) refers (Special) to entry4.o(.ARM.Collect$$$$00000003) for _main_stk
    entry4.o(.ARM.Collect$$$$00000003) refers to entry4.o(.ARM.Collect$$$$00002714) for __lit__00000000
    entry4.o(__vectab_stack_and_reset_area) refers to entry.o(.ARM.Collect$$$$00000000) for __main
    entry5.o(.ARM.Collect$$$$00000004) refers to init.o(.text) for __scatterload
    entry9a.o(.ARM.Collect$$$$0000000B) refers to lto-llvm-eaf734.o(.text.main) for main
    entry9b.o(.ARM.Collect$$$$0000000C) refers to lto-llvm-eaf734.o(.text.main) for main
    init.o(.text) refers to entry5.o(.ARM.Collect$$$$00000004) for __main_after_scatterload
    lto-llvm-eaf734.o(system_DA14xxx) refers to lto-llvm-eaf734.o(otp_cs_booter) for [Anonymous Symbol]
    lto-llvm-eaf734.o(.ARM.exidxsystem_DA14xxx) refers to lto-llvm-eaf734.o(system_DA14xxx) for [Anonymous Symbol]
    lto-llvm-eaf734.o(startup_code_DA14xxx) refers to lto-llvm-eaf734.o(system_DA14xxx) for SystemInit
    lto-llvm-eaf734.o(startup_code_DA14xxx) refers to entry.o(.ARM.Collect$$$$00000000) for __main
    lto-llvm-eaf734.o(startup_code_DA14xxx) refers to lto-llvm-eaf734.o(.text.NMI_HandlerC) for NMI_HandlerC
    lto-llvm-eaf734.o(startup_code_DA14xxx) refers to lto-llvm-eaf734.o(.text.HardFault_HandlerC) for HardFault_HandlerC
    lto-llvm-eaf734.o(.ARM.exidxstartup_code_DA14xxx) refers to lto-llvm-eaf734.o(startup_code_DA14xxx) for [Anonymous Symbol]
    lto-llvm-eaf734.o(.text.HardFault_HandlerC) refers to lto-llvm-eaf734.o(.text.syscntl_dcdc_set_level) for syscntl_dcdc_set_level
    lto-llvm-eaf734.o(.ARM.exidx.text.HardFault_HandlerC) refers to lto-llvm-eaf734.o(.text.HardFault_HandlerC) for [Anonymous Symbol]
    lto-llvm-eaf734.o(.text.NMI_HandlerC) refers to lto-llvm-eaf734.o(.text.syscntl_dcdc_set_level) for syscntl_dcdc_set_level
    lto-llvm-eaf734.o(.ARM.exidx.text.NMI_HandlerC) refers to lto-llvm-eaf734.o(.text.NMI_HandlerC) for [Anonymous Symbol]
    lto-llvm-eaf734.o(.text.uart_write_adapt) refers to lto-llvm-eaf734.o(.bss.retention_mem_area0) for [Anonymous Symbol]
    lto-llvm-eaf734.o(.ARM.exidx.text.uart_write_adapt) refers to lto-llvm-eaf734.o(.text.uart_write_adapt) for [Anonymous Symbol]
    lto-llvm-eaf734.o(.ARM.exidx.text.uart_finish_transfers_adapt) refers to lto-llvm-eaf734.o(.text.uart_finish_transfers_adapt) for [Anonymous Symbol]
    lto-llvm-eaf734.o(.text.main) refers to lto-llvm-eaf734.o(.bss.retention_mem_area0) for [Anonymous Symbol]
    lto-llvm-eaf734.o(.text.main) refers to lto-llvm-eaf734.o(.text.hw_otpc_init) for hw_otpc_init
    lto-llvm-eaf734.o(.text.main) refers to lto-llvm-eaf734.o(.text.syscntl_dcdc_get_level) for syscntl_dcdc_get_level
    lto-llvm-eaf734.o(.text.main) refers to lto-llvm-eaf734.o(.text.syscntl_dcdc_set_level) for syscntl_dcdc_set_level
    lto-llvm-eaf734.o(.text.main) refers to arch_asm.o(.text) for arch_asm_delay_us
    lto-llvm-eaf734.o(.text.main) refers to lto-llvm-eaf734.o(otp_cs_booter) for [Anonymous Symbol]
    lto-llvm-eaf734.o(.text.main) refers to lto-llvm-eaf734.o(.bss..L_MergedGlobals.269) for [Anonymous Symbol]
    lto-llvm-eaf734.o(.text.main) refers to patch_1.o(.text) for patch_global_vars_init
    lto-llvm-eaf734.o(.text.main) refers to lto-llvm-eaf734.o(.text.periph_init) for periph_init
    lto-llvm-eaf734.o(.text.main) refers to lto-llvm-eaf734.o(.text.calibrate_rcx20) for calibrate_rcx20
    lto-llvm-eaf734.o(.text.main) refers to lto-llvm-eaf734.o(.text.read_rcx_freq) for read_rcx_freq
[...]
    gattm_init                               0x07f1381b   Thumb Code     0  da14531_symbols.txt ABSOLUTE
    gattm_init_attr                          0x07f13839   Thumb Code     0  da14531_symbols.txt ABSOLUTE
    gattm_create                             0x07f1388d   Thumb Code     0  da14531_symbols.txt ABSOLUTE
    gattm_cleanup                            0x07f13895   Thumb Code     0  da14531_symbols.txt ABSOLUTE
    gattm_get_max_mtu                        0x07f1389d   Thumb Code     0  da14531_symbols.txt ABSOLUTE
    gattm_set_max_mtu                        0x07f138a3   Thumb Code     0  da14531_symbols.txt ABSOLUTE
    gattm_get_max_mps                        0x07f138bf   Thumb Code     0  da14531_symbols.txt ABSOLUTE
    gattm_set_max_mps                        0x07f138c5   Thumb Code     0  da14531_symbols.txt ABSOLUTE
    l2cc_cleanup                             0x07f13b2d   Thumb Code     0  da14531_symbols.txt ABSOLUTE
    l2cc_init                                0x07f13b71   Thumb Code     0  da14531_symbols.txt ABSOLUTE
    l2cc_create                              0x07f13ba3   Thumb Code     0  da14531_symbols.txt ABSOLUTE
    l2cc_update_state                        0x07f13bdb   Thumb Code     0  da14531_symbols.txt ABSOLUTE
    hci_acl_data_rx_handler                  0x07f13d97   Thumb Code     0  da14531_symbols.txt ABSOLUTE
    l2cm_init                                0x07f14029   Thumb Code     0  da14531_symbols.txt ABSOLUTE
    l2cm_create                              0x07f1403d   Thumb Code     0  da14531_symbols.txt ABSOLUTE
    l2cm_cleanup                             0x07f14045   Thumb Code     0  da14531_symbols.txt ABSOLUTE
    l2cm_set_link_layer_buff_size            0x07f1404d   Thumb Code     0  da14531_symbols.txt ABSOLUTE
    smpc_send_use_enc_block_cmd              0x07f1405d   Thumb Code     0  da14531_symbols.txt ABSOLUTE
    smpc_send_start_enc_cmd                  0x07f14095   Thumb Code     0  da14531_symbols.txt ABSOLUTE
    smpc_send_ltk_req_rsp                    0x07f1410f   Thumb Code     0  da14531_symbols.txt ABSOLUTE
    smpc_send_pairing_req_ind                0x07f1416b   Thumb Code     0  da14531_symbols.txt ABSOLUTE
    smpc_send_pairing_ind                    0x07f1424f   Thumb Code     0  da14531_symbols.txt ABSOLUTE
    smpc_check_pairing_feat                  0x07f1436b   Thumb Code     0  da14531_symbols.txt ABSOLUTE
    smpc_launch_rep_att_timer                0x07f14385   Thumb Code     0  da14531_symbols.txt ABSOLUTE
    smpc_check_repeated_attempts             0x07f143c1   Thumb Code     0  da14531_symbols.txt ABSOLUTE
    smpc_check_max_key_size                  0x07f14423   Thumb Code     0  da14531_symbols.txt ABSOLUTE
    smpc_check_key_distrib                   0x07f14469   Thumb Code     0  da14531_symbols.txt ABSOLUTE
    smpc_xor                                 0x07f144b3   Thumb Code     0  da14531_symbols.txt ABSOLUTE
    smpc_generate_l                          0x07f144c9   Thumb Code     0  da14531_symbols.txt ABSOLUTE
    smpc_generate_ci                         0x07f14517   Thumb Code     0  da14531_symbols.txt ABSOLUTE
    smpc_generate_rand                       0x07f1457b   Thumb Code     0  da14531_symbols.txt ABSOLUTE
    smpc_generate_e1                         0x07f145a1   Thumb Code     0  da14531_symbols.txt ABSOLUTE
    smpc_generate_cfm                        0x07f1465b   Thumb Code     0  da14531_symbols.txt ABSOLUTE
    smpc_generate_stk                        0x07f146d5   Thumb Code     0  da14531_symbols.txt ABSOLUTE
    smpc_calc_subkeys                        0x07f1472b   Thumb Code     0  da14531_symbols.txt ABSOLUTE
    smpc_clear_timeout_timer                 0x07f147a1   Thumb Code     0  da14531_symbols.txt ABSOLUTE
    smpc_pairing_end                         0x07f147cb   Thumb Code     0  da14531_symbols.txt ABSOLUTE
    smpc_tkdp_rcp_continue                   0x07f14829   Thumb Code     0  da14531_symbols.txt ABSOLUTE
    smpc_tkdp_rcp_start                      0x07f148a1   Thumb Code     0  da14531_symbols.txt ABSOLUTE
    smpc_pdu_send                            0x07f148f5   Thumb Code     0  da14531_symbols.txt ABSOLUTE
    smpc_tkdp_send_start                     0x07f14993   Thumb Code     0  da14531_symbols.txt ABSOLUTE
    smpc_tkdp_send_continue                  0x07f14a1f   Thumb Code     0  da14531_symbols.txt ABSOLUTE
    smpc_get_key_sec_prop                    0x07f14a9b   Thumb Code     0  da14531_symbols.txt ABSOLUTE
    smpc_is_sec_mode_reached                 0x07f14b67   Thumb Code     0  da14531_symbols.txt ABSOLUTE
    smpc_handle_enc_change_evt               0x07f14ba9   Thumb Code     0  da14531_symbols.txt ABSOLUTE
    smpc_pdu_recv_func                       0x07f14c63   Thumb Code     0  da14531_symbols.txt ABSOLUTE
    smpc_generate_subkey                     0x07f14ccf   Thumb Code     0  da14531_symbols.txt ABSOLUTE
    leftshift_onebit                         0x07f14d03   Thumb Code     0  da14531_symbols.txt ABSOLUTE
    padding                                  0x07f14d1b   Thumb Code     0  da14531_symbols.txt ABSOLUTE
    smpc_generate_subkey_P2                  0x07f14d3f   Thumb Code     0  da14531_symbols.txt ABSOLUTE
    AES_CMAC_block                           0x07f14de3   Thumb Code     0  da14531_symbols.txt ABSOLUTE
    smpc_generate_f4                         0x07f14ea3   Thumb Code     0  da14531_symbols.txt ABSOLUTE
    smpc_generate_g2                         0x07f14fb7   Thumb Code     0  da14531_symbols.txt ABSOLUTE
    smpc_generate_f5                         0x07f15061   Thumb Code     0  da14531_symbols.txt ABSOLUTE
    smpc_generate_f5_T                       0x07f15073   Thumb Code     0  da14531_symbols.txt ABSOLUTE
    smpc_generate_f5_P2                      0x07f150e1   Thumb Code     0  da14531_symbols.txt ABSOLUTE
    smpc_generate_f6                         0x07f152b3   Thumb Code     0  da14531_symbols.txt ABSOLUTE
    smpm_send_encrypt_req                    0x07f1544d   Thumb Code     0  da14531_symbols.txt ABSOLUTE
    smpm_send_gen_rand_nb_req                0x07f1547b   Thumb Code     0  da14531_symbols.txt ABSOLUTE
    smpm_check_addr_type                     0x07f15491   Thumb Code     0  da14531_symbols.txt ABSOLUTE
    gapc_update_state                        0x07f154fd   Thumb Code     0  da14531_symbols.txt ABSOLUTE
    gapc_get_requester                       0x07f1552d   Thumb Code     0  da14531_symbols.txt ABSOLUTE
    gapc_send_complete_evt                   0x07f15549   Thumb Code     0  da14531_symbols.txt ABSOLUTE
    gapc_init                                0x07f15673   Thumb Code     0  da14531_symbols.txt ABSOLUTE
    gapc_con_create                          0x07f156a5   Thumb Code     0  da14531_symbols.txt ABSOLUTE
    gapc_con_create_enh                      0x07f1575f   Thumb Code     0  da14531_symbols.txt ABSOLUTE
    gapc_con_cleanup                         0x07f15859   Thumb Code     0  da14531_symbols.txt ABSOLUTE
    gapc_send_disconect_ind                  0x07f15869   Thumb Code     0  da14531_symbols.txt ABSOLUTE
    gapc_get_conidx                          0x07f1588b   Thumb Code     0  da14531_symbols.txt ABSOLUTE
    gapc_get_conhdl                          0x07f158c5   Thumb Code     0  da14531_symbols.txt ABSOLUTE
    gapc_get_role                            0x07f158dd   Thumb Code     0  da14531_symbols.txt ABSOLUTE
    gapc_get_bdaddr                          0x07f158f9   Thumb Code     0  da14531_symbols.txt ABSOLUTE
    gapc_get_csrk                            0x07f15919   Thumb Code     0  da14531_symbols.txt ABSOLUTE
    gapc_get_sign_counter                    0x07f15937   Thumb Code     0  da14531_symbols.txt ABSOLUTE
    gapc_send_error_evt                      0x07f15955   Thumb Code     0  da14531_symbols.txt ABSOLUTE
    gapc_get_operation                       0x07f15977   Thumb Code     0  da14531_symbols.txt ABSOLUTE
    gapc_get_operation_ptr                   0x07f1598d   Thumb Code     0  da14531_symbols.txt ABSOLUTE
    gapc_set_operation_ptr                   0x07f15999   Thumb Code     0  da14531_symbols.txt ABSOLUTE
    gapc_reschedule_operation                0x07f159a5   Thumb Code     0  da14531_symbols.txt ABSOLUTE
    gapc_reschedule_conn_update              0x07f159d5   Thumb Code     0  da14531_symbols.txt ABSOLUTE
    gapc_get_enc_keysize                     0x07f159fb   Thumb Code     0  da14531_symbols.txt ABSOLUTE
    gapc_is_sec_set                          0x07f15a13   Thumb Code     0  da14531_symbols.txt ABSOLUTE
    gapc_set_enc_keysize                     0x07f15a9f   Thumb Code     0  da14531_symbols.txt ABSOLUTE
    gapc_link_encrypted                      0x07f15ab3   Thumb Code     0  da14531_symbols.txt ABSOLUTE
    gapc_auth_set                            0x07f15acd   Thumb Code     0  da14531_symbols.txt ABSOLUTE
    gapc_svc_chg_ccc_get                     0x07f15aed   Thumb Code     0  da14531_symbols.txt ABSOLUTE
    gapc_svc_chg_ccc_set                     0x07f15afd   Thumb Code     0  da14531_symbols.txt ABSOLUTE
    gapc_check_lecb_sec_perm                 0x07f15b13   Thumb Code     0  da14531_symbols.txt ABSOLUTE
    gapc_search_lecb_channel                 0x07f15b7b   Thumb Code     0  da14531_symbols.txt ABSOLUTE
    gapc_lecnx_check_tx                      0x07f15bb5   Thumb Code     0  da14531_symbols.txt ABSOLUTE
    gapc_lecnx_check_rx                      0x07f15bfd   Thumb Code     0  da14531_symbols.txt ABSOLUTE
    gapc_lecnx_get_field                     0x07f15c41   Thumb Code     0  da14531_symbols.txt ABSOLUTE
    gapc_process_op                          0x07f15cb5   Thumb Code     0  da14531_symbols.txt ABSOLUTE
    gapc_param_update_sanity                 0x07f15e2f   Thumb Code     0  da14531_symbols.txt ABSOLUTE
    gapc_param_cb_con_sanity                 0x07f15e57   Thumb Code     0  da14531_symbols.txt ABSOLUTE
    gapc_param_update_cmd_handler            0x07f161d3   Thumb Code     0  da14531_symbols.txt ABSOLUTE
    l2cc_pdu_recv_ind_handler_func           0x07f16323   Thumb Code     0  da14531_symbols.txt ABSOLUTE
    gapc_lecb_connect_cfm_handler_func       0x07f172eb   Thumb Code     0  da14531_symbols.txt ABSOLUTE
    gapm_init                                0x07f176c7   Thumb Code     0  da14531_symbols.txt ABSOLUTE
    gapm_init_attr                           0x07f17723   Thumb Code     0  da14531_symbols.txt ABSOLUTE
    gapm_get_operation                       0x07f1774f   Thumb Code     0  da14531_symbols.txt ABSOLUTE
    gapm_get_requester                       0x07f17761   Thumb Code     0  da14531_symbols.txt ABSOLUTE
    gapm_reschedule_operation                0x07f17779   Thumb Code     0  da14531_symbols.txt ABSOLUTE
    gapm_send_complete_evt                   0x07f1779b   Thumb Code     0  da14531_symbols.txt ABSOLUTE
    gapm_send_error_evt                      0x07f177d1   Thumb Code     0  da14531_symbols.txt ABSOLUTE
    gapm_con_create                          0x07f177f1   Thumb Code     0  da14531_symbols.txt ABSOLUTE
    gapm_con_enable                          0x07f17875   Thumb Code     0  da14531_symbols.txt ABSOLUTE
    gapm_con_cleanup                         0x07f17881   Thumb Code     0  da14531_symbols.txt ABSOLUTE
    gapm_get_id_from_task                    0x07f178b1   Thumb Code     0  da14531_symbols.txt ABSOLUTE
    gapm_get_task_from_id                    0x07f178f1   Thumb Code     0  da14531_symbols.txt ABSOLUTE
    gapm_is_disc_connection                  0x07f1792d   Thumb Code     0  da14531_symbols.txt ABSOLUTE
    gapm_adv_sanity                          0x07f18779   Thumb Code     0  da14531_symbols.txt ABSOLUTE
    gapm_adv_op_sanity                       0x07f1886d   Thumb Code     0  da14531_symbols.txt ABSOLUTE
    gapm_set_adv_mode                        0x07f189f3   Thumb Code     0  da14531_symbols.txt ABSOLUTE
    gapm_set_adv_data                        0x07f18a0d   Thumb Code     0  da14531_symbols.txt ABSOLUTE
    gapm_execute_adv_op                      0x07f18a9d   Thumb Code     0  da14531_symbols.txt ABSOLUTE
    gapm_scan_op_sanity                      0x07f18bc3   Thumb Code     0  da14531_symbols.txt ABSOLUTE
    gapm_set_scan_mode                       0x07f18ccb   Thumb Code     0  da14531_symbols.txt ABSOLUTE
    gapm_execute_scan_op                     0x07f18ce9   Thumb Code     0  da14531_symbols.txt ABSOLUTE
    gapm_connect_op_sanity                   0x07f18da3   Thumb Code     0  da14531_symbols.txt ABSOLUTE
    gapm_basic_hci_cmd_send                  0x07f18f23   Thumb Code     0  da14531_symbols.txt ABSOLUTE
    gapm_execute_connect_op                  0x07f18f37   Thumb Code     0  da14531_symbols.txt ABSOLUTE
    gapm_get_role                            0x07f190d9   Thumb Code     0  da14531_symbols.txt ABSOLUTE
    gapm_get_ad_type_flag                    0x07f190e1   Thumb Code     0  da14531_symbols.txt ABSOLUTE
    gapm_add_to_filter                       0x07f19107   Thumb Code     0  da14531_symbols.txt ABSOLUTE
    gapm_is_filtered                         0x07f19187   Thumb Code     0  da14531_symbols.txt ABSOLUTE
    gapm_update_air_op_state                 0x07f191eb   Thumb Code     0  da14531_symbols.txt ABSOLUTE
    gapm_get_irk                             0x07f192b3   Thumb Code     0  da14531_symbols.txt ABSOLUTE
    gapm_get_bdaddr                          0x07f192b9   Thumb Code     0  da14531_symbols.txt ABSOLUTE
    l2cc_pdu_pack_func                       0x07f192d5   Thumb Code     0  da14531_symbols.txt ABSOLUTE
    l2cc_detect_dest                         0x07f197d1   Thumb Code     0  da14531_symbols.txt ABSOLUTE
    l2cc_handle_invalid_pdu                  0x07f1982d   Thumb Code     0  da14531_symbols.txt ABSOLUTE
    l2cc_pdu_unpack_func                     0x07f19943   Thumb Code     0  da14531_symbols.txt ABSOLUTE
    l2c_process_sdu_func                     0x07f19c5f   Thumb Code     0  da14531_symbols.txt ABSOLUTE
    l2c_send_lecb_message_func               0x07f19d5f   Thumb Code     0  da14531_symbols.txt ABSOLUTE
    smpc_check_param_func                    0x07f19e59   Thumb Code     0  da14531_symbols.txt ABSOLUTE
    smpc_recv_pair_rand_pdu                  0x07f1a1e3   Thumb Code     0  da14531_symbols.txt ABSOLUTE
    smpc_recv_public_key_exchange_pdu        0x07f1a44f   Thumb Code     0  da14531_symbols.txt ABSOLUTE
    gapc_hci_handler                         0x07f1aacd   Thumb Code     0  da14531_symbols.txt ABSOLUTE
    gapm_hci_handler                         0x07f1b745   Thumb Code     0  da14531_symbols.txt ABSOLUTE
    smpc_pairing_start                       0x07f1b7b1   Thumb Code     0  da14531_symbols.txt ABSOLUTE
    smpc_pairing_tk_exch                     0x07f1b837   Thumb Code     0  da14531_symbols.txt ABSOLUTE
    smpc_pairing_ltk_exch                    0x07f1b8f5   Thumb Code     0  da14531_symbols.txt ABSOLUTE
    smpc_pairing_csrk_exch                   0x07f1b949   Thumb Code     0  da14531_symbols.txt ABSOLUTE
    smpc_pairing_rsp                         0x07f1b99f   Thumb Code     0  da14531_symbols.txt ABSOLUTE
    smpc_pairing_req_handler                 0x07f1ba83   Thumb Code     0  da14531_symbols.txt ABSOLUTE
    smpc_security_req_send                   0x07f1babb   Thumb Code     0  da14531_symbols.txt ABSOLUTE
    smpc_encrypt_start                       0x07f1bae5   Thumb Code     0  da14531_symbols.txt ABSOLUTE
    smpc_encrypt_start_handler               0x07f1bb0b   Thumb Code     0  da14531_symbols.txt ABSOLUTE
    smpc_encrypt_cfm                         0x07f1bb3d   Thumb Code     0  da14531_symbols.txt ABSOLUTE
    smpc_sign_command                        0x07f1bb69   Thumb Code     0  da14531_symbols.txt ABSOLUTE
    smpc_sign_cont                           0x07f1bc41   Thumb Code     0  da14531_symbols.txt ABSOLUTE
    smpc_calc_confirm_cont                   0x07f1bdeb   Thumb Code     0  da14531_symbols.txt ABSOLUTE
    smpc_confirm_gen_rand                    0x07f1c32d   Thumb Code     0  da14531_symbols.txt ABSOLUTE
    smpc_public_key_exchange_start_func      0x07f1c3f3   Thumb Code     0  da14531_symbols.txt ABSOLUTE
    smpc_dhkey_calc_start                    0x07f1c417   Thumb Code     0  da14531_symbols.txt ABSOLUTE
    smpc_sec_authentication_start            0x07f1c447   Thumb Code     0  da14531_symbols.txt ABSOLUTE
    smpc_dhkey_calc_ind_func                 0x07f1c475   Thumb Code     0  da14531_symbols.txt ABSOLUTE
    smpm_gen_rand_addr                       0x07f1c4b9   Thumb Code     0  da14531_symbols.txt ABSOLUTE
    smpm_resolv_addr                         0x07f1c4d1   Thumb Code     0  da14531_symbols.txt ABSOLUTE
    smpm_use_enc_block                       0x07f1c4f3   Thumb Code     0  da14531_symbols.txt ABSOLUTE
    smpm_gen_rand_nb                         0x07f1c4fb   Thumb Code     0  da14531_symbols.txt ABSOLUTE
    smpm_ecdh_key_create_func                0x07f1c503   Thumb Code     0  da14531_symbols.txt ABSOLUTE
    ke_init                                  0x07f1c521   Thumb Code     0  da14531_symbols.txt ABSOLUTE
    ke_flush                                 0x07f1c553   Thumb Code     0  da14531_symbols.txt ABSOLUTE
    ke_sleep_check                           0x07f1c593   Thumb Code     0  da14531_symbols.txt ABSOLUTE
    ke_stats_get                             0x07f1c5a5   Thumb Code     0  da14531_symbols.txt ABSOLUTE
    ke_event_init                            0x07f1c5c1   Thumb Code     0  da14531_symbols.txt ABSOLUTE
    ke_event_callback_set                    0x07f1c5cd   Thumb Code     0  da14531_symbols.txt ABSOLUTE
    ke_event_set                             0x07f1c5e1   Thumb Code     0  da14531_symbols.txt ABSOLUTE
    ke_event_clear                           0x07f1c60d   Thumb Code     0  da14531_symbols.txt ABSOLUTE
    ke_event_get                             0x07f1c639   Thumb Code     0  da14531_symbols.txt ABSOLUTE
    ke_event_get_all                         0x07f1c65f   Thumb Code     0  da14531_symbols.txt ABSOLUTE
    ke_event_flush                           0x07f1c665   Thumb Code     0  da14531_symbols.txt ABSOLUTE
    ke_event_schedule                        0x07f1c66d   Thumb Code     0  da14531_symbols.txt ABSOLUTE
    ke_mem_init                              0x07f1c6bd   Thumb Code     0  da14531_symbols.txt ABSOLUTE
    ke_mem_is_empty                          0x07f1c709   Thumb Code     0  da14531_symbols.txt ABSOLUTE
    ke_check_malloc                          0x07f1c749   Thumb Code     0  da14531_symbols.txt ABSOLUTE
    ke_malloc                                0x07f1c7d9   Thumb Code     0  da14531_symbols.txt ABSOLUTE
    ke_free                                  0x07f1c8cf   Thumb Code     0  da14531_symbols.txt ABSOLUTE
    ke_is_free                               0x07f1c9b1   Thumb Code     0  da14531_symbols.txt ABSOLUTE
    ke_get_mem_usage                         0x07f1c9c3   Thumb Code     0  da14531_symbols.txt ABSOLUTE
    ke_get_max_mem_usage                     0x07f1c9cf   Thumb Code     0  da14531_symbols.txt ABSOLUTE
    ke_msg_alloc                             0x07f1c9f5   Thumb Code     0  da14531_symbols.txt ABSOLUTE
    ke_msg_send                              0x07f1ca2b   Thumb Code     0  da14531_symbols.txt ABSOLUTE
    ke_msg_send_basic                        0x07f1ca57   Thumb Code     0  da14531_symbols.txt ABSOLUTE
    ke_msg_forward                           0x07f1ca65   Thumb Code     0  da14531_symbols.txt ABSOLUTE
    ke_msg_forward_new_id                    0x07f1ca6f   Thumb Code     0  da14531_symbols.txt ABSOLUTE
    ke_msg_free                              0x07f1ca7f   Thumb Code     0  da14531_symbols.txt ABSOLUTE
    ke_msg_dest_id_get                       0x07f1ca87   Thumb Code     0  da14531_symbols.txt ABSOLUTE
    ke_msg_src_id_get                        0x07f1ca8d   Thumb Code     0  da14531_symbols.txt ABSOLUTE
    ke_msg_in_queue                          0x07f1ca93   Thumb Code     0  da14531_symbols.txt ABSOLUTE
    ke_queue_extract                         0x07f1caa5   Thumb Code     0  da14531_symbols.txt ABSOLUTE
    ke_queue_insert                          0x07f1caf5   Thumb Code     0  da14531_symbols.txt ABSOLUTE
    ke_task_init_func                        0x07f1cddf   Thumb Code     0  da14531_symbols.txt ABSOLUTE
    ke_task_create                           0x07f1cdf3   Thumb Code     0  da14531_symbols.txt ABSOLUTE
    ke_task_delete                           0x07f1ce2b   Thumb Code     0  da14531_symbols.txt ABSOLUTE
    ke_state_set                             0x07f1ce57   Thumb Code     0  da14531_symbols.txt ABSOLUTE
    ke_state_get                             0x07f1ce81   Thumb Code     0  da14531_symbols.txt ABSOLUTE
    ke_msg_discard                           0x07f1ce9f   Thumb Code     0  da14531_symbols.txt ABSOLUTE
    ke_msg_save                              0x07f1cea3   Thumb Code     0  da14531_symbols.txt ABSOLUTE
    ke_task_msg_flush                        0x07f1cea7   Thumb Code     0  da14531_symbols.txt ABSOLUTE
    ke_timer_init_func                       0x07f1d067   Thumb Code     0  da14531_symbols.txt ABSOLUTE
    ke_timer_set                             0x07f1d073   Thumb Code     0  da14531_symbols.txt ABSOLUTE
    ke_timer_clear                           0x07f1d107   Thumb Code     0  da14531_symbols.txt ABSOLUTE
    ke_timer_active                          0x07f1d15d   Thumb Code     0  da14531_symbols.txt ABSOLUTE
    ke_timer_sleep_check                     0x07f1d183   Thumb Code     0  da14531_symbols.txt ABSOLUTE
    rwble_hl_init                            0x07f1d289   Thumb Code     0  da14531_symbols.txt ABSOLUTE
    rwble_hl_reset                           0x07f1d2ab   Thumb Code     0  da14531_symbols.txt ABSOLUTE
    rwble_hl_send_message                    0x07f1d2cd   Thumb Code     0  da14531_symbols.txt ABSOLUTE
    rwip_check_wakeup_boundary               0x07f1d2d1   Thumb Code     0  da14531_symbols.txt ABSOLUTE
    rwip_init                                0x07f1d2f7   Thumb Code     0  da14531_symbols.txt ABSOLUTE
    rwip_reset                               0x07f1d3bb   Thumb Code     0  da14531_symbols.txt ABSOLUTE
    rwip_version                             0x07f1d3f3   Thumb Code     0  da14531_symbols.txt ABSOLUTE
    rwip_schedule                            0x07f1d3fb   Thumb Code     0  da14531_symbols.txt ABSOLUTE
    rwip_prevent_sleep_set                   0x07f1d4a7   Thumb Code     0  da14531_symbols.txt ABSOLUTE
    rwip_wakeup                              0x07f1d4c9   Thumb Code     0  da14531_symbols.txt ABSOLUTE
    rwip_prevent_sleep_clear                 0x07f1d4df   Thumb Code     0  da14531_symbols.txt ABSOLUTE
    rwip_wakeup_end                          0x07f1d501   Thumb Code     0  da14531_symbols.txt ABSOLUTE
    rwip_wakeup_delay_set                    0x07f1d51d   Thumb Code     0  da14531_symbols.txt ABSOLUTE
    rwip_sleep_enable                        0x07f1d52b   Thumb Code     0  da14531_symbols.txt ABSOLUTE
    rwip_ext_wakeup_enable                   0x07f1d531   Thumb Code     0  da14531_symbols.txt ABSOLUTE
    rwble_init                               0x07f1d555   Thumb Code     0  da14531_symbols.txt ABSOLUTE
    rwble_reset                              0x07f1d5bb   Thumb Code     0  da14531_symbols.txt ABSOLUTE
    rwble_version                            0x07f1d5ef   Thumb Code     0  da14531_symbols.txt ABSOLUTE
    rwble_send_message                       0x07f1d61b   Thumb Code     0  da14531_symbols.txt ABSOLUTE
    YieldToScheduler                         0x07f1d725   Thumb Code     0  da14531_symbols.txt ABSOLUTE
    xorshift64star                           0x07f1d72d   Thumb Code     0  da14531_symbols.txt ABSOLUTE
    uECC_set_rng                             0x07f1d793   Thumb Code     0  da14531_symbols.txt ABSOLUTE
    uECC_get_rng                             0x07f1d799   Thumb Code     0  da14531_symbols.txt ABSOLUTE
    uECC_curve_private_key_size              0x07f1d79f   Thumb Code     0  da14531_symbols.txt ABSOLUTE
    uECC_curve_public_key_size               0x07f1d7af   Thumb Code     0  da14531_symbols.txt ABSOLUTE
    uECC_vli_clear                           0x07f1d7b7   Thumb Code     0  da14531_symbols.txt ABSOLUTE
    uECC_vli_isZero                          0x07f1d7cd   Thumb Code     0  da14531_symbols.txt ABSOLUTE
    uECC_vli_testBit                         0x07f1d7ef   Thumb Code     0  da14531_symbols.txt ABSOLUTE
    uECC_vli_numBits                         0x07f1d801   Thumb Code     0  da14531_symbols.txt ABSOLUTE
    uECC_vli_set                             0x07f1d83b   Thumb Code     0  da14531_symbols.txt ABSOLUTE
    uECC_vli_equal                           0x07f1d879   Thumb Code     0  da14531_symbols.txt ABSOLUTE
    uECC_vli_cmp                             0x07f1d89d   Thumb Code     0  da14531_symbols.txt ABSOLUTE
    uECC_vli_rshift1                         0x07f1d8d3   Thumb Code     0  da14531_symbols.txt ABSOLUTE
    uECC_vli_square                          0x07f1d8f1   Thumb Code     0  da14531_symbols.txt ABSOLUTE
    uECC_vli_modAdd                          0x07f1d8fd   Thumb Code     0  da14531_symbols.txt ABSOLUTE
    uECC_vli_modSub                          0x07f1d92b   Thumb Code     0  da14531_symbols.txt ABSOLUTE
    uECC_vli_mmod                            0x07f1d94b   Thumb Code     0  da14531_symbols.txt ABSOLUTE
    uECC_vli_modMult                         0x07f1da55   Thumb Code     0  da14531_symbols.txt ABSOLUTE
    uECC_vli_modMult_fast                    0x07f1da77   Thumb Code     0  da14531_symbols.txt ABSOLUTE
    uECC_vli_modSquare                       0x07f1da97   Thumb Code     0  da14531_symbols.txt ABSOLUTE
    uECC_vli_modSquare_fast                  0x07f1daa5   Thumb Code     0  da14531_symbols.txt ABSOLUTE
    uECC_vli_modInv                          0x07f1dae5   Thumb Code     0  da14531_symbols.txt ABSOLUTE
    uECC_secp256r1                           0x07f1de21   Thumb Code     0  da14531_symbols.txt ABSOLUTE
    uECC_vli_nativeToBytes                   0x07f1e41f   Thumb Code     0  da14531_symbols.txt ABSOLUTE
    uECC_vli_bytesToNative                   0x07f1e441   Thumb Code     0  da14531_symbols.txt ABSOLUTE
    uECC_generate_random_int                 0x07f1e47f   Thumb Code     0  da14531_symbols.txt ABSOLUTE
    uECC_make_key                            0x07f1e4e1   Thumb Code     0  da14531_symbols.txt ABSOLUTE
    uECC_shared_secret                       0x07f1e55f   Thumb Code     0  da14531_symbols.txt ABSOLUTE
    uECC_compress                            0x07f1e61b   Thumb Code     0  da14531_symbols.txt ABSOLUTE
    uECC_decompress                          0x07f1e649   Thumb Code     0  da14531_symbols.txt ABSOLUTE
    uECC_valid_point                         0x07f1e6b9   Thumb Code     0  da14531_symbols.txt ABSOLUTE
    uECC_valid_public_key                    0x07f1e71b   Thumb Code     0  da14531_symbols.txt ABSOLUTE
    uECC_compute_public_key                  0x07f1e74f   Thumb Code     0  da14531_symbols.txt ABSOLUTE
    uECC_sign                                0x07f1e9d5   Thumb Code     0  da14531_symbols.txt ABSOLUTE
    uECC_sign_deterministic                  0x07f1eabb   Thumb Code     0  da14531_symbols.txt ABSOLUTE
    uECC_verify                              0x07f1ec29   Thumb Code     0  da14531_symbols.txt ABSOLUTE
    uECC_curve_num_words                     0x07f1eed5   Thumb Code     0  da14531_symbols.txt ABSOLUTE
    uECC_curve_num_bytes                     0x07f1eedd   Thumb Code     0  da14531_symbols.txt ABSOLUTE
    uECC_curve_num_bits                      0x07f1eee5   Thumb Code     0  da14531_symbols.txt ABSOLUTE
    uECC_curve_num_n_words                   0x07f1eeed   Thumb Code     0  da14531_symbols.txt ABSOLUTE
    uECC_curve_num_n_bytes                   0x07f1eefd   Thumb Code     0  da14531_symbols.txt ABSOLUTE
    uECC_curve_num_n_bits                    0x07f1ef0d   Thumb Code     0  da14531_symbols.txt ABSOLUTE
    uECC_curve_p                             0x07f1ef15   Thumb Code     0  da14531_symbols.txt ABSOLUTE
    uECC_curve_n                             0x07f1ef19   Thumb Code     0  da14531_symbols.txt ABSOLUTE
    uECC_curve_G                             0x07f1ef1d   Thumb Code     0  da14531_symbols.txt ABSOLUTE
    uECC_curve_b                             0x07f1ef21   Thumb Code     0  da14531_symbols.txt ABSOLUTE
    uECC_vli_mod_sqrt                        0x07f1ef25   Thumb Code     0  da14531_symbols.txt ABSOLUTE
    uECC_vli_mmod_fast                       0x07f1ef2b   Thumb Code     0  da14531_symbols.txt ABSOLUTE
    uECC_point_mult                          0x07f1ef31   Thumb Code     0  da14531_symbols.txt ABSOLUTE
    __aeabi_uidiv                            0x07f1f005   Thumb Code     0  da14531_symbols.txt ABSOLUTE
    __aeabi_uidivmod                         0x07f1f005   Thumb Code     0  da14531_symbols.txt ABSOLUTE
    __aeabi_idiv                             0x07f1f031   Thumb Code     0  da14531_symbols.txt ABSOLUTE
    __aeabi_idivmod                          0x07f1f031   Thumb Code     0  da14531_symbols.txt ABSOLUTE
    __aeabi_lmul                             0x07f1f059   Thumb Code     0  da14531_symbols.txt ABSOLUTE
    _ll_mul                                  0x07f1f059   Thumb Code     0  da14531_symbols.txt ABSOLUTE
    rand                                     0x07f1f0d5   Thumb Code     0  da14531_symbols.txt ABSOLUTE
    srand                                    0x07f1f0e7   Thumb Code     0  da14531_symbols.txt ABSOLUTE
    __aeabi_memcpy                           0x07f1f0f9   Thumb Code     0  da14531_symbols.txt ABSOLUTE
    __aeabi_memcpy4                          0x07f1f0f9   Thumb Code     0  da14531_symbols.txt ABSOLUTE
    __aeabi_memcpy8                          0x07f1f0f9   Thumb Code     0  da14531_symbols.txt ABSOLUTE
    __aeabi_memset                           0x07f1f11d   Thumb Code     0  da14531_symbols.txt ABSOLUTE
    __aeabi_memset4                          0x07f1f11d   Thumb Code     0  da14531_symbols.txt ABSOLUTE
    __aeabi_memset8                          0x07f1f11d   Thumb Code     0  da14531_symbols.txt ABSOLUTE
    __aeabi_memclr                           0x07f1f12b   Thumb Code     0  da14531_symbols.txt ABSOLUTE
    __aeabi_memclr4                          0x07f1f12b   Thumb Code     0  da14531_symbols.txt ABSOLUTE
    __aeabi_memclr8                          0x07f1f12b   Thumb Code     0  da14531_symbols.txt ABSOLUTE
    _memset$wrapper                          0x07f1f12f   Thumb Code     0  da14531_symbols.txt ABSOLUTE
    memcmp                                   0x07f1f141   Thumb Code     0  da14531_symbols.txt ABSOLUTE
    __aeabi_uread4                           0x07f1f15b   Thumb Code     0  da14531_symbols.txt ABSOLUTE
    __rt_uread4                              0x07f1f15b   Thumb Code     0  da14531_symbols.txt ABSOLUTE
    _uread4                                  0x07f1f15b   Thumb Code     0  da14531_symbols.txt ABSOLUTE
    __aeabi_uwrite4                          0x07f1f16f   Thumb Code     0  da14531_symbols.txt ABSOLUTE
    __rt_uwrite4                             0x07f1f16f   Thumb Code     0  da14531_symbols.txt ABSOLUTE
    _uwrite4                                 0x07f1f16f   Thumb Code     0  da14531_symbols.txt ABSOLUTE
    __aeabi_llsl                             0x07f1f181   Thumb Code     0  da14531_symbols.txt ABSOLUTE
    _ll_shift_l                              0x07f1f181   Thumb Code     0  da14531_symbols.txt ABSOLUTE
    __ARM_common_switch8                     0x07f1f1a1   Thumb Code     0  da14531_symbols.txt ABSOLUTE
    uart_api                                 0x07f1f1bc   Data           0  da14531_symbols.txt ABSOLUTE
    co_sca2ppm                               0x07f1f1cc   Data           0  da14531_symbols.txt ABSOLUTE
    co_null_bdaddr                           0x07f1f1dc   Data           0  da14531_symbols.txt ABSOLUTE
    co_default_bdaddr                        0x07f1f1e2   Data           0  da14531_symbols.txt ABSOLUTE
    llc_state_handler                        0x07f1f468   Data           0  da14531_symbols.txt ABSOLUTE
    llc_default_handler                      0x07f1f538   Data           0  da14531_symbols.txt ABSOLUTE
    llm_dflt_bdaddr                          0x07f1f550   Data           0  da14531_symbols.txt ABSOLUTE
    llm_debug_private_key                    0x07f1f556   Data           0  da14531_symbols.txt ABSOLUTE
    llm_local_le_states                      0x07f1f588   Data           0  da14531_symbols.txt ABSOLUTE
    llm_state_handler                        0x07f1f770   Data           0  da14531_symbols.txt ABSOLUTE
    llm_default_handler                      0x07f1f7a0   Data           0  da14531_symbols.txt ABSOLUTE
    LLM_AA_CT1                               0x07f1f7a8   Data           0  da14531_symbols.txt ABSOLUTE
    LLM_AA_CT2                               0x07f1f7ab   Data           0  da14531_symbols.txt ABSOLUTE
    ecc_p256_G                               0x07f1f7ad   Data           0  da14531_symbols.txt ABSOLUTE
    gtl_default_state                        0x07f1f800   Data           0  da14531_symbols.txt ABSOLUTE
    gtl_default_handler                      0x07f1f808   Data           0  da14531_symbols.txt ABSOLUTE
    hci_cmd_desc_tab_lk_ctrl                 0x07f1f814   Data           0  da14531_symbols.txt ABSOLUTE
    hci_cmd_desc_tab_ctrl_bb                 0x07f1f838   Data           0  da14531_symbols.txt ABSOLUTE
    hci_cmd_desc_tab_info_par                0x07f1f8b0   Data           0  da14531_symbols.txt ABSOLUTE
    hci_cmd_desc_tab_stat_par                0x07f1f8e0   Data           0  da14531_symbols.txt ABSOLUTE
    hci_cmd_desc_tab_le                      0x07f1f8ec   Data           0  da14531_symbols.txt ABSOLUTE
    hci_cmd_desc_tab_vs                      0x07f1fb38   Data           0  da14531_symbols.txt ABSOLUTE
    rom_hci_cmd_desc_root_tab                0x07f1fc7c   Data           0  da14531_symbols.txt ABSOLUTE
    hci_evt_desc_tab                         0x07f1fcac   Data           0  da14531_symbols.txt ABSOLUTE
    hci_evt_le_desc_tab                      0x07f1fcf4   Data           0  da14531_symbols.txt ABSOLUTE
    attc_handlers                            0x07f1fd64   Data           0  da14531_symbols.txt ABSOLUTE
    atts_handlers                            0x07f1fdd4   Data           0  da14531_symbols.txt ABSOLUTE
    gattc_default_state                      0x07f1fe54   Data           0  da14531_symbols.txt ABSOLUTE
    gattc_default_handler                    0x07f1ff34   Data           0  da14531_symbols.txt ABSOLUTE
    gattm_default_state                      0x07f1ff80   Data           0  da14531_symbols.txt ABSOLUTE
    gattm_default_handler                    0x07f1ffd8   Data           0  da14531_symbols.txt ABSOLUTE
    l2cc_default_state                       0x07f1fff0   Data           0  da14531_symbols.txt ABSOLUTE
    l2cc_default_handler                     0x07f20008   Data           0  da14531_symbols.txt ABSOLUTE
    const_Rb                                 0x07f20029   Data           0  da14531_symbols.txt ABSOLUTE
    const_Zero                               0x07f20039   Data           0  da14531_symbols.txt ABSOLUTE
    gapc_default_state                       0x07f2005c   Data           0  da14531_symbols.txt ABSOLUTE
    gapc_default_handler                     0x07f201ac   Data           0  da14531_symbols.txt ABSOLUTE
    gapm_default_state                       0x07f20248   Data           0  da14531_symbols.txt ABSOLUTE
    gapm_default_handler                     0x07f20330   Data           0  da14531_symbols.txt ABSOLUTE
    l2cc_connor_pkt_format                   0x07f20338   Data           0  da14531_symbols.txt ABSOLUTE
    l2cc_signaling_pkt_format                0x07f20340   Data           0  da14531_symbols.txt ABSOLUTE
    l2cc_security_pkt_format                 0x07f2039c   Data           0  da14531_symbols.txt ABSOLUTE
    l2cc_attribute_pkt_format                0x07f203d8   Data           0  da14531_symbols.txt ABSOLUTE
    smpc_construct_pdu                       0x07f20454   Data           0  da14531_symbols.txt ABSOLUTE
    arch_printf_flush                        0x07f20be5   Thumb Code     0  da14531_symbols.txt ABSOLUTE
    arch_vprintf                             0x07f20c9d   Thumb Code     0  da14531_symbols.txt ABSOLUTE
    arch_printf                              0x07f20cfd   Thumb Code     0  da14531_symbols.txt ABSOLUTE
    arch_puts                                0x07f20d11   Thumb Code     0  da14531_symbols.txt ABSOLUTE
    arch_printf_process                      0x07f20d21   Thumb Code     0  da14531_symbols.txt ABSOLUTE
    nvds_get_func                            0x07f20dcd   Thumb Code     0  da14531_symbols.txt ABSOLUTE
    nvds_init_func                           0x07f20ea9   Thumb Code     0  da14531_symbols.txt ABSOLUTE
    nvds_del_func                            0x07f20ead   Thumb Code     0  da14531_symbols.txt ABSOLUTE
    nvds_put_func                            0x07f20eb1   Thumb Code     0  da14531_symbols.txt ABSOLUTE
    csprng_seed                              0x07f20f49   Thumb Code     0  da14531_symbols.txt ABSOLUTE
    csprng_get_next_uint32                   0x07f20f79   Thumb Code     0  da14531_symbols.txt ABSOLUTE
    trng_acquire                             0x07f21021   Thumb Code     0  da14531_symbols.txt ABSOLUTE
    prf_add_profile_func                     0x07f210d1   Thumb Code     0  da14531_symbols.txt ABSOLUTE
    prf_cleanup_func                         0x07f211b1   Thumb Code     0  da14531_symbols.txt ABSOLUTE
    prf_env_get                              0x07f211f1   Thumb Code     0  da14531_symbols.txt ABSOLUTE
    prf_src_task_get                         0x07f2121d   Thumb Code     0  da14531_symbols.txt ABSOLUTE
    prf_dst_task_get                         0x07f2122d   Thumb Code     0  da14531_symbols.txt ABSOLUTE
    prf_get_id_from_task_func                0x07f21241   Thumb Code     0  da14531_symbols.txt ABSOLUTE
    prf_get_task_from_id_func                0x07f21279   Thumb Code     0  da14531_symbols.txt ABSOLUTE
    prf_reset_func                           0x07f212b1   Thumb Code     0  da14531_symbols.txt ABSOLUTE
    prf_itf_get                              0x07f212fd   Thumb Code     0  da14531_symbols.txt ABSOLUTE
    prf_pack_char_pres_fmt                   0x07f21321   Thumb Code     0  da14531_symbols.txt ABSOLUTE
    prf_pack_date_time                       0x07f2133f   Thumb Code     0  da14531_symbols.txt ABSOLUTE
    prf_unpack_date_time                     0x07f2135f   Thumb Code     0  da14531_symbols.txt ABSOLUTE
    diss_compute_cfg_flag                    0x07f21381   Thumb Code     0  da14531_symbols.txt ABSOLUTE
    diss_handle_to_value                     0x07f21453   Thumb Code     0  da14531_symbols.txt ABSOLUTE
    diss_value_to_handle                     0x07f21483   Thumb Code     0  da14531_symbols.txt ABSOLUTE
    diss_check_val_len                       0x07f214b7   Thumb Code     0  da14531_symbols.txt ABSOLUTE
    diss_prf_itf_get                         0x07f214ed   Thumb Code     0  da14531_symbols.txt ABSOLUTE
    bass_get_att_handle                      0x07f2184b   Thumb Code     0  da14531_symbols.txt ABSOLUTE
    bass_get_att_idx                         0x07f21901   Thumb Code     0  da14531_symbols.txt ABSOLUTE
    bass_exe_operation                       0x07f2196b   Thumb Code     0  da14531_symbols.txt ABSOLUTE
    bass_prf_itf_get                         0x07f21a6d   Thumb Code     0  da14531_symbols.txt ABSOLUTE
    suotar_prf_itf_get                       0x07f22059   Thumb Code     0  da14531_symbols.txt ABSOLUTE
    check_client_char_cfg                    0x07f22355   Thumb Code     0  da14531_symbols.txt ABSOLUTE
    get_value_handle                         0x07f2237f   Thumb Code     0  da14531_symbols.txt ABSOLUTE
    get_cfg_handle                           0x07f223cb   Thumb Code     0  da14531_symbols.txt ABSOLUTE
    custs1_get_att_handle                    0x07f2242d   Thumb Code     0  da14531_symbols.txt ABSOLUTE
    custs1_get_att_idx                       0x07f22449   Thumb Code     0  da14531_symbols.txt ABSOLUTE
    custs1_prf_itf_get                       0x07f22621   Thumb Code     0  da14531_symbols.txt ABSOLUTE
    custs1_init_ccc_values                   0x07f226d3   Thumb Code     0  da14531_symbols.txt ABSOLUTE
    custs1_set_ccc_value                     0x07f2270b   Thumb Code     0  da14531_symbols.txt ABSOLUTE
    gattc_cmp_evt_handler                    0x07f22823   Thumb Code     0  da14531_symbols.txt ABSOLUTE
    custs1_val_set_req_handler               0x07f22837   Thumb Code     0  da14531_symbols.txt ABSOLUTE
    custs1_val_ntf_req_handler               0x07f22857   Thumb Code     0  da14531_symbols.txt ABSOLUTE
    custs1_val_ind_req_handler               0x07f228b3   Thumb Code     0  da14531_symbols.txt ABSOLUTE
    custs1_att_info_rsp_handler              0x07f2290f   Thumb Code     0  da14531_symbols.txt ABSOLUTE
    gattc_read_req_ind_handler               0x07f2294b   Thumb Code     0  da14531_symbols.txt ABSOLUTE
    gattc_att_info_req_ind_handler           0x07f22b57   Thumb Code     0  da14531_symbols.txt ABSOLUTE
    attm_svc_create_db_128                   0x07f22c19   Thumb Code     0  da14531_symbols.txt ABSOLUTE
    gapm_adv_report_ind_handler_ROM          0x07f23085   Thumb Code     0  da14531_symbols.txt ABSOLUTE
    gapc_security_ind_handler_ROM            0x07f2309f   Thumb Code     0  da14531_symbols.txt ABSOLUTE
    gapc_set_dev_info_req_ind_handler_ROM    0x07f23185   Thumb Code     0  da14531_symbols.txt ABSOLUTE
    gapm_profile_added_ind_handler_ROM       0x07f231c7   Thumb Code     0  da14531_symbols.txt ABSOLUTE
    gapc_param_update_req_ind_handler_ROM    0x07f231f9   Thumb Code     0  da14531_symbols.txt ABSOLUTE
    gapc_le_pkt_size_ind_handler_ROM         0x07f23239   Thumb Code     0  da14531_symbols.txt ABSOLUTE
    gattc_svc_changed_cfg_ind_handler_ROM    0x07f23253   Thumb Code     0  da14531_symbols.txt ABSOLUTE
    gapc_peer_features_ind_handler_ROM       0x07f2326f   Thumb Code     0  da14531_symbols.txt ABSOLUTE
    app_entry_point_handler                  0x07f232a9   Thumb Code     0  da14531_symbols.txt ABSOLUTE
    app_std_process_event                    0x07f232f1   Thumb Code     0  da14531_symbols.txt ABSOLUTE
    app_get_address_type_ROM                 0x07f23335   Thumb Code     0  da14531_symbols.txt ABSOLUTE
    app_fill_random_byte_array_ROM           0x07f23361   Thumb Code     0  da14531_symbols.txt ABSOLUTE
    __aeabi_ldivmod                          0x07f233f3   Thumb Code     0  da14531_symbols.txt ABSOLUTE
    __aeabi_llsr                             0x07f2343f   Thumb Code     0  da14531_symbols.txt ABSOLUTE
    _ll_ushift_r                             0x07f2343f   Thumb Code     0  da14531_symbols.txt ABSOLUTE
    __aeabi_uldivmod                         0x07f23461   Thumb Code     0  da14531_symbols.txt ABSOLUTE
    app_db_init_start                        0x07f234c1   Thumb Code     0  da14531_symbols.txt ABSOLUTE
    app_db_init                              0x07f234dd   Thumb Code     0  da14531_symbols.txt ABSOLUTE
    app_easy_gap_confirm                     0x07f234e9   Thumb Code     0  da14531_symbols.txt ABSOLUTE
    append_device_name                       0x07f23515   Thumb Code     0  da14531_symbols.txt ABSOLUTE
    app_easy_gap_update_adv_data             0x07f23539   Thumb Code     0  da14531_symbols.txt ABSOLUTE
    app_easy_gap_disconnect                  0x07f23581   Thumb Code     0  da14531_symbols.txt ABSOLUTE
    app_easy_gap_advertise_stop              0x07f235bd   Thumb Code     0  da14531_symbols.txt ABSOLUTE
    active_conidx_to_conhdl                  0x07f235d9   Thumb Code     0  da14531_symbols.txt ABSOLUTE
    active_conhdl_to_conidx                  0x07f23605   Thumb Code     0  da14531_symbols.txt ABSOLUTE
    app_timer_set                            0x07f23641   Thumb Code     0  da14531_symbols.txt ABSOLUTE
    app_easy_gap_set_data_packet_length      0x07f2365d   Thumb Code     0  da14531_symbols.txt ABSOLUTE
    get_user_prf_srv_perm                    0x07f23699   Thumb Code     0  da14531_symbols.txt ABSOLUTE
    app_set_prf_srv_perm                     0x07f236c1   Thumb Code     0  da14531_symbols.txt ABSOLUTE
    prf_init_srv_perm                        0x07f236f1   Thumb Code     0  da14531_symbols.txt ABSOLUTE
    app_gattc_svc_changed_cmd_send           0x07f23715   Thumb Code     0  da14531_symbols.txt ABSOLUTE
    blank_otp_bdaddr                         0x07f239e4   Data           0  da14531_symbols.txt ABSOLUTE
    app_default_handler                      0x07f23f58   Data           0  da14531_symbols.txt ABSOLUTE
    gap_cfg_user_var_struct                  0x07f23f60   Data           0  da14531_symbols.txt ABSOLUTE
    __Vectors                                0x07fc0000   Data         160  lto-llvm-eaf734.o(RESET)
    Image$$ER_IROM3$$Base                    0x07fc0110   Number         0  anon$$obj.o ABSOLUTE
    __main                                   0x07fc0111   Thumb Code     0  entry.o(.ARM.Collect$$$$00000000)
    _main_stk                                0x07fc0111   Thumb Code     0  entry4.o(.ARM.Collect$$$$00000003)
    _main_scatterload                        0x07fc0115   Thumb Code     0  entry5.o(.ARM.Collect$$$$00000004)
    __main_after_scatterload                 0x07fc0119   Thumb Code     0  entry5.o(.ARM.Collect$$$$00000004)
    _main_clock                              0x07fc0119   Thumb Code     0  entry7b.o(.ARM.Collect$$$$00000008)
    _main_cpp_init                           0x07fc0119   Thumb Code     0  entry8b.o(.ARM.Collect$$$$0000000A)
    _main_init                               0x07fc0119   Thumb Code     0  entry9a.o(.ARM.Collect$$$$0000000B)
    __rt_final_cpp                           0x07fc0121   Thumb Code     0  entry10a.o(.ARM.Collect$$$$0000000D)
    __rt_final_exit                          0x07fc0121   Thumb Code     0  entry11a.o(.ARM.Collect$$$$0000000F)
    JT_lld_test_mode_rx_func                 0x07fc0125   Thumb Code   142  patch_1.o(.text)
    JT_l2cc_pdu_unpack_func                  0x07fc01b3   Thumb Code   786  patch_1.o(.text)
    JT_l2cc_pdu_recv_ind_handler_func        0x07fc04c5   Thumb Code    72  patch_1.o(.text)
    PATCHED_llm_con_req_ind                  0x07fc050d   Thumb Code   814  patch_1.o(.text)
    PATCHED_smpc_recv_pair_rand_pdu          0x07fc083b   Thumb Code   272  patch_1.o(.text)
    PATCHED_smpc_recv_public_key_exchange_pdu 0x07fc094b   Thumb Code   106  patch_1.o(.text)
    PATCHED_llc_data_ind_handler             0x07fc09b5   Thumb Code   176  patch_1.o(.text)
    lld_drop_packet_fix                      0x07fc0a65   Thumb Code    64  patch_1.o(.text)
    PATCHED_lld_data_ind_handler             0x07fc0aa5   Thumb Code    58  patch_1.o(.text)
    patch_data1                              0x07fc0adf   Thumb Code    12  patch_1.o(.text)
    patch_data2                              0x07fc0aeb   Thumb Code     2  patch_1.o(.text)
    patch_global_vars_init                   0x07fc0aed   Thumb Code     2  patch_1.o(.text)
    rf_ldo_calibration                       0x07fc0e81   Thumb Code    36  rf_ldo_calibration.o(.text)
    enable_rf_diag_irq                       0x07fc0ed1   Thumb Code    92  rf_diag.o(.text)
    _WAIT                                    0x07fc0f3d   Thumb Code    10  common.o(.text)
    _WAIT10                                  0x07fc0f47   Thumb Code    10  common.o(.text)
    _WAIT100                                 0x07fc0f51   Thumb Code    10  common.o(.text)
    _WAIT400                                 0x07fc0f5b   Thumb Code    10  common.o(.text)
    _WAIT1000                                0x07fc0f65   Thumb Code    10  common.o(.text)
    arch_asm_delay_us                        0x07fc0f79   Thumb Code    32  arch_asm.o(.text)
    __scatterload                            0x07fc0f99   Thumb Code    38  init.o(.text)
    __scatterload_rt2                        0x07fc0f99   Thumb Code     0  init.o(.text)
    HardFault_HandlerC                       0x07fc11c1   Thumb Code   132  lto-llvm-eaf734.o(.text.HardFault_HandlerC)
    NMI_HandlerC                             0x07fc1259   Thumb Code   164  lto-llvm-eaf734.o(.text.NMI_HandlerC)
    main                                     0x07fc28b9   Thumb Code  4012  lto-llvm-eaf734.o(.text.main)
    rf_calibration                           0x07fc3b8d   Thumb Code   396  lto-llvm-eaf734.o(.text.rf_calibration)
    __scatterload_copy                       0x07fc4edd   Thumb Code    14  handlers.o(i.__scatterload_copy)
    __scatterload_null                       0x07fc4eeb   Thumb Code     2  handlers.o(i.__scatterload_null)
    __scatterload_zeroinit                   0x07fc4eed   Thumb Code    14  handlers.o(i.__scatterload_zeroinit)
    Region$$Table$$Base                      0x07fc62c4   Number         0  anon$$obj.o(Region$$Table)
    Region$$Table$$Limit                     0x07fc62f4   Number         0  anon$$obj.o(Region$$Table)
    stack_var                                0x07fc6960   Data        1792  lto-llvm-eaf734.o(.bss.stack)
    Image$$ARM_LIB_STACK$$ZI$$Limit          0x07fc7060   Number         0  anon$$obj.o ABSOLUTE
    lld_force_timeout_refresh                0x07fc8bc9   Data           3  lto-llvm-eaf734.o(.bss.retention_mem_area0)
    rf_ldo_calibrated_value                  0x07fc8d29   Data           1  lto-llvm-eaf734.o(.bss.retention_mem_area0)
    rf_ldo_calibration_pending               0x07fc8d2b   Data           1  lto-llvm-eaf734.o(.bss.retention_mem_area0)
    Image$$RET_HEAP_DB$$Base                 0x07fc8e50   Number         0  anon$$obj.o ABSOLUTE
    dummy                                    0x07fc9c00   Data           0  da14531_symbols.txt ABSOLUTE
    ble_wakeup_executed                      0x07fcb900   Data           0  da14531_symbols.txt ABSOLUTE
    rf_in_sleep                              0x07fcb901   Data           0  da14531_symbols.txt ABSOLUTE
    custom_preinit                           0x07fcb904   Data           0  da14531_symbols.txt ABSOLUTE
    custom_postinit                          0x07fcb908   Data           0  da14531_symbols.txt ABSOLUTE
    custom_appinit                           0x07fcb90c   Data           0  da14531_symbols.txt ABSOLUTE
    custom_preloop                           0x07fcb910   Data           0  da14531_symbols.txt ABSOLUTE
    custom_preschedule                       0x07fcb914   Data           0  da14531_symbols.txt ABSOLUTE
    custom_postschedule                      0x07fcb918   Data           0  da14531_symbols.txt ABSOLUTE
    custom_postschedule_async                0x07fcb91c   Data           0  da14531_symbols.txt ABSOLUTE
    custom_presleepcheck                     0x07fcb920   Data           0  da14531_symbols.txt ABSOLUTE
    custom_appsleepset                       0x07fcb924   Data           0  da14531_symbols.txt ABSOLUTE
    custom_postsleepcheck                    0x07fcb928   Data           0  da14531_symbols.txt ABSOLUTE
    custom_presleepenter                     0x07fcb92c   Data           0  da14531_symbols.txt ABSOLUTE
    custom_postsleepexit                     0x07fcb930   Data           0  da14531_symbols.txt ABSOLUTE
    custom_prewakeup                         0x07fcb934   Data           0  da14531_symbols.txt ABSOLUTE
    custom_postwakeup                        0x07fcb938   Data           0  da14531_symbols.txt ABSOLUTE
    custom_preidlecheck                      0x07fcb93c   Data           0  da14531_symbols.txt ABSOLUTE
    custom_pti_set                           0x07fcb940   Data           0  da14531_symbols.txt ABSOLUTE
    REG_BLE_EM_TX_BUFFER_SIZE                0x07fcb944   Data           0  da14531_symbols.txt ABSOLUTE
    REG_BLE_EM_RX_BUFFER_SIZE                0x07fcb948   Data           0  da14531_symbols.txt ABSOLUTE
    _ble_base                                0x07fcb94c   Data           0  da14531_symbols.txt ABSOLUTE
    gap_cfg_user                             0x07fcb950   Data           0  da14531_symbols.txt ABSOLUTE
    rom_func_addr_table                      0x07fcb954   Data           0  da14531_symbols.txt ABSOLUTE
    rom_cfg_table                            0x07fcb958   Data           0  da14531_symbols.txt ABSOLUTE
    BLE_TX_DESC_DATA_USER                    0x07fcb95c   Data           0  da14531_symbols.txt ABSOLUTE
    BLE_TX_DESC_CNTL_USER                    0x07fcb960   Data           0  da14531_symbols.txt ABSOLUTE
    LLM_LE_ADV_DUMMY_IDX                     0x07fcb964   Data           0  da14531_symbols.txt ABSOLUTE
    LLM_LE_SCAN_CON_REQ_ADV_DIR_IDX          0x07fcb968   Data           0  da14531_symbols.txt ABSOLUTE
    LLM_LE_SCAN_RSP_IDX                      0x07fcb96c   Data           0  da14531_symbols.txt ABSOLUTE
    LLM_LE_ADV_IDX                           0x07fcb970   Data           0  da14531_symbols.txt ABSOLUTE
    length_exchange_needed                   0x07fcb974   Data           0  da14531_symbols.txt ABSOLUTE
    enh_con_cmp_cnt                          0x07fcb978   Data           0  da14531_symbols.txt ABSOLUTE
    rx_pkt_cnt                               0x07fcb980   Data           0  da14531_symbols.txt ABSOLUTE
    rx_pkt_cnt_bad                           0x07fcb984   Data           0  da14531_symbols.txt ABSOLUTE
    rx_pkt_cnt_bad_adv                       0x07fcb988   Data           0  da14531_symbols.txt ABSOLUTE
    rx_pkt_cnt_bad_scn                       0x07fcb98c   Data           0  da14531_symbols.txt ABSOLUTE
    rx_pkt_cnt_bad_oth                       0x07fcb990   Data           0  da14531_symbols.txt ABSOLUTE
    rx_pkt_cnt_bad_wo_sync_err               0x07fcb994   Data           0  da14531_symbols.txt ABSOLUTE
    rx_pkt_cnt_bad_con                       0x07fcb998   Data           0  da14531_symbols.txt ABSOLUTE
    connect_req_cnt                          0x07fcb99c   Data           0  da14531_symbols.txt ABSOLUTE
    last_status                              0x07fcb9a0   Data           0  da14531_symbols.txt ABSOLUTE
    llc_state                                0x07fcb9a4   Data           0  da14531_symbols.txt ABSOLUTE
    lld_sleep_env                            0x07fcb9a8   Data           0  da14531_symbols.txt ABSOLUTE
    lld_wlcoex_enable                        0x07fcb9ac   Data           0  da14531_symbols.txt ABSOLUTE
    ble_duplicate_filter_max                 0x07fcb9b0   Data           0  da14531_symbols.txt ABSOLUTE
    ble_duplicate_filter_found               0x07fcb9b1   Data           0  da14531_symbols.txt ABSOLUTE
    alter_conn_adv_all_cnt                   0x07fcb9b4   Data           0  da14531_symbols.txt ABSOLUTE
    alter_conn_adv_dir_cnt                   0x07fcb9b8   Data           0  da14531_symbols.txt ABSOLUTE
    alter_conn_adv_cnt                       0x07fcb9bc   Data           0  da14531_symbols.txt ABSOLUTE
    create_conn_cnt                          0x07fcb9c0   Data           0  da14531_symbols.txt ABSOLUTE
    alter_conn_cnt                           0x07fcb9c4   Data           0  da14531_symbols.txt ABSOLUTE
    alter_conn_restart_cnt                   0x07fcb9c8   Data           0  da14531_symbols.txt ABSOLUTE
    alter_conn_peer_addr                     0x07fcb9cc   Data           0  da14531_symbols.txt ABSOLUTE
    alter_conn_local_addr                    0x07fcb9d2   Data           0  da14531_symbols.txt ABSOLUTE
    set_adv_data_discard_old                 0x07fcb9d8   Data           0  da14531_symbols.txt ABSOLUTE
    llm_resolving_list_max                   0x07fcb9d9   Data           0  da14531_symbols.txt ABSOLUTE
    llm_local_le_feats                       0x07fcb9da   Data           0  da14531_symbols.txt ABSOLUTE
    llm_bt_env                               0x07fcb9e2   Data           0  da14531_symbols.txt ABSOLUTE
    init_tx_cnt_cntl_cnt1                    0x07fcb9ec   Data           0  da14531_symbols.txt ABSOLUTE
    init_tx_cnt_cntl_cnt                     0x07fcb9f0   Data           0  da14531_symbols.txt ABSOLUTE
    tx_cnt_cntl_cnt                          0x07fcb9f4   Data           0  da14531_symbols.txt ABSOLUTE
    llm_state                                0x07fcb9f8   Data           0  da14531_symbols.txt ABSOLUTE
    delay_us_cnt                             0x07fcb9fa   Data           0  da14531_symbols.txt ABSOLUTE
    gtl_state                                0x07fcb9fc   Data           0  da14531_symbols.txt ABSOLUTE
    use_h4tl                                 0x07fcb9fd   Data           0  da14531_symbols.txt ABSOLUTE
    hci_cmd_desc_root_tab                    0x07fcba00   Data           0  da14531_symbols.txt ABSOLUTE
    gattc_state                              0x07fcba30   Data           0  da14531_symbols.txt ABSOLUTE
    gattm_state                              0x07fcba33   Data           0  da14531_symbols.txt ABSOLUTE
    l2cc_state                               0x07fcba34   Data           0  da14531_symbols.txt ABSOLUTE
    l2cm_env                                 0x07fcba38   Data           0  da14531_symbols.txt ABSOLUTE
    gapc_state                               0x07fcba3e   Data           0  da14531_symbols.txt ABSOLUTE
    gapm_state                               0x07fcba41   Data           0  da14531_symbols.txt ABSOLUTE
    whitelist_fix                            0x07fcba42   Data           0  da14531_symbols.txt ABSOLUTE
    ecdh_key_creation_in_progress            0x07fcba44   Data           0  da14531_symbols.txt ABSOLUTE
    ke_free_bad                              0x07fcba48   Data           0  da14531_symbols.txt ABSOLUTE
    DISABLE_KE_TASK_ALTERNATIVE_SAVED_QUEUE  0x07fcba4c   Data           0  da14531_symbols.txt ABSOLUTE
    rwip_env                                 0x07fcba54   Data           0  da14531_symbols.txt ABSOLUTE
    _rand_state_ROM_DATA                     0x07fcba5c   Data           0  da14531_symbols.txt ABSOLUTE
    custom_msg_handlers                      0x07fcba60   Data           0  da14531_symbols.txt ABSOLUTE
    ble_reg_save                             0x07fcba64   Data           0  da14531_symbols.txt ABSOLUTE
    sleep_env                                0x07fcbab4   Data           0  da14531_symbols.txt ABSOLUTE
    uart_env                                 0x07fcbab8   Data           0  da14531_symbols.txt ABSOLUTE
    ke_mem_heaps_used                        0x07fcbadc   Data           0  da14531_symbols.txt ABSOLUTE
    co_buf_env                               0x07fcbae0   Data           0  da14531_symbols.txt ABSOLUTE
    llc_env                                  0x07fcbb78   Data           0  da14531_symbols.txt ABSOLUTE
    lld_evt_env                              0x07fcbb84   Data           0  da14531_symbols.txt ABSOLUTE
    llm_le_env                               0x07fcbbb0   Data           0  da14531_symbols.txt ABSOLUTE
    llm_local_cmds                           0x07fcbcb0   Data           0  da14531_symbols.txt ABSOLUTE
    gtl_env                                  0x07fcbd30   Data           0  da14531_symbols.txt ABSOLUTE
    hci_env                                  0x07fcbd78   Data           0  da14531_symbols.txt ABSOLUTE
    h4tl_env                                 0x07fcbd88   Data           0  da14531_symbols.txt ABSOLUTE
    gattc_env                                0x07fcbda0   Data           0  da14531_symbols.txt ABSOLUTE
    gattm_env                                0x07fcbdac   Data           0  da14531_symbols.txt ABSOLUTE
    l2cc_env                                 0x07fcbdd0   Data           0  da14531_symbols.txt ABSOLUTE
    ecdh_key                                 0x07fcbddc   Data           0  da14531_symbols.txt ABSOLUTE
    gapc_env                                 0x07fcbe3c   Data           0  da14531_symbols.txt ABSOLUTE
    gapm_env                                 0x07fcbe48   Data           0  da14531_symbols.txt ABSOLUTE
    ke_env                                   0x07fcbe74   Data           0  da14531_symbols.txt ABSOLUTE
    rwip_rf                                  0x07fcbf58   Data           0  da14531_symbols.txt ABSOLUTE



==============================================================================

Memory Map of the image

  Image Entry point : 0x07fc0111

  Load Region LR_IROM1 (Base: 0x07fc0000, Size: 0x000000a8, Max: 0x000000c0, ABSOLUTE)

    Execution Region ER_IROM1 (Exec base: 0x07fc0000, Load base: 0x07fc0000, Size: 0x000000a8, Max: 0x000000c0, ABSOLUTE)

    Exec Addr    Load Addr    Size         Type   Attr      Idx    E Section Name        Object

    0x07fc0000   0x07fc0000   0x000000a0   Data   RO          464    RESET               lto-llvm-eaf734.o
    0x07fc00a0   0x07fc00a0   0x00000006   Data   RW          517    otp_cs_booter       lto-llvm-eaf734.o



  Load Region LR_IROM2 (Base: 0x07fc00c0, Size: 0x00000000, Max: 0x00000050, ABSOLUTE)

    Execution Region ER_IROM2 (Exec base: 0x07fc00c0, Load base: 0x07fc00c0, Size: 0x00000050, Max: 0x00000050, ABSOLUTE)

    Exec Addr    Load Addr    Size         Type   Attr      Idx    E Section Name        Object

    0x07fc00c0        -       0x00000050   Zero   RW            1    ER_IROM2.bss        anon$$obj.o



  Load Region LR_IROM3 (Base: 0x07fc0110, Size: 0x000061e8, Max: 0x00008ab0, ABSOLUTE)

    Execution Region ER_IROM3 (Exec base: 0x07fc0110, Load base: 0x07fc0110, Size: 0x000061e8, Max: 0x00008ab0, ABSOLUTE)

    Exec Addr    Load Addr    Size         Type   Attr      Idx    E Section Name        Object

    0x07fc0110   0x07fc0110   0x00000000   Code   RO          166  * .ARM.Collect$$$$00000000  mc_p.l(entry.o)
    0x07fc0110   0x07fc0110   0x00000004   Code   RO          167    .ARM.Collect$$$$00000003  mc_p.l(entry4.o)
    0x07fc0114   0x07fc0114   0x00000004   Code   RO          170    .ARM.Collect$$$$00000004  mc_p.l(entry5.o)
    0x07fc0118   0x07fc0118   0x00000000   Code   RO          172    .ARM.Collect$$$$00000008  mc_p.l(entry7b.o)
    0x07fc0118   0x07fc0118   0x00000000   Code   RO          174    .ARM.Collect$$$$0000000A  mc_p.l(entry8b.o)
    0x07fc0118   0x07fc0118   0x00000008   Code   RO          175    .ARM.Collect$$$$0000000B  mc_p.l(entry9a.o)
    0x07fc0120   0x07fc0120   0x00000000   Code   RO          177    .ARM.Collect$$$$0000000D  mc_p.l(entry10a.o)
    0x07fc0120   0x07fc0120   0x00000000   Code   RO          179    .ARM.Collect$$$$0000000F  mc_p.l(entry11a.o)
    0x07fc0120   0x07fc0120   0x00000004   Code   RO          168    .ARM.Collect$$$$00002714  mc_p.l(entry4.o)
    0x07fc0124   0x07fc0124   0x000009ec   Code   RO          155    .text               da14531.lib(patch_1.o)
    0x07fc0b10   0x07fc0b10   0x000003c0   Code   RO          157    .text               da14531.lib(rf_ldo_calibration.o)
    0x07fc0ed0   0x07fc0ed0   0x0000006c   Code   RO          160    .text               da14531.lib(rf_diag.o)
    0x07fc0f3c   0x07fc0f3c   0x0000003c   Code   RO          162    .text               da14531.lib(common.o)
    0x07fc0f78   0x07fc0f78   0x00000020   Code   RO          164    .text               da14531.lib(arch_asm.o)
    0x07fc0f98   0x07fc0f98   0x00000030   Code   RO          181    .text               mc_p.l(init.o)
    0x07fc0fc8   0x07fc0fc8   0x0000000c   Code   RO          260    .text.ADC_Handler   lto-llvm-eaf734.o
    0x07fc0fd4   0x07fc0fd4   0x00000030   Code   RO          280    .text.BLE_RF_DIAG_Handler  lto-llvm-eaf734.o
    0x07fc1004   0x07fc1004   0x000000a8   Code   RO          276    .text.BLE_WAKEUP_LP_Handler  lto-llvm-eaf734.o
    0x07fc10ac   0x07fc10ac   0x0000000a   Code   RO          244    .text.GPIO0_Handler  lto-llvm-eaf734.o
    0x07fc10b6   0x07fc10b6   0x0000000a   Code   RO          246    .text.GPIO1_Handler  lto-llvm-eaf734.o
    0x07fc10c0   0x07fc10c0   0x0000000a   Code   RO          248    .text.GPIO2_Handler  lto-llvm-eaf734.o
    0x07fc10ca   0x07fc10ca   0x0000000a   Code   RO          250    .text.GPIO3_Handler  lto-llvm-eaf734.o
    0x07fc10d4   0x07fc10d4   0x0000000a   Code   RO          252    .text.GPIO4_Handler  lto-llvm-eaf734.o
    0x07fc10de   0x07fc10de   0x00000002   PAD
    0x07fc10e0   0x07fc10e0   0x00000070   Code   RO          238    .text.GPIO_ConfigurePin  lto-llvm-eaf734.o
    0x07fc1150   0x07fc1150   0x0000002c   Code   RO          240    .text.GPIO_ConfigurePinPower  lto-llvm-eaf734.o
    0x07fc117c   0x07fc117c   0x00000044   Code   RO          242    .text.GPIOn_Handler  lto-llvm-eaf734.o
    0x07fc11c0   0x07fc11c0   0x00000088   Code   RO          188    .text.HardFault_HandlerC  lto-llvm-eaf734.o
    0x07fc1248   0x07fc1248   0x00000010   Code   RO          272    .text.I2C_Handler   lto-llvm-eaf734.o
    0x07fc1258   0x07fc1258   0x000000c0   Code   RO          190    .text.NMI_HandlerC  lto-llvm-eaf734.o
    0x07fc1318   0x07fc1318   0x00000002   Code   RO          294    .text.RADIOCNTL_Handler  lto-llvm-eaf734.o
    0x07fc131a   0x07fc131a   0x00000002   Code   RO          264    .text.SysTick_Handler  lto-llvm-eaf734.o
    0x07fc131c   0x07fc131c   0x00000094   Code   RO          266    .text.UART2_Handler  lto-llvm-eaf734.o
    0x07fc13b0   0x07fc13b0   0x00000088   Code   RO          254    .text.WKUP_QUADEC_Handler  lto-llvm-eaf734.o
    0x07fc1438   0x07fc1438   0x00000018   Code   RO          258    .text.adc_get_sample  lto-llvm-eaf734.o
    0x07fc1450   0x07fc1450   0x0000016c   Code   RO          256    .text.adc_init      lto-llvm-eaf734.o
    0x07fc15bc   0x07fc15bc   0x00000024   Code   RO          262    .text.adc_reset_offsets  lto-llvm-eaf734.o
    0x07fc15e0   0x07fc15e0   0x00000034   Code   RO          434    .text.app_custs1_create_db  lto-llvm-eaf734.o
    0x07fc1614   0x07fc1614   0x0000001a   Code   RO          436    .text.app_custs1_process_handler  lto-llvm-eaf734.o
    0x07fc162e   0x07fc162e   0x00000002   PAD
    0x07fc1630   0x07fc1630   0x00000058   Code   RO          356    .text.app_db_init_next  lto-llvm-eaf734.o
    0x07fc1688   0x07fc1688   0x00000038   Code   RO          408    .text.app_diss_create_db  lto-llvm-eaf734.o
    0x07fc16c0   0x07fc16c0   0x00000020   Code   RO          410    .text.app_diss_process_handler  lto-llvm-eaf734.o
    0x07fc16e0   0x07fc16e0   0x00000058   Code   RO          360    .text.app_easy_gap_dev_configure  lto-llvm-eaf734.o
    0x07fc1738   0x07fc1738   0x0000008c   Code   RO          358    .text.app_easy_gap_undirected_advertise_start  lto-llvm-eaf734.o
    0x07fc17c4   0x07fc17c4   0x00000054   Code   RO          416    .text.app_easy_security_tk_exch  lto-llvm-eaf734.o
    0x07fc1818   0x07fc1818   0x0000002c   Code   RO          428    .text.app_easy_timer  lto-llvm-eaf734.o
    0x07fc1844   0x07fc1844   0x0000004c   Code   RO          430    .text.app_easy_timer_cancel  lto-llvm-eaf734.o
    0x07fc1890   0x07fc1890   0x00000020   Code   RO          362    .text.app_gap_process_handler_RAM  lto-llvm-eaf734.o
    0x07fc18b0   0x07fc18b0   0x00000038   Code   RO          414    .text.app_msg_utils_api_process_handler  lto-llvm-eaf734.o
    0x07fc18e8   0x07fc18e8   0x00000020   Code   RO          392    .text.app_sec_process_handler  lto-llvm-eaf734.o
    0x07fc1908   0x07fc1908   0x0000010c   Code   RO          420    .text.app_timer_api_process_handler  lto-llvm-eaf734.o
    0x07fc1a14   0x07fc1a14   0x00000030   Code   RO          214    .text.arch_force_active_mode  lto-llvm-eaf734.o
    0x07fc1a44   0x07fc1a44   0x00000048   Code   RO          212    .text.arch_restore_sleep_mode  lto-llvm-eaf734.o
    0x07fc1a8c   0x07fc1a8c   0x00000018   Code   RO          210    .text.ba431_get_rand_func  lto-llvm-eaf734.o
    0x07fc1aa4   0x07fc1aa4   0x0000002c   Code   RO          310    .text.ble_init_arp_func  lto-llvm-eaf734.o
    0x07fc1ad0   0x07fc1ad0   0x00000028   Code   RO          304    .text.ble_update_arp_adpll_calib_vals  lto-llvm-eaf734.o
    0x07fc1af8   0x07fc1af8   0x0000002c   Code   RO          306    .text.ble_update_arp_adpll_div_val  lto-llvm-eaf734.o
    0x07fc1b24   0x07fc1b24   0x00000024   Code   RO          216    .text.calibrate_rcx20  lto-llvm-eaf734.o
    0x07fc1b48   0x07fc1b48   0x00000080   Code   RO          426    .text.create_timer  lto-llvm-eaf734.o
    0x07fc1bc8   0x07fc1bc8   0x00000002   Code   RO          204    .text.crypto_init_func  lto-llvm-eaf734.o
    0x07fc1bca   0x07fc1bca   0x00000002   PAD
    0x07fc1bcc   0x07fc1bcc   0x00000078   Code   RO          328    .text.custs1_value_req_rsp_handler  lto-llvm-eaf734.o
    0x07fc1c44   0x07fc1c44   0x00000010   Code   RO          432    .text.custs_get_func_callbacks  lto-llvm-eaf734.o
    0x07fc1c54   0x07fc1c54   0x00000002   Code   RO          200    .text.dbg_init_func_empty  lto-llvm-eaf734.o
    0x07fc1c56   0x07fc1c56   0x00000002   Code   RO          202    .text.dbg_platform_reset_complete_func_empty  lto-llvm-eaf734.o
    0x07fc1c58   0x07fc1c58   0x0000002c   Code   RO          348    .text.default_app_generate_static_random_addr  lto-llvm-eaf734.o
    0x07fc1c84   0x07fc1c84   0x00000008   Code   RO          336    .text.default_app_on_db_init_complete  lto-llvm-eaf734.o
    0x07fc1c8c   0x07fc1c8c   0x00000008   Code   RO          340    .text.default_app_on_get_dev_appearance  lto-llvm-eaf734.o
    0x07fc1c94   0x07fc1c94   0x00000018   Code   RO          338    .text.default_app_on_get_dev_name  lto-llvm-eaf734.o
    0x07fc1cac   0x07fc1cac   0x00000012   Code   RO          342    .text.default_app_on_get_dev_slv_pref_params  lto-llvm-eaf734.o
    0x07fc1cbe   0x07fc1cbe   0x00000002   PAD
    0x07fc1cc0   0x07fc1cc0   0x0000007c   Code   RO          354    .text.default_app_on_ltk_exch  lto-llvm-eaf734.o
    0x07fc1d3c   0x07fc1d3c   0x00000048   Code   RO          350    .text.default_app_on_pairing_request  lto-llvm-eaf734.o
    0x07fc1d84   0x07fc1d84   0x00000010   Code   RO          334    .text.default_app_on_set_dev_config_complete  lto-llvm-eaf734.o
    0x07fc1d94   0x07fc1d94   0x00000038   Code   RO          344    .text.default_app_on_set_dev_info  lto-llvm-eaf734.o
    0x07fc1dcc   0x07fc1dcc   0x00000048   Code   RO          352    .text.default_app_on_tk_exch  lto-llvm-eaf734.o
    0x07fc1e14   0x07fc1e14   0x0000000c   Code   RO          346    .text.default_app_update_params_request  lto-llvm-eaf734.o
    0x07fc1e20   0x07fc1e20   0x00000008   Code   RO          206    .text.dia_rand_func  lto-llvm-eaf734.o
    0x07fc1e28   0x07fc1e28   0x0000001a   Code   RO          208    .text.dia_srand_func  lto-llvm-eaf734.o
    0x07fc1e42   0x07fc1e42   0x00000002   PAD
    0x07fc1e44   0x07fc1e44   0x00000024   Code   RO          320    .text.dis_adpll     lto-llvm-eaf734.o
    0x07fc1e68   0x07fc1e68   0x00000010   Code   RO          316    .text.dis_hclk      lto-llvm-eaf734.o
    0x07fc1e78   0x07fc1e78   0x000000b8   Code   RO          412    .text.diss_value_req_ind_handler  lto-llvm-eaf734.o
    0x07fc1f30   0x07fc1f30   0x00000040   Code   RO          318    .text.en_adpll_tx   lto-llvm-eaf734.o
    0x07fc1f70   0x07fc1f70   0x00000120   Code   RO          396    .text.gapc_bond_ind_handler  lto-llvm-eaf734.o
    0x07fc2090   0x07fc2090   0x00000064   Code   RO          394    .text.gapc_bond_req_ind_handler  lto-llvm-eaf734.o
    0x07fc20f4   0x07fc20f4   0x00000024   Code   RO          368    .text.gapc_cmp_evt_handler_wrapper  lto-llvm-eaf734.o
    0x07fc2118   0x07fc2118   0x0000006c   Code   RO          370    .text.gapc_connection_req_ind_handler_wrapper  lto-llvm-eaf734.o
    0x07fc2184   0x07fc2184   0x00000028   Code   RO          372    .text.gapc_disconnect_ind_handler_wrapper  lto-llvm-eaf734.o
    0x07fc21ac   0x07fc21ac   0x00000018   Code   RO          400    .text.gapc_encrypt_ind_handler  lto-llvm-eaf734.o
    0x07fc21c4   0x07fc21c4   0x00000004   Code   RO          398    .text.gapc_encrypt_req_ind_handler  lto-llvm-eaf734.o
    0x07fc21c8   0x07fc21c8   0x0000009c   Code   RO          374    .text.gapc_get_dev_info_req_ind_handler_wrapper  lto-llvm-eaf734.o
    0x07fc2264   0x07fc2264   0x00000008   Code   RO          384    .text.gapc_le_pkt_size_ind_handler_wrapper  lto-llvm-eaf734.o
    0x07fc226c   0x07fc226c   0x00000008   Code   RO          382    .text.gapc_param_update_req_ind_handler_wrapper  lto-llvm-eaf734.o
    0x07fc2274   0x07fc2274   0x00000008   Code   RO          388    .text.gapc_peer_features_ind_handler_wrapper  lto-llvm-eaf734.o
    0x07fc227c   0x07fc227c   0x00000008   Code   RO          390    .text.gapc_security_ind_handler_wrapper  lto-llvm-eaf734.o
    0x07fc2284   0x07fc2284   0x00000008   Code   RO          376    .text.gapc_set_dev_info_req_ind_handler_wrapper  lto-llvm-eaf734.o
    0x07fc228c   0x07fc228c   0x00000004   Code   RO          402    .text.gapm_addr_solved_ind_handler  lto-llvm-eaf734.o
    0x07fc2290   0x07fc2290   0x00000008   Code   RO          380    .text.gapm_adv_report_ind_handler_wrapper  lto-llvm-eaf734.o
    0x07fc2298   0x07fc2298   0x00000048   Code   RO          366    .text.gapm_cmp_evt_handler_wrapper  lto-llvm-eaf734.o
    0x07fc22e0   0x07fc22e0   0x0000002c   Code   RO          364    .text.gapm_device_ready_ind_handler_wrapper  lto-llvm-eaf734.o
    0x07fc230c   0x07fc230c   0x00000008   Code   RO          378    .text.gapm_profile_added_ind_handler_wrapper  lto-llvm-eaf734.o
    0x07fc2314   0x07fc2314   0x00000004   Code   RO          406    .text.gapm_ral_addr_ind_handler  lto-llvm-eaf734.o
    0x07fc2318   0x07fc2318   0x00000004   Code   RO          404    .text.gapm_ral_size_ind_handler  lto-llvm-eaf734.o
    0x07fc231c   0x07fc231c   0x00000008   Code   RO          386    .text.gattc_svc_changed_cfg_ind_handler_wrapper  lto-llvm-eaf734.o
    0x07fc2324   0x07fc2324   0x0000014c   Code   RO          326    .text.gattc_write_req_ind_handler  lto-llvm-eaf734.o
    0x07fc2470   0x07fc2470   0x00000090   Code   RO          444    .text.gpadc_collect_sample  lto-llvm-eaf734.o
    0x07fc2500   0x07fc2500   0x00000154   Code   RO          442    .text.gpadc_init_se  lto-llvm-eaf734.o
    0x07fc2654   0x07fc2654   0x00000034   Code   RO          446    .text.gpadc_sample_to_mv  lto-llvm-eaf734.o
    0x07fc2688   0x07fc2688   0x000000d8   Code   RO          450    .text.gpadc_wireless_timer_cb  lto-llvm-eaf734.o
    0x07fc2760   0x07fc2760   0x00000074   Code   RO          270    .text.hw_otpc_init  lto-llvm-eaf734.o
    0x07fc27d4   0x07fc27d4   0x00000040   Code   RO          274    .text.lld_sleep_compensate_func  lto-llvm-eaf734.o
    0x07fc2814   0x07fc2814   0x00000024   Code   RO          228    .text.lld_sleep_init_func  lto-llvm-eaf734.o
    0x07fc2838   0x07fc2838   0x00000028   Code   RO          222    .text.lld_sleep_lpcycles_2_us_rcx_func  lto-llvm-eaf734.o
    0x07fc2860   0x07fc2860   0x00000008   Code   RO          226    .text.lld_sleep_lpcycles_2_us_sel_func  lto-llvm-eaf734.o
    0x07fc2868   0x07fc2868   0x0000001c   Code   RO          224    .text.lld_sleep_us_2_lpcycles_sel_func  lto-llvm-eaf734.o
    0x07fc2884   0x07fc2884   0x00000034   Code   RO          418    .text.ltk_exch_create_msg  lto-llvm-eaf734.o
    0x07fc28b8   0x07fc28b8   0x00001008   Code   RO          196    .text.main          lto-llvm-eaf734.o
    0x07fc38c0   0x07fc38c0   0x00000020   Code   RO          232    .text.otp_cs_load_pd_adpll  lto-llvm-eaf734.o
    0x07fc38e0   0x07fc38e0   0x00000020   Code   RO          230    .text.otp_cs_load_pd_rad  lto-llvm-eaf734.o
    0x07fc3900   0x07fc3900   0x00000160   Code   RO          438    .text.periph_init   lto-llvm-eaf734.o
    0x07fc3a60   0x07fc3a60   0x00000024   Code   RO          198    .text.platform_reset_func  lto-llvm-eaf734.o
    0x07fc3a84   0x07fc3a84   0x00000034   Code   RO          332    .text.prf_create_func  lto-llvm-eaf734.o
    0x07fc3ab8   0x07fc3ab8   0x00000064   Code   RO          330    .text.prf_init_func  lto-llvm-eaf734.o
    0x07fc3b1c   0x07fc3b1c   0x0000005c   Code   RO          218    .text.read_rcx_freq  lto-llvm-eaf734.o
    0x07fc3b78   0x07fc3b78   0x00000014   Code   RO          324    .text.rf_adplldig_activate  lto-llvm-eaf734.o
    0x07fc3b8c   0x07fc3b8c   0x000001c8   Code   RO          322    .text.rf_calibration  lto-llvm-eaf734.o
    0x07fc3d54   0x07fc3d54   0x00000002   Code   RO          296    .text.rf_force_agc_enable  lto-llvm-eaf734.o
    0x07fc3d56   0x07fc3d56   0x00000002   PAD
    0x07fc3d58   0x07fc3d58   0x00000120   Code   RO          286    .text.rf_init_func  lto-llvm-eaf734.o
    0x07fc3e78   0x07fc3e78   0x00000028   Code   RO          312    .text.rf_recalibration  lto-llvm-eaf734.o
    0x07fc3ea0   0x07fc3ea0   0x00000004   Code   RO          282    .text.rf_reg_rd     lto-llvm-eaf734.o
    0x07fc3ea4   0x07fc3ea4   0x00000002   Code   RO          284    .text.rf_reg_wr     lto-llvm-eaf734.o
    0x07fc3ea6   0x07fc3ea6   0x00000002   PAD
    0x07fc3ea8   0x07fc3ea8   0x00000044   Code   RO          302    .text.rf_regs       lto-llvm-eaf734.o
    0x07fc3eec   0x07fc3eec   0x0000005c   Code   RO          308    .text.rf_reinit_func  lto-llvm-eaf734.o
    0x07fc3f48   0x07fc3f48   0x00000002   Code   RO          292    .text.rf_reset      lto-llvm-eaf734.o
    0x07fc3f4a   0x07fc3f4a   0x00000024   Code   RO          298    .text.rf_rssi_convert  lto-llvm-eaf734.o
    0x07fc3f6e   0x07fc3f6e   0x00000002   PAD
    0x07fc3f70   0x07fc3f70   0x0000001c   Code   RO          290    .text.rf_sleep      lto-llvm-eaf734.o
    0x07fc3f8c   0x07fc3f8c   0x00000028   Code   RO          288    .text.rf_txpwr_dbm_get  lto-llvm-eaf734.o
    0x07fc3fb4   0x07fc3fb4   0x00000114   Code   RO          278    .text.rwble_isr     lto-llvm-eaf734.o
    0x07fc40c8   0x07fc40c8   0x000001f0   Code   RO          314    .text.set_recommended_settings  lto-llvm-eaf734.o
    0x07fc42b8   0x07fc42b8   0x0000006c   Code   RO          220    .text.set_sleep_delay  lto-llvm-eaf734.o
    0x07fc4324   0x07fc4324   0x00000014   Code   RO          234    .text.syscntl_dcdc_get_level  lto-llvm-eaf734.o
    0x07fc4338   0x07fc4338   0x00000030   Code   RO          236    .text.syscntl_dcdc_set_level  lto-llvm-eaf734.o
    0x07fc4368   0x07fc4368   0x000000c0   Code   RO          454    .text.timer2_pwm_dc_control  lto-llvm-eaf734.o
    0x07fc4428   0x07fc4428   0x0000002c   Code   RO          452    .text.timer2_pwm_dc_control_timer_cb  lto-llvm-eaf734.o
    0x07fc4454   0x07fc4454   0x0000008c   Code   RO          448    .text.timer2_pwm_disable  lto-llvm-eaf734.o
    0x07fc44e0   0x07fc44e0   0x000000ec   Code   RO          456    .text.timer2_pwm_set_offset  lto-llvm-eaf734.o
    0x07fc45cc   0x07fc45cc   0x00000002   Code   RO          422    .text.timer_canceled_handler  lto-llvm-eaf734.o
    0x07fc45ce   0x07fc45ce   0x00000002   Code   RO          424    .text.timer_modified_handler  lto-llvm-eaf734.o
    0x07fc45d0   0x07fc45d0   0x00000010   Code   RO          194    .text.uart_finish_transfers_adapt  lto-llvm-eaf734.o
    0x07fc45e0   0x07fc45e0   0x0000000c   Code   RO          268    .text.uart_rx_isr   lto-llvm-eaf734.o
    0x07fc45ec   0x07fc45ec   0x00000060   Code   RO          192    .text.uart_write_adapt  lto-llvm-eaf734.o
    0x07fc464c   0x07fc464c   0x00000030   Code   RO          300    .text.update_radiopwrupdn_pref_setting  lto-llvm-eaf734.o
    0x07fc467c   0x07fc467c   0x000005cc   Code   RO          462    .text.user_catch_rest_hndl  lto-llvm-eaf734.o
    0x07fc4c48   0x07fc4c48   0x0000005c   Code   RO          458    .text.user_on_connection  lto-llvm-eaf734.o
    0x07fc4ca4   0x07fc4ca4   0x0000004c   Code   RO          460    .text.user_on_disconnect  lto-llvm-eaf734.o
    0x07fc4cf0   0x07fc4cf0   0x000001ec   Code   RO          440    .text.uvp_wireless_timer_cb  lto-llvm-eaf734.o
    0x07fc4edc   0x07fc4edc   0x0000000e   Code   RO          528    i.__scatterload_copy  mc_p.l(handlers.o)
    0x07fc4eea   0x07fc4eea   0x00000002   Code   RO          529    i.__scatterload_null  mc_p.l(handlers.o)
    0x07fc4eec   0x07fc4eec   0x0000000e   Code   RO          530    i.__scatterload_zeroinit  mc_p.l(handlers.o)
    0x07fc4efa   0x07fc4efa   0x00000002   PAD
    0x07fc4efc   0x07fc4efc   0x00000054   Code   RO          186    startup_code_DA14xxx  lto-llvm-eaf734.o
    0x07fc4f50   0x07fc4f50   0x00000080   Code   RO          184    system_DA14xxx      lto-llvm-eaf734.o
    0x07fc4fd0   0x07fc4fd0   0x00000080   Data   RO          516    .rodata..Lswitch.table.uvp_wireless_timer_cb  lto-llvm-eaf734.o
    0x07fc5050   0x07fc5050   0x00000010   Data   RO          514    .rodata.SVC1_BATTERY_VOLTAGE_UUID_128  lto-llvm-eaf734.o
    0x07fc5060   0x07fc5060   0x00000010   Data   RO          511    .rodata.SVC1_PWM_FREQ_UUID_128  lto-llvm-eaf734.o
    0x07fc5070   0x07fc5070   0x00000010   Data   RO          513    .rodata.SVC1_PWM_STATE_UUID_128  lto-llvm-eaf734.o
    0x07fc5080   0x07fc5080   0x00000010   Data   RO          512    .rodata.SVC1_PWM_VBIAS_AND_OFFSET_UUID_128  lto-llvm-eaf734.o
    0x07fc5090   0x07fc5090   0x00000010   Data   RO          508    .rodata.SVC1_SENSOR_VOLTAGE_UUID_128  lto-llvm-eaf734.o
    0x07fc50a0   0x07fc50a0   0x00000010   Data   RO          491    .rodata.TASK_DESC_APP  lto-llvm-eaf734.o
    0x07fc50b0   0x07fc50b0   0x00000008   Data   RO          493    .rodata.app_default_handler_RAM  lto-llvm-eaf734.o
    0x07fc50b8   0x07fc50b8   0x00000008   Data   RO          492    .rodata.app_default_state  lto-llvm-eaf734.o
    0x07fc50c0   0x07fc50c0   0x00000008   Data   RO          496    .rodata.app_diss_process_handlers  lto-llvm-eaf734.o
    0x07fc50c8   0x07fc50c8   0x00000070   Data   RO          494    .rodata.app_gap_process_handlers  lto-llvm-eaf734.o
    0x07fc5138   0x07fc5138   0x0000001c   Data   RO          498    .rodata.app_process_handlers  lto-llvm-eaf734.o
    0x07fc5154   0x07fc5154   0x00000038   Data   RO          495    .rodata.app_sec_process_handlers  lto-llvm-eaf734.o
    0x07fc518c   0x07fc518c   0x00000070   Data   RO          482    .rodata.arp_init_table  lto-llvm-eaf734.o
    0x07fc51fc   0x07fc51fc   0x00000002   Data   RO          507    .rodata.att_decl_char  lto-llvm-eaf734.o
    0x07fc51fe   0x07fc51fe   0x00000002   Data   RO          505    .rodata.att_decl_svc  lto-llvm-eaf734.o
    0x07fc5200   0x07fc5200   0x00000002   Data   RO          509    .rodata.att_desc_cfg  lto-llvm-eaf734.o
    0x07fc5202   0x07fc5202   0x00000002   Data   RO          510    .rodata.att_desc_user_desc  lto-llvm-eaf734.o
    0x07fc5204   0x07fc5204   0x00000038   Data   RO          502    .rodata.cust_prf_funcs  lto-llvm-eaf734.o
    0x07fc523c   0x07fc523c   0x00000168   Data   RO          515    .rodata.custs1_att_db  lto-llvm-eaf734.o
    0x07fc53a4   0x07fc53a4   0x00000008   Data   RO          488    .rodata.custs1_default_handler  lto-llvm-eaf734.o
    0x07fc53ac   0x07fc53ac   0x00000048   Data   RO          485    .rodata.custs1_default_state  lto-llvm-eaf734.o
    0x07fc53f4   0x07fc53f4   0x00000002   Data   RO          503    .rodata.custs1_services  lto-llvm-eaf734.o
    0x07fc53f6   0x07fc53f6   0x00000001   Data   RO          504    .rodata.custs1_services_size  lto-llvm-eaf734.o
    0x07fc53f7   0x07fc53f7   0x00000010   Data   RO          506    .rodata.custs1_svc1  lto-llvm-eaf734.o
    0x07fc5407   0x07fc5407   0x00000001   PAD
    0x07fc5408   0x07fc5408   0x00000018   Data   RO          480    .rodata.my_custom_msg_handlers  lto-llvm-eaf734.o
    0x07fc5420   0x07fc5420   0x0000000e   Data   RO          468    .rodata.nvds_data_storage  lto-llvm-eaf734.o
    0x07fc542e   0x07fc542e   0x00000002   PAD
    0x07fc5430   0x07fc5430   0x00000018   Data   RO          489    .rodata.prf_funcs   lto-llvm-eaf734.o
    0x07fc5448   0x07fc5448   0x00000018   Data   RO          486    .rodata.prf_if      lto-llvm-eaf734.o
    0x07fc5460   0x07fc5460   0x00000020   Data   RO          500    .rodata.rom_app_task_cfg  lto-llvm-eaf734.o
    0x07fc5480   0x07fc5480   0x000000ec   Data   RO          477    .rodata.rom_cfg_table_var  lto-llvm-eaf734.o
    0x07fc556c   0x07fc556c   0x00000010   Data   RO          479    .rodata.rom_chacha20_cfg  lto-llvm-eaf734.o
    0x07fc557c   0x07fc557c   0x00000024   Data   RO          475    .rodata.rom_console_cfg  lto-llvm-eaf734.o
    0x07fc55a0   0x07fc55a0   0x00000010   Data   RO          484    .rodata.rom_cust_prf_cfg  lto-llvm-eaf734.o
    0x07fc55b0   0x07fc55b0   0x0000017c   Data   RO          476    .rodata.rom_func_addr_table_var  lto-llvm-eaf734.o
    0x07fc572c   0x07fc572c   0x00000008   Data   RO          474    .rodata.rom_nvds_cfg  lto-llvm-eaf734.o
    0x07fc5734   0x07fc5734   0x0000000c   Data   RO          487    .rodata.rom_prf_cfg  lto-llvm-eaf734.o
    0x07fc5740   0x07fc5740   0x00000ace   Data   RO          497    .rodata.str1.1      lto-llvm-eaf734.o
    0x07fc620e   0x07fc620e   0x00000002   PAD
    0x07fc6210   0x07fc6210   0x00000019   Data   RO          490    .rodata.str1.4      lto-llvm-eaf734.o
    0x07fc6229   0x07fc6229   0x00000003   PAD
    0x07fc622c   0x07fc622c   0x00000090   Data   RO          499    .rodata.user_app_callbacks  lto-llvm-eaf734.o
    0x07fc62bc   0x07fc62bc   0x00000007   Data   RO          501    .rodata.user_security_conf  lto-llvm-eaf734.o
    0x07fc62c3   0x07fc62c3   0x00000001   PAD
    0x07fc62c4   0x07fc62c4   0x00000030   Data   RO          527    Region$$Table       anon$$obj.o
    0x07fc62f4   0x07fc62f4   0x00000001   Data   RW          483    .data.pa_en_dcf_tx_setting  lto-llvm-eaf734.o


    Execution Region ER_PRODTEST (Exec base: 0x07fc62f8, Load base: 0x07fc62f8, Size: 0x00000000, Max: 0xffffffff, ABSOLUTE, UNINIT)

    **** No section assigned to this execution region ****


    Execution Region ER_ZI (Exec base: 0x07fc62f8, Load base: 0x07fc62f8, Size: 0x00000668, Max: 0xffffffff, ABSOLUTE)

    Exec Addr    Load Addr    Size         Type   Attr      Idx    E Section Name        Object

    0x07fc62f8        -       0x00000510   Zero   RW          158    .bss                da14531.lib(rf_ldo_calibration.o)
    0x07fc6808        -       0x00000056   Zero   RW          518    .bss..L_MergedGlobals.269  lto-llvm-eaf734.o
    0x07fc685e        -       0x00000100   Zero   RW          466    .bss.current_msg_buffer  lto-llvm-eaf734.o


    Execution Region ARM_LIB_STACK (Exec base: 0x07fc6960, Load base: 0x07fc62f8, Size: 0x00000700, Max: 0xffffffff, ABSOLUTE)

    Exec Addr    Load Addr    Size         Type   Attr      Idx    E Section Name        Object

    0x07fc6960        -       0x00000700   Zero   RW          465    .bss.stack          lto-llvm-eaf734.o


    Execution Region ER_NZI (Exec base: 0x07fc7060, Load base: 0x07fc62f8, Size: 0x0000040c, Max: 0xffffffff, ABSOLUTE, UNINIT)

    Exec Addr    Load Addr    Size         Type   Attr      Idx    E Section Name        Object

    0x07fc7060        -       0x0000040c   Zero   RW          470    .bss.heap_mem_area_not_ret  lto-llvm-eaf734.o


    Execution Region ER_STATEFUL_HIBERNATION (Exec base: 0x07fc746c, Load base: 0x07fc62f8, Size: 0x00000000, Max: 0xffffffff, ABSOLUTE, UNINIT)

    **** No section assigned to this execution region ****



  Load Region LR_RETAINED_RAM0 (Base: 0x07fc8bc0, Size: 0x00000000, Max: 0x00001440, ABSOLUTE)

    Execution Region RET_DATA_UNINIT (Exec base: 0x07fc8bc0, Load base: 0x07fc8bc0, Size: 0x00000000, Max: 0x00000000, ABSOLUTE, UNINIT)

    **** No section assigned to this execution region ****


    Execution Region RET_DATA (Exec base: 0x07fc8bc0, Load base: 0x07fc8bc0, Size: 0x00000290, Max: 0x00000800, ABSOLUTE)

    Exec Addr    Load Addr    Size         Type   Attr      Idx    E Section Name        Object

    0x07fc8bc0        -       0x00000290   Zero   RW          467    .bss.retention_mem_area0  lto-llvm-eaf734.o


    Execution Region RET_HEAP_DB (Exec base: 0x07fc8e50, Load base: 0x07fc8bc0, Size: 0x0000040c, Max: 0xffffffff, ABSOLUTE, UNINIT)

    Exec Addr    Load Addr    Size         Type   Attr      Idx    E Section Name        Object

    0x07fc8e50        -       0x0000040c   Zero   RW          472    .bss.heap_db_area   lto-llvm-eaf734.o


    Execution Region RET_HEAP_ENV (Exec base: 0x07fc925c, Load base: 0x07fc8bc0, Size: 0x000002b8, Max: 0xffffffff, ABSOLUTE, UNINIT)

    Exec Addr    Load Addr    Size         Type   Attr      Idx    E Section Name        Object

    0x07fc925c        -       0x000002b8   Zero   RW          471    .bss.heap_env_area  lto-llvm-eaf734.o


    Execution Region RET_HEAP_MSG (Exec base: 0x07fc9514, Load base: 0x07fc8bc0, Size: 0x0000057c, Max: 0xffffffff, ABSOLUTE, UNINIT)

    Exec Addr    Load Addr    Size         Type   Attr      Idx    E Section Name        Object

    0x07fc9514        -       0x0000057c   Zero   RW          473    .bss.heap_msg_area  lto-llvm-eaf734.o



  Load Region LR_FREE_AREA (Base: 0x07fca000, Size: 0x00000000, Max: 0x00001900, ABSOLUTE)

    Execution Region ER_FREE_AREA_AT_TX_CNTL_BUFFER (Exec base: 0x07fca884, Load base: 0x07fca000, Size: 0x00000000, Max: 0x000000de, ABSOLUTE)

    **** No section assigned to this execution region ****


    Execution Region ER_FREE_AREA_AT_TX_ADV_1_BUFFER (Exec base: 0x07fca988, Load base: 0x07fca000, Size: 0x00000000, Max: 0x000000e0, ABSOLUTE)

    **** No section assigned to this execution region ****


    Execution Region ER_FREE_AREA_AT_TX_ADV_2_BUFFER (Exec base: 0x07fcaa90, Load base: 0x07fca000, Size: 0x00000000, Max: 0x000000de, ABSOLUTE)

    **** No section assigned to this execution region ****


    Execution Region ER_FREE_AREA_AT_TX_ADV_3_BUFFER (Exec base: 0x07fcab94, Load base: 0x07fca000, Size: 0x00000000, Max: 0x000000e0, ABSOLUTE)

    **** No section assigned to this execution region ****


    Execution Region ER_FREE_AREA (Exec base: 0x07fcb4ac, Load base: 0x07fca000, Size: 0x00000000, Max: 0x000003f0, ABSOLUTE)

    **** No section assigned to this execution region ****



  Load Region LR_RETAINED_TRNG_STATE (Base: 0x07fcb89c, Size: 0x00000000, Max: 0x00000004, ABSOLUTE)

    Execution Region RET_DATA_UNINIT_TRNG_STATE (Exec base: 0x07fcb89c, Load base: 0x07fcb89c, Size: 0x00000004, Max: 0x00000004, ABSOLUTE, UNINIT)

    Exec Addr    Load Addr    Size         Type   Attr      Idx    E Section Name        Object

    0x07fcb89c        -       0x00000004   Zero   RW          481    .bss.trng_state     lto-llvm-eaf734.o



  Load Region LR_RETAINED_CHACHA_STATE (Base: 0x07fcb8a0, Size: 0x00000000, Max: 0x00000060, ABSOLUTE)

    Execution Region RET_DATA_UNINIT_CHACHA_STATE (Exec base: 0x07fcb8a0, Load base: 0x07fcb8a0, Size: 0x00000060, Max: 0x00000060, ABSOLUTE, UNINIT)

    Exec Addr    Load Addr    Size         Type   Attr      Idx    E Section Name        Object

    0x07fcb8a0        -       0x00000060   Zero   RW          478    .bss.chacha20_state  lto-llvm-eaf734.o


==============================================================================

Image component sizes


      Code (inc. data)   RO Data    RW Data    ZI Data      Debug   Object Name

     16344       2784       5003          7       7062     200010   lto-llvm-eaf734.o

    ----------------------------------------------------------------------
     16360       2784       5060         12       7144     200010   Object Totals
         0          0         48          0         80          0   (incl. Generated)
        16          0          9          5          2          0   (incl. Padding)

    ----------------------------------------------------------------------

      Code (inc. data)   RO Data    RW Data    ZI Data      Debug   Library Member Name

        32          0          0          0          0         68   arch_asm.o
        60         10          0          0          0        164   common.o
      2540        114          0          0          0        520   patch_1.o
       108         16          0          0          0         68   rf_diag.o
       960         44          0          0       1296        144   rf_ldo_calibration.o
         0          0          0          0          0          0   entry.o
         0          0          0          0          0          0   entry10a.o
         0          0          0          0          0          0   entry11a.o
         8          4          0          0          0          0   entry4.o
         4          0          0          0          0          0   entry5.o
         0          0          0          0          0          0   entry7b.o
         0          0          0          0          0          0   entry8b.o
         8          4          0          0          0          0   entry9a.o
        30          0          0          0          0          0   handlers.o
        48         10          0          0          0         68   init.o

    ----------------------------------------------------------------------
      3800        202          0          0       1296       1032   Library Totals
         2          0          0          0          0          0   (incl. Padding)

    ----------------------------------------------------------------------

      Code (inc. data)   RO Data    RW Data    ZI Data      Debug   Library Name

      3700        184          0          0       1296        964   da14531.lib
        98         18          0          0          0         68   mc_p.l

    ----------------------------------------------------------------------
      3800        202          0          0       1296       1032   Library Totals

    ----------------------------------------------------------------------

==============================================================================


      Code (inc. data)   RO Data    RW Data    ZI Data      Debug   

     20160       2986       5060         12       8440     201062   Grand Totals
     20160       2986       5060         12       8440     201062   ELF Image Totals
     20160       2986       5060         12          0          0   ROM Totals

==============================================================================

    Total RO  Size (Code + RO Data)                25220 (  24.63kB)
    Total RW  Size (RW Data + ZI Data)              8452 (   8.25kB)
    Total ROM Size (Code + RO Data + RW Data)      25232 (  24.64kB)

==============================================================================

