<!doctype html public "-//w3c//dtd html 4.0 transitional//en">
<html><head>
<title>Static Call Graph - [.\out_DA14531\Objects\empty_peripheral_template_531.axf]</title></head>
<body><HR>
<H1>Static Call Graph for image .\out_DA14531\Objects\empty_peripheral_template_531.axf</H1><HR>
<BR><P>#&#060CALLGRAPH&#062# ARM Linker, 6230001: Last Updated: Mon Sep  1 17:47:30 2025
<BR><P>
<H3>Maximum Stack Usage =        240 bytes + Unknown(Cycles, Untraceable Function Pointers)</H3><H3>
Call chain for Maximum Stack Depth:</H3>
main &rArr; rf_recalibration &rArr; rf_ldo_calibration &rArr; _ldo_radio_calibration
<P>
<H3>
Mutually Recursive functions
</H3> <LI><a href="#[3]">Default_Handler</a>&nbsp;&nbsp;&nbsp;&rArr;&nbsp;&nbsp;&nbsp;<a href="#[3]">Default_Handler</a><BR>
</UL>
<P>
<H3>
Function Pointers
</H3><UL>
 <LI><a href="#[a]">ADC_Handler</a> from lto-llvm-c73cc8.o(.text.ADC_Handler) referenced from lto-llvm-c73cc8.o(RESET)
 <LI><a href="#[b]">BLE_RF_DIAG_Handler</a> from lto-llvm-c73cc8.o(.text.BLE_RF_DIAG_Handler) referenced from lto-llvm-c73cc8.o(RESET)
 <LI><a href="#[5]">BLE_WAKEUP_LP_Handler</a> from lto-llvm-c73cc8.o(.text.BLE_WAKEUP_LP_Handler) referenced from lto-llvm-c73cc8.o(RESET)
 <LI><a href="#[3]">Default_Handler</a> from lto-llvm-c73cc8.o(startup_code_DA14xxx) referenced 17 times from lto-llvm-c73cc8.o(RESET)
 <LI><a href="#[c]">GPIO0_Handler</a> from lto-llvm-c73cc8.o(.text.GPIO0_Handler) referenced from lto-llvm-c73cc8.o(RESET)
 <LI><a href="#[d]">GPIO1_Handler</a> from lto-llvm-c73cc8.o(.text.GPIO1_Handler) referenced from lto-llvm-c73cc8.o(RESET)
 <LI><a href="#[e]">GPIO2_Handler</a> from lto-llvm-c73cc8.o(.text.GPIO2_Handler) referenced from lto-llvm-c73cc8.o(RESET)
 <LI><a href="#[f]">GPIO3_Handler</a> from lto-llvm-c73cc8.o(.text.GPIO3_Handler) referenced from lto-llvm-c73cc8.o(RESET)
 <LI><a href="#[10]">GPIO4_Handler</a> from lto-llvm-c73cc8.o(.text.GPIO4_Handler) referenced from lto-llvm-c73cc8.o(RESET)
 <LI><a href="#[1e]">GPIO_ConfigurePin</a> from lto-llvm-c73cc8.o(.text.GPIO_ConfigurePin) referenced from lto-llvm-c73cc8.o(.text.periph_init)
 <LI><a href="#[2]">HardFault_Handler</a> from lto-llvm-c73cc8.o(startup_code_DA14xxx) referenced from lto-llvm-c73cc8.o(RESET)
 <LI><a href="#[2d]">HardFault_HandlerC</a> from lto-llvm-c73cc8.o(.text.HardFault_HandlerC) referenced from lto-llvm-c73cc8.o(startup_code_DA14xxx)
 <LI><a href="#[9]">I2C_Handler</a> from lto-llvm-c73cc8.o(.text.I2C_Handler) referenced from lto-llvm-c73cc8.o(RESET)
 <LI><a href="#[99]">JT_l2cc_pdu_recv_ind_handler_func</a> from patch_1.o(.text) referenced from lto-llvm-c73cc8.o(.rodata.rom_func_addr_table_var)
 <LI><a href="#[96]">JT_l2cc_pdu_unpack_func</a> from patch_1.o(.text) referenced from lto-llvm-c73cc8.o(.rodata.rom_func_addr_table_var)
 <LI><a href="#[89]">JT_lld_test_mode_rx_func</a> from patch_1.o(.text) referenced from lto-llvm-c73cc8.o(.rodata.rom_func_addr_table_var)
 <LI><a href="#[1]">NMI_Handler</a> from lto-llvm-c73cc8.o(startup_code_DA14xxx) referenced from lto-llvm-c73cc8.o(RESET)
 <LI><a href="#[2c]">NMI_HandlerC</a> from lto-llvm-c73cc8.o(.text.NMI_HandlerC) referenced from lto-llvm-c73cc8.o(startup_code_DA14xxx)
 <LI><a href="#[55]">PATCHED_llc_data_ind_handler</a> from patch_1.o(.text) referenced from lto-llvm-c73cc8.o(.rodata.my_custom_msg_handlers)
 <LI><a href="#[56]">PATCHED_lld_data_ind_handler</a> from patch_1.o(.text) referenced from lto-llvm-c73cc8.o(.rodata.my_custom_msg_handlers)
 <LI><a href="#[1b]">PATCHED_llm_con_req_ind</a> from patch_1.o(.text) referenced from lto-llvm-c73cc8.o(.text.periph_init)
 <LI><a href="#[1c]">PATCHED_smpc_recv_pair_rand_pdu</a> from patch_1.o(.text) referenced from lto-llvm-c73cc8.o(.text.periph_init)
 <LI><a href="#[1d]">PATCHED_smpc_recv_public_key_exchange_pdu</a> from patch_1.o(.text) referenced from lto-llvm-c73cc8.o(.text.periph_init)
 <LI><a href="#[9f]">PK_PointMult_func</a> from da14531_symbols.txt(ABSOLUTE) referenced from lto-llvm-c73cc8.o(.rodata.rom_func_addr_table_var)
 <LI><a href="#[28]">RADIOCNTL_Handler</a> from lto-llvm-c73cc8.o(.text.RADIOCNTL_Handler) referenced from lto-llvm-c73cc8.o(.text.rf_init_func)
 <LI><a href="#[0]">Reset_Handler</a> from lto-llvm-c73cc8.o(startup_code_DA14xxx) referenced from lto-llvm-c73cc8.o(RESET)
 <LI><a href="#[4]">SysTick_Handler</a> from lto-llvm-c73cc8.o(.text.SysTick_Handler) referenced from lto-llvm-c73cc8.o(RESET)
 <LI><a href="#[8]">UART2_Handler</a> from lto-llvm-c73cc8.o(.text.UART2_Handler) referenced from lto-llvm-c73cc8.o(RESET)
 <LI><a href="#[7]">UART_Handler</a> from da14531_symbols.txt(ABSOLUTE) referenced from lto-llvm-c73cc8.o(RESET)
 <LI><a href="#[6a]">UART_Handler_func</a> from da14531_symbols.txt(ABSOLUTE) referenced from lto-llvm-c73cc8.o(.rodata.rom_func_addr_table_var)
 <LI><a href="#[11]">WKUP_QUADEC_Handler</a> from lto-llvm-c73cc8.o(.text.WKUP_QUADEC_Handler) referenced from lto-llvm-c73cc8.o(RESET)
 <LI><a href="#[23]">_WAIT10</a> from common.o(.text) referenced from lto-llvm-c73cc8.o(.text.rf_calibration)
 <LI><a href="#[21]">_WAIT400</a> from common.o(.text) referenced from lto-llvm-c73cc8.o(.text.rf_calibration)
 <LI><a href="#[4b]">app_custs1_create_db</a> from lto-llvm-c73cc8.o(.text.app_custs1_create_db) referenced from lto-llvm-c73cc8.o(.rodata.cust_prf_funcs)
 <LI><a href="#[43]">app_custs1_process_handler</a> from lto-llvm-c73cc8.o(.text.app_custs1_process_handler) referenced from lto-llvm-c73cc8.o(.rodata.app_process_handlers)
 <LI><a href="#[5b]">app_db_init_next</a> from lto-llvm-c73cc8.o(.text.app_db_init_next) referenced from lto-llvm-c73cc8.o(.rodata.rom_app_task_cfg)
 <LI><a href="#[57]">app_diss_create_db</a> from lto-llvm-c73cc8.o(.text.app_diss_create_db) referenced from lto-llvm-c73cc8.o(.rodata.prf_funcs)
 <LI><a href="#[42]">app_diss_process_handler</a> from lto-llvm-c73cc8.o(.text.app_diss_process_handler) referenced from lto-llvm-c73cc8.o(.rodata.app_process_handlers)
 <LI><a href="#[5a]">app_easy_gap_dev_configure</a> from lto-llvm-c73cc8.o(.text.app_easy_gap_dev_configure) referenced from lto-llvm-c73cc8.o(.rodata.rom_app_task_cfg)
 <LI><a href="#[2e]">app_entry_point_handler</a> from da14531_symbols.txt(ABSOLUTE) referenced from lto-llvm-c73cc8.o(.rodata.app_default_state)
 <LI><a href="#[3e]">app_gap_process_handler_RAM</a> from lto-llvm-c73cc8.o(.text.app_gap_process_handler_RAM) referenced from lto-llvm-c73cc8.o(.rodata.app_process_handlers)
 <LI><a href="#[40]">app_msg_utils_api_process_handler</a> from lto-llvm-c73cc8.o(.text.app_msg_utils_api_process_handler) referenced from lto-llvm-c73cc8.o(.rodata.app_process_handlers)
 <LI><a href="#[41]">app_sec_process_handler</a> from lto-llvm-c73cc8.o(.text.app_sec_process_handler) referenced from lto-llvm-c73cc8.o(.rodata.app_process_handlers)
 <LI><a href="#[3f]">app_timer_api_process_handler</a> from lto-llvm-c73cc8.o(.text.app_timer_api_process_handler) referenced from lto-llvm-c73cc8.o(.rodata.app_process_handlers)
 <LI><a href="#[60]">arch_force_active_mode</a> from lto-llvm-c73cc8.o(.text.arch_force_active_mode) referenced from lto-llvm-c73cc8.o(.rodata.rom_console_cfg)
 <LI><a href="#[15]">arch_printf</a> from da14531_symbols.txt(ABSOLUTE) referenced from lto-llvm-c73cc8.o(.text.gpadc_wireless_timer_cb)
 <LI><a href="#[15]">arch_printf</a> from da14531_symbols.txt(ABSOLUTE) referenced from lto-llvm-c73cc8.o(.text.uvp_uart_timer_cb)
 <LI><a href="#[5f]">arch_restore_sleep_mode</a> from lto-llvm-c73cc8.o(.text.arch_restore_sleep_mode) referenced from lto-llvm-c73cc8.o(.rodata.rom_console_cfg)
 <LI><a href="#[9c]">attc_l2cc_pdu_recv_handler_func</a> from da14531_symbols.txt(ABSOLUTE) referenced from lto-llvm-c73cc8.o(.rodata.rom_func_addr_table_var)
 <LI><a href="#[9b]">atts_l2cc_pdu_recv_handler_func</a> from da14531_symbols.txt(ABSOLUTE) referenced from lto-llvm-c73cc8.o(.rodata.rom_func_addr_table_var)
 <LI><a href="#[aa]">ba431_get_rand_func</a> from lto-llvm-c73cc8.o(.text.ba431_get_rand_func) referenced from lto-llvm-c73cc8.o(.rodata.rom_func_addr_table_var)
 <LI><a href="#[ae]">ble_init_arp_func</a> from lto-llvm-c73cc8.o(.text.ble_init_arp_func) referenced from lto-llvm-c73cc8.o(.rodata.rom_func_addr_table_var)
 <LI><a href="#[9d]">crypto_init_func</a> from lto-llvm-c73cc8.o(.text.crypto_init_func) referenced from lto-llvm-c73cc8.o(.rodata.rom_func_addr_table_var)
 <LI><a href="#[53]">custs1_att_info_rsp_handler</a> from da14531_symbols.txt(ABSOLUTE) referenced from lto-llvm-c73cc8.o(.rodata.custs1_default_state)
 <LI><a href="#[59]">custs1_prf_itf_get</a> from da14531_symbols.txt(ABSOLUTE) referenced from lto-llvm-c73cc8.o(.rodata.prf_if)
 <LI><a href="#[52]">custs1_val_ind_req_handler</a> from da14531_symbols.txt(ABSOLUTE) referenced from lto-llvm-c73cc8.o(.rodata.custs1_default_state)
 <LI><a href="#[50]">custs1_val_ntf_req_handler</a> from da14531_symbols.txt(ABSOLUTE) referenced from lto-llvm-c73cc8.o(.rodata.custs1_default_state)
 <LI><a href="#[51]">custs1_val_set_req_handler</a> from da14531_symbols.txt(ABSOLUTE) referenced from lto-llvm-c73cc8.o(.rodata.custs1_default_state)
 <LI><a href="#[54]">custs1_value_req_rsp_handler</a> from lto-llvm-c73cc8.o(.text.custs1_value_req_rsp_handler) referenced from lto-llvm-c73cc8.o(.rodata.custs1_default_state)
 <LI><a href="#[61]">custs_get_func_callbacks</a> from lto-llvm-c73cc8.o(.text.custs_get_func_callbacks) referenced from lto-llvm-c73cc8.o(.rodata.rom_cust_prf_cfg)
 <LI><a href="#[92]">dbg_init_func_empty</a> from lto-llvm-c73cc8.o(.text.dbg_init_func_empty) referenced from lto-llvm-c73cc8.o(.rodata.rom_func_addr_table_var)
 <LI><a href="#[93]">dbg_platform_reset_complete_func_empty</a> from lto-llvm-c73cc8.o(.text.dbg_platform_reset_complete_func_empty) referenced from lto-llvm-c73cc8.o(.rodata.rom_func_addr_table_var)
 <LI><a href="#[b8]">default_app_generate_static_random_addr</a> from lto-llvm-c73cc8.o(.text.default_app_generate_static_random_addr) referenced from lto-llvm-c73cc8.o(.rodata.user_app_callbacks)
 <LI><a href="#[b2]">default_app_on_db_init_complete</a> from lto-llvm-c73cc8.o(.text.default_app_on_db_init_complete) referenced from lto-llvm-c73cc8.o(.rodata.user_app_callbacks)
 <LI><a href="#[b4]">default_app_on_get_dev_appearance</a> from lto-llvm-c73cc8.o(.text.default_app_on_get_dev_appearance) referenced from lto-llvm-c73cc8.o(.rodata.user_app_callbacks)
 <LI><a href="#[b3]">default_app_on_get_dev_name</a> from lto-llvm-c73cc8.o(.text.default_app_on_get_dev_name) referenced from lto-llvm-c73cc8.o(.rodata.user_app_callbacks)
 <LI><a href="#[b5]">default_app_on_get_dev_slv_pref_params</a> from lto-llvm-c73cc8.o(.text.default_app_on_get_dev_slv_pref_params) referenced from lto-llvm-c73cc8.o(.rodata.user_app_callbacks)
 <LI><a href="#[bb]">default_app_on_ltk_exch</a> from lto-llvm-c73cc8.o(.text.default_app_on_ltk_exch) referenced from lto-llvm-c73cc8.o(.rodata.user_app_callbacks)
 <LI><a href="#[b9]">default_app_on_pairing_request</a> from lto-llvm-c73cc8.o(.text.default_app_on_pairing_request) referenced from lto-llvm-c73cc8.o(.rodata.user_app_callbacks)
 <LI><a href="#[b1]">default_app_on_set_dev_config_complete</a> from lto-llvm-c73cc8.o(.text.default_app_on_set_dev_config_complete) referenced from lto-llvm-c73cc8.o(.rodata.user_app_callbacks)
 <LI><a href="#[b6]">default_app_on_set_dev_info</a> from lto-llvm-c73cc8.o(.text.default_app_on_set_dev_info) referenced from lto-llvm-c73cc8.o(.rodata.user_app_callbacks)
 <LI><a href="#[ba]">default_app_on_tk_exch</a> from lto-llvm-c73cc8.o(.text.default_app_on_tk_exch) referenced from lto-llvm-c73cc8.o(.rodata.user_app_callbacks)
 <LI><a href="#[b7]">default_app_update_params_request</a> from lto-llvm-c73cc8.o(.text.default_app_update_params_request) referenced from lto-llvm-c73cc8.o(.rodata.user_app_callbacks)
 <LI><a href="#[a8]">dia_rand_func</a> from lto-llvm-c73cc8.o(.text.dia_rand_func) referenced from lto-llvm-c73cc8.o(.rodata.rom_func_addr_table_var)
 <LI><a href="#[a9]">dia_srand_func</a> from lto-llvm-c73cc8.o(.text.dia_srand_func) referenced from lto-llvm-c73cc8.o(.rodata.rom_func_addr_table_var)
 <LI><a href="#[22]">dis_adpll</a> from lto-llvm-c73cc8.o(.text.dis_adpll) referenced from lto-llvm-c73cc8.o(.text.rf_calibration)
 <LI><a href="#[1f]">dis_hclk</a> from lto-llvm-c73cc8.o(.text.dis_hclk) referenced from lto-llvm-c73cc8.o(.text.rf_calibration)
 <LI><a href="#[58]">diss_prf_itf_get</a> from da14531_symbols.txt(ABSOLUTE) referenced from lto-llvm-c73cc8.o(.rodata.prf_if)
 <LI><a href="#[2f]">diss_value_req_ind_handler</a> from lto-llvm-c73cc8.o(.text.diss_value_req_ind_handler) referenced from lto-llvm-c73cc8.o(.rodata.app_diss_process_handlers)
 <LI><a href="#[20]">en_adpll_tx</a> from lto-llvm-c73cc8.o(.text.en_adpll_tx) referenced from lto-llvm-c73cc8.o(.text.rf_calibration)
 <LI><a href="#[45]">gapc_bond_ind_handler</a> from lto-llvm-c73cc8.o(.text.gapc_bond_ind_handler) referenced from lto-llvm-c73cc8.o(.rodata.app_sec_process_handlers)
 <LI><a href="#[44]">gapc_bond_req_ind_handler</a> from lto-llvm-c73cc8.o(.text.gapc_bond_req_ind_handler) referenced from lto-llvm-c73cc8.o(.rodata.app_sec_process_handlers)
 <LI><a href="#[32]">gapc_cmp_evt_handler_wrapper</a> from lto-llvm-c73cc8.o(.text.gapc_cmp_evt_handler_wrapper) referenced from lto-llvm-c73cc8.o(.rodata.app_gap_process_handlers)
 <LI><a href="#[33]">gapc_connection_req_ind_handler_wrapper</a> from lto-llvm-c73cc8.o(.text.gapc_connection_req_ind_handler_wrapper) referenced from lto-llvm-c73cc8.o(.rodata.app_gap_process_handlers)
 <LI><a href="#[34]">gapc_disconnect_ind_handler_wrapper</a> from lto-llvm-c73cc8.o(.text.gapc_disconnect_ind_handler_wrapper) referenced from lto-llvm-c73cc8.o(.rodata.app_gap_process_handlers)
 <LI><a href="#[47]">gapc_encrypt_ind_handler</a> from lto-llvm-c73cc8.o(.text.gapc_encrypt_ind_handler) referenced from lto-llvm-c73cc8.o(.rodata.app_sec_process_handlers)
 <LI><a href="#[46]">gapc_encrypt_req_ind_handler</a> from lto-llvm-c73cc8.o(.text.gapc_encrypt_req_ind_handler) referenced from lto-llvm-c73cc8.o(.rodata.app_sec_process_handlers)
 <LI><a href="#[35]">gapc_get_dev_info_req_ind_handler_wrapper</a> from lto-llvm-c73cc8.o(.text.gapc_get_dev_info_req_ind_handler_wrapper) referenced from lto-llvm-c73cc8.o(.rodata.app_gap_process_handlers)
 <LI><a href="#[3a]">gapc_le_pkt_size_ind_handler_wrapper</a> from lto-llvm-c73cc8.o(.text.gapc_le_pkt_size_ind_handler_wrapper) referenced from lto-llvm-c73cc8.o(.rodata.app_gap_process_handlers)
 <LI><a href="#[9a]">gapc_lecb_connect_cfm_handler_func</a> from da14531_symbols.txt(ABSOLUTE) referenced from lto-llvm-c73cc8.o(.rodata.rom_func_addr_table_var)
 <LI><a href="#[39]">gapc_param_update_req_ind_handler_wrapper</a> from lto-llvm-c73cc8.o(.text.gapc_param_update_req_ind_handler_wrapper) referenced from lto-llvm-c73cc8.o(.rodata.app_gap_process_handlers)
 <LI><a href="#[3c]">gapc_peer_features_ind_handler_wrapper</a> from lto-llvm-c73cc8.o(.text.gapc_peer_features_ind_handler_wrapper) referenced from lto-llvm-c73cc8.o(.rodata.app_gap_process_handlers)
 <LI><a href="#[3d]">gapc_security_ind_handler_wrapper</a> from lto-llvm-c73cc8.o(.text.gapc_security_ind_handler_wrapper) referenced from lto-llvm-c73cc8.o(.rodata.app_gap_process_handlers)
 <LI><a href="#[36]">gapc_set_dev_info_req_ind_handler_wrapper</a> from lto-llvm-c73cc8.o(.text.gapc_set_dev_info_req_ind_handler_wrapper) referenced from lto-llvm-c73cc8.o(.rodata.app_gap_process_handlers)
 <LI><a href="#[48]">gapm_addr_solved_ind_handler</a> from lto-llvm-c73cc8.o(.text.gapm_addr_solved_ind_handler) referenced from lto-llvm-c73cc8.o(.rodata.app_sec_process_handlers)
 <LI><a href="#[38]">gapm_adv_report_ind_handler_wrapper</a> from lto-llvm-c73cc8.o(.text.gapm_adv_report_ind_handler_wrapper) referenced from lto-llvm-c73cc8.o(.rodata.app_gap_process_handlers)
 <LI><a href="#[31]">gapm_cmp_evt_handler_wrapper</a> from lto-llvm-c73cc8.o(.text.gapm_cmp_evt_handler_wrapper) referenced from lto-llvm-c73cc8.o(.rodata.app_gap_process_handlers)
 <LI><a href="#[30]">gapm_device_ready_ind_handler_wrapper</a> from lto-llvm-c73cc8.o(.text.gapm_device_ready_ind_handler_wrapper) referenced from lto-llvm-c73cc8.o(.rodata.app_gap_process_handlers)
 <LI><a href="#[37]">gapm_profile_added_ind_handler_wrapper</a> from lto-llvm-c73cc8.o(.text.gapm_profile_added_ind_handler_wrapper) referenced from lto-llvm-c73cc8.o(.rodata.app_gap_process_handlers)
 <LI><a href="#[4a]">gapm_ral_addr_ind_handler</a> from lto-llvm-c73cc8.o(.text.gapm_ral_addr_ind_handler) referenced from lto-llvm-c73cc8.o(.rodata.app_sec_process_handlers)
 <LI><a href="#[49]">gapm_ral_size_ind_handler</a> from lto-llvm-c73cc8.o(.text.gapm_ral_size_ind_handler) referenced from lto-llvm-c73cc8.o(.rodata.app_sec_process_handlers)
 <LI><a href="#[4e]">gattc_att_info_req_ind_handler</a> from da14531_symbols.txt(ABSOLUTE) referenced from lto-llvm-c73cc8.o(.rodata.custs1_default_state)
 <LI><a href="#[4f]">gattc_cmp_evt_handler</a> from da14531_symbols.txt(ABSOLUTE) referenced from lto-llvm-c73cc8.o(.rodata.custs1_default_state)
 <LI><a href="#[4c]">gattc_read_req_ind_handler</a> from da14531_symbols.txt(ABSOLUTE) referenced from lto-llvm-c73cc8.o(.rodata.custs1_default_state)
 <LI><a href="#[3b]">gattc_svc_changed_cfg_ind_handler_wrapper</a> from lto-llvm-c73cc8.o(.text.gattc_svc_changed_cfg_ind_handler_wrapper) referenced from lto-llvm-c73cc8.o(.rodata.app_gap_process_handlers)
 <LI><a href="#[4d]">gattc_write_req_ind_handler</a> from lto-llvm-c73cc8.o(.text.gattc_write_req_ind_handler) referenced from lto-llvm-c73cc8.o(.rodata.custs1_default_state)
 <LI><a href="#[16]">gpadc_wireless_timer_cb</a> from lto-llvm-c73cc8.o(.text.gpadc_wireless_timer_cb) referenced from lto-llvm-c73cc8.o(.text.gpadc_wireless_timer_cb)
 <LI><a href="#[6c]">gtl_eif_init_func</a> from da14531_symbols.txt(ABSOLUTE) referenced from lto-llvm-c73cc8.o(.rodata.rom_func_addr_table_var)
 <LI><a href="#[6e]">gtl_eif_read_hdr_func</a> from da14531_symbols.txt(ABSOLUTE) referenced from lto-llvm-c73cc8.o(.rodata.rom_func_addr_table_var)
 <LI><a href="#[6f]">gtl_eif_read_payl_func</a> from da14531_symbols.txt(ABSOLUTE) referenced from lto-llvm-c73cc8.o(.rodata.rom_func_addr_table_var)
 <LI><a href="#[6d]">gtl_eif_read_start_func</a> from da14531_symbols.txt(ABSOLUTE) referenced from lto-llvm-c73cc8.o(.rodata.rom_func_addr_table_var)
 <LI><a href="#[71]">gtl_eif_rx_done_func</a> from da14531_symbols.txt(ABSOLUTE) referenced from lto-llvm-c73cc8.o(.rodata.rom_func_addr_table_var)
 <LI><a href="#[70]">gtl_eif_tx_done_func</a> from da14531_symbols.txt(ABSOLUTE) referenced from lto-llvm-c73cc8.o(.rodata.rom_func_addr_table_var)
 <LI><a href="#[6b]">gtl_init_func</a> from da14531_symbols.txt(ABSOLUTE) referenced from lto-llvm-c73cc8.o(.rodata.rom_func_addr_table_var)
 <LI><a href="#[72]">h4tl_init_func</a> from da14531_symbols.txt(ABSOLUTE) referenced from lto-llvm-c73cc8.o(.rodata.rom_func_addr_table_var)
 <LI><a href="#[77]">h4tl_out_of_sync_func</a> from da14531_symbols.txt(ABSOLUTE) referenced from lto-llvm-c73cc8.o(.rodata.rom_func_addr_table_var)
 <LI><a href="#[74]">h4tl_read_hdr_func</a> from da14531_symbols.txt(ABSOLUTE) referenced from lto-llvm-c73cc8.o(.rodata.rom_func_addr_table_var)
 <LI><a href="#[76]">h4tl_read_next_out_of_sync_func</a> from da14531_symbols.txt(ABSOLUTE) referenced from lto-llvm-c73cc8.o(.rodata.rom_func_addr_table_var)
 <LI><a href="#[75]">h4tl_read_payl_func</a> from da14531_symbols.txt(ABSOLUTE) referenced from lto-llvm-c73cc8.o(.rodata.rom_func_addr_table_var)
 <LI><a href="#[73]">h4tl_read_start_func</a> from da14531_symbols.txt(ABSOLUTE) referenced from lto-llvm-c73cc8.o(.rodata.rom_func_addr_table_var)
 <LI><a href="#[79]">h4tl_rx_done_func</a> from da14531_symbols.txt(ABSOLUTE) referenced from lto-llvm-c73cc8.o(.rodata.rom_func_addr_table_var)
 <LI><a href="#[78]">h4tl_tx_done_func</a> from da14531_symbols.txt(ABSOLUTE) referenced from lto-llvm-c73cc8.o(.rodata.rom_func_addr_table_var)
 <LI><a href="#[94]">hci_rd_local_supp_feats_cmd_handler_func</a> from da14531_symbols.txt(ABSOLUTE) referenced from lto-llvm-c73cc8.o(.rodata.rom_func_addr_table_var)
 <LI><a href="#[7a]">ke_task_init_func</a> from da14531_symbols.txt(ABSOLUTE) referenced from lto-llvm-c73cc8.o(.rodata.rom_func_addr_table_var)
 <LI><a href="#[7b]">ke_timer_init_func</a> from da14531_symbols.txt(ABSOLUTE) referenced from lto-llvm-c73cc8.o(.rodata.rom_func_addr_table_var)
 <LI><a href="#[98]">l2c_process_sdu_func</a> from da14531_symbols.txt(ABSOLUTE) referenced from lto-llvm-c73cc8.o(.rodata.rom_func_addr_table_var)
 <LI><a href="#[97]">l2c_send_lecb_message_func</a> from da14531_symbols.txt(ABSOLUTE) referenced from lto-llvm-c73cc8.o(.rodata.rom_func_addr_table_var)
 <LI><a href="#[95]">l2cc_pdu_pack_func</a> from da14531_symbols.txt(ABSOLUTE) referenced from lto-llvm-c73cc8.o(.rodata.rom_func_addr_table_var)
 <LI><a href="#[a4]">llc_le_length_conn_init_func</a> from da14531_symbols.txt(ABSOLUTE) referenced from lto-llvm-c73cc8.o(.rodata.rom_func_addr_table_var)
 <LI><a href="#[a3]">llc_le_length_effective_func</a> from da14531_symbols.txt(ABSOLUTE) referenced from lto-llvm-c73cc8.o(.rodata.rom_func_addr_table_var)
 <LI><a href="#[a7]">llc_pdu_send_func</a> from da14531_symbols.txt(ABSOLUTE) referenced from lto-llvm-c73cc8.o(.rodata.rom_func_addr_table_var)
 <LI><a href="#[a6]">lld_data_tx_check_func</a> from da14531_symbols.txt(ABSOLUTE) referenced from lto-llvm-c73cc8.o(.rodata.rom_func_addr_table_var)
 <LI><a href="#[a5]">lld_data_tx_prog_func</a> from da14531_symbols.txt(ABSOLUTE) referenced from lto-llvm-c73cc8.o(.rodata.rom_func_addr_table_var)
 <LI><a href="#[83]">lld_sleep_compensate_func</a> from lto-llvm-c73cc8.o(.text.lld_sleep_compensate_func) referenced from lto-llvm-c73cc8.o(.rodata.rom_func_addr_table_var)
 <LI><a href="#[84]">lld_sleep_init_func</a> from lto-llvm-c73cc8.o(.text.lld_sleep_init_func) referenced from lto-llvm-c73cc8.o(.rodata.rom_func_addr_table_var)
 <LI><a href="#[86]">lld_sleep_lpcycles_2_us_sel_func</a> from lto-llvm-c73cc8.o(.text.lld_sleep_lpcycles_2_us_sel_func) referenced from lto-llvm-c73cc8.o(.rodata.rom_func_addr_table_var)
 <LI><a href="#[85]">lld_sleep_us_2_lpcycles_sel_func</a> from lto-llvm-c73cc8.o(.text.lld_sleep_us_2_lpcycles_sel_func) referenced from lto-llvm-c73cc8.o(.rodata.rom_func_addr_table_var)
 <LI><a href="#[88]">lld_test_mode_tx_func</a> from da14531_symbols.txt(ABSOLUTE) referenced from lto-llvm-c73cc8.o(.rodata.rom_func_addr_table_var)
 <LI><a href="#[87]">lld_test_stop_func</a> from da14531_symbols.txt(ABSOLUTE) referenced from lto-llvm-c73cc8.o(.rodata.rom_func_addr_table_var)
 <LI><a href="#[18]">llm_con_req_ind</a> from da14531_symbols.txt(ABSOLUTE) referenced from lto-llvm-c73cc8.o(.text.periph_init)
 <LI><a href="#[a1]">llm_create_p256_key_func</a> from da14531_symbols.txt(ABSOLUTE) referenced from lto-llvm-c73cc8.o(.rodata.rom_func_addr_table_var)
 <LI><a href="#[7c]">llm_encryption_done_func</a> from da14531_symbols.txt(ABSOLUTE) referenced from lto-llvm-c73cc8.o(.rodata.rom_func_addr_table_var)
 <LI><a href="#[9e]">llm_le_adv_report_ind_func</a> from da14531_symbols.txt(ABSOLUTE) referenced from lto-llvm-c73cc8.o(.rodata.rom_func_addr_table_var)
 <LI><a href="#[a2]">llm_p256_req_handler_func</a> from da14531_symbols.txt(ABSOLUTE) referenced from lto-llvm-c73cc8.o(.rodata.rom_func_addr_table_var)
 <LI><a href="#[a0]">llm_p256_start_func</a> from da14531_symbols.txt(ABSOLUTE) referenced from lto-llvm-c73cc8.o(.rodata.rom_func_addr_table_var)
 <LI><a href="#[12]">main</a> from lto-llvm-c73cc8.o(.text.main) referenced from entry9a.o(.ARM.Collect$$$$0000000B)
 <LI><a href="#[7f]">nvds_del_func</a> from da14531_symbols.txt(ABSOLUTE) referenced from lto-llvm-c73cc8.o(.rodata.rom_func_addr_table_var)
 <LI><a href="#[7d]">nvds_get_func</a> from da14531_symbols.txt(ABSOLUTE) referenced from lto-llvm-c73cc8.o(.rodata.rom_func_addr_table_var)
 <LI><a href="#[80]">nvds_init_func</a> from da14531_symbols.txt(ABSOLUTE) referenced from lto-llvm-c73cc8.o(.rodata.rom_func_addr_table_var)
 <LI><a href="#[7e]">nvds_put_func</a> from da14531_symbols.txt(ABSOLUTE) referenced from lto-llvm-c73cc8.o(.rodata.rom_func_addr_table_var)
 <LI><a href="#[82]">platform_reset_func</a> from lto-llvm-c73cc8.o(.text.platform_reset_func) referenced from lto-llvm-c73cc8.o(.rodata.rom_func_addr_table_var)
 <LI><a href="#[8d]">prf_add_profile_func</a> from da14531_symbols.txt(ABSOLUTE) referenced from lto-llvm-c73cc8.o(.rodata.rom_func_addr_table_var)
 <LI><a href="#[8f]">prf_cleanup_func</a> from da14531_symbols.txt(ABSOLUTE) referenced from lto-llvm-c73cc8.o(.rodata.rom_func_addr_table_var)
 <LI><a href="#[8e]">prf_create_func</a> from lto-llvm-c73cc8.o(.text.prf_create_func) referenced from lto-llvm-c73cc8.o(.rodata.rom_func_addr_table_var)
 <LI><a href="#[90]">prf_get_id_from_task_func</a> from da14531_symbols.txt(ABSOLUTE) referenced from lto-llvm-c73cc8.o(.rodata.rom_func_addr_table_var)
 <LI><a href="#[91]">prf_get_task_from_id_func</a> from da14531_symbols.txt(ABSOLUTE) referenced from lto-llvm-c73cc8.o(.rodata.rom_func_addr_table_var)
 <LI><a href="#[8c]">prf_init_func</a> from lto-llvm-c73cc8.o(.text.prf_init_func) referenced from lto-llvm-c73cc8.o(.rodata.rom_func_addr_table_var)
 <LI><a href="#[2b]">rf_force_agc_enable</a> from lto-llvm-c73cc8.o(.text.rf_force_agc_enable) referenced from lto-llvm-c73cc8.o(.text.rf_init_func)
 <LI><a href="#[62]">rf_init_func</a> from lto-llvm-c73cc8.o(.text.rf_init_func) referenced from lto-llvm-c73cc8.o(.rodata.rom_func_addr_table_var)
 <LI><a href="#[25]">rf_reg_rd</a> from lto-llvm-c73cc8.o(.text.rf_reg_rd) referenced from lto-llvm-c73cc8.o(.text.rf_init_func)
 <LI><a href="#[24]">rf_reg_wr</a> from lto-llvm-c73cc8.o(.text.rf_reg_wr) referenced from lto-llvm-c73cc8.o(.text.rf_init_func)
 <LI><a href="#[63]">rf_reinit_func</a> from lto-llvm-c73cc8.o(.text.rf_reinit_func) referenced from lto-llvm-c73cc8.o(.rodata.rom_func_addr_table_var)
 <LI><a href="#[29]">rf_reset</a> from lto-llvm-c73cc8.o(.text.rf_reset) referenced from lto-llvm-c73cc8.o(.text.rf_init_func)
 <LI><a href="#[2a]">rf_rssi_convert</a> from lto-llvm-c73cc8.o(.text.rf_rssi_convert) referenced from lto-llvm-c73cc8.o(.text.rf_init_func)
 <LI><a href="#[27]">rf_sleep</a> from lto-llvm-c73cc8.o(.text.rf_sleep) referenced from lto-llvm-c73cc8.o(.text.rf_init_func)
 <LI><a href="#[26]">rf_txpwr_dbm_get</a> from lto-llvm-c73cc8.o(.text.rf_txpwr_dbm_get) referenced from lto-llvm-c73cc8.o(.text.rf_init_func)
 <LI><a href="#[6]">rwble_isr</a> from lto-llvm-c73cc8.o(.text.rwble_isr) referenced from lto-llvm-c73cc8.o(RESET)
 <LI><a href="#[81]">rwip_eif_get_func</a> from da14531_symbols.txt(ABSOLUTE) referenced from lto-llvm-c73cc8.o(.rodata.rom_func_addr_table_var)
 <LI><a href="#[8a]">smpc_check_param_func</a> from da14531_symbols.txt(ABSOLUTE) referenced from lto-llvm-c73cc8.o(.rodata.rom_func_addr_table_var)
 <LI><a href="#[ac]">smpc_dhkey_calc_ind_func</a> from da14531_symbols.txt(ABSOLUTE) referenced from lto-llvm-c73cc8.o(.rodata.rom_func_addr_table_var)
 <LI><a href="#[8b]">smpc_pdu_recv_func</a> from da14531_symbols.txt(ABSOLUTE) referenced from lto-llvm-c73cc8.o(.rodata.rom_func_addr_table_var)
 <LI><a href="#[ab]">smpc_public_key_exchange_start_func</a> from da14531_symbols.txt(ABSOLUTE) referenced from lto-llvm-c73cc8.o(.rodata.rom_func_addr_table_var)
 <LI><a href="#[19]">smpc_recv_pair_rand_pdu</a> from da14531_symbols.txt(ABSOLUTE) referenced from lto-llvm-c73cc8.o(.text.periph_init)
 <LI><a href="#[1a]">smpc_recv_public_key_exchange_pdu</a> from da14531_symbols.txt(ABSOLUTE) referenced from lto-llvm-c73cc8.o(.text.periph_init)
 <LI><a href="#[ad]">smpm_ecdh_key_create_func</a> from da14531_symbols.txt(ABSOLUTE) referenced from lto-llvm-c73cc8.o(.rodata.rom_func_addr_table_var)
 <LI><a href="#[14]">timer_canceled_handler</a> from lto-llvm-c73cc8.o(.text.timer_canceled_handler) referenced from lto-llvm-c73cc8.o(.text.app_timer_api_process_handler)
 <LI><a href="#[13]">timer_modified_handler</a> from lto-llvm-c73cc8.o(.text.timer_modified_handler) referenced from lto-llvm-c73cc8.o(.text.app_timer_api_process_handler)
 <LI><a href="#[5e]">uart_finish_transfers_adapt</a> from lto-llvm-c73cc8.o(.text.uart_finish_transfers_adapt) referenced from lto-llvm-c73cc8.o(.rodata.rom_console_cfg)
 <LI><a href="#[67]">uart_finish_transfers_func</a> from da14531_symbols.txt(ABSOLUTE) referenced from lto-llvm-c73cc8.o(.rodata.rom_func_addr_table_var)
 <LI><a href="#[66]">uart_flow_off_func</a> from da14531_symbols.txt(ABSOLUTE) referenced from lto-llvm-c73cc8.o(.rodata.rom_func_addr_table_var)
 <LI><a href="#[65]">uart_flow_on_func</a> from da14531_symbols.txt(ABSOLUTE) referenced from lto-llvm-c73cc8.o(.rodata.rom_func_addr_table_var)
 <LI><a href="#[64]">uart_init_func</a> from da14531_symbols.txt(ABSOLUTE) referenced from lto-llvm-c73cc8.o(.rodata.rom_func_addr_table_var)
 <LI><a href="#[68]">uart_read_func</a> from da14531_symbols.txt(ABSOLUTE) referenced from lto-llvm-c73cc8.o(.rodata.rom_func_addr_table_var)
 <LI><a href="#[5d]">uart_write_adapt</a> from lto-llvm-c73cc8.o(.text.uart_write_adapt) referenced from lto-llvm-c73cc8.o(.rodata.rom_console_cfg)
 <LI><a href="#[69]">uart_write_func</a> from da14531_symbols.txt(ABSOLUTE) referenced from lto-llvm-c73cc8.o(.rodata.rom_func_addr_table_var)
 <LI><a href="#[5c]">user_catch_rest_hndl</a> from lto-llvm-c73cc8.o(.text.user_catch_rest_hndl) referenced from lto-llvm-c73cc8.o(.rodata.rom_app_task_cfg)
 <LI><a href="#[af]">user_on_connection</a> from lto-llvm-c73cc8.o(.text.user_on_connection) referenced from lto-llvm-c73cc8.o(.rodata.user_app_callbacks)
 <LI><a href="#[b0]">user_on_disconnect</a> from lto-llvm-c73cc8.o(.text.user_on_disconnect) referenced from lto-llvm-c73cc8.o(.rodata.user_app_callbacks)
 <LI><a href="#[17]">uvp_uart_timer_cb</a> from lto-llvm-c73cc8.o(.text.uvp_uart_timer_cb) referenced from lto-llvm-c73cc8.o(.text.main)
 <LI><a href="#[17]">uvp_uart_timer_cb</a> from lto-llvm-c73cc8.o(.text.uvp_uart_timer_cb) referenced from lto-llvm-c73cc8.o(.text.uvp_uart_timer_cb)
</UL>
<P>
<H3>
Global Symbols
</H3>
<P><STRONG><a name="[81]"></a>rwip_eif_get_func</STRONG> (Thumb, 0 bytes, Stack size 0 bytes, da14531_symbols.txt(ABSOLUTE), UNUSED)
<BR>[Address Reference Count : 1]<UL><LI> lto-llvm-c73cc8.o(.rodata.rom_func_addr_table_var)
</UL>
<P><STRONG><a name="[139]"></a>ble_init</STRONG> (Thumb, 0 bytes, Stack size 0 bytes, da14531_symbols.txt(ABSOLUTE))
<BR><BR>[Called By]<UL><LI><a href="#[12]">&gt;&gt;</a>&nbsp;&nbsp;&nbsp;main
</UL>

<P><STRONG><a name="[146]"></a>ble_regs_push</STRONG> (Thumb, 0 bytes, Stack size 0 bytes, da14531_symbols.txt(ABSOLUTE))
<BR><BR>[Called By]<UL><LI><a href="#[12]">&gt;&gt;</a>&nbsp;&nbsp;&nbsp;main
</UL>

<P><STRONG><a name="[f5]"></a>ble_regs_pop</STRONG> (Thumb, 0 bytes, Stack size 0 bytes, da14531_symbols.txt(ABSOLUTE))
<BR><BR>[Called By]<UL><LI><a href="#[5]">&gt;&gt;</a>&nbsp;&nbsp;&nbsp;BLE_WAKEUP_LP_Handler
</UL>

<P><STRONG><a name="[15b]"></a>rf_reinit</STRONG> (Thumb, 0 bytes, Stack size 0 bytes, da14531_symbols.txt(ABSOLUTE))
<BR><BR>[Called By]<UL><LI><a href="#[6]">&gt;&gt;</a>&nbsp;&nbsp;&nbsp;rwble_isr
</UL>

<P><STRONG><a name="[c6]"></a>smpc_pdu_recv</STRONG> (Thumb, 0 bytes, Stack size 0 bytes, da14531_symbols.txt(ABSOLUTE))
<BR><BR>[Called By]<UL><LI><a href="#[99]">&gt;&gt;</a>&nbsp;&nbsp;&nbsp;JT_l2cc_pdu_recv_ind_handler_func
</UL>

<P><STRONG><a name="[7]"></a>UART_Handler</STRONG> (Thumb, 0 bytes, Stack size 0 bytes, da14531_symbols.txt(ABSOLUTE), UNUSED)
<BR>[Address Reference Count : 1]<UL><LI> lto-llvm-c73cc8.o(RESET)
</UL>
<P><STRONG><a name="[12c]"></a>prf_get_task_from_id</STRONG> (Thumb, 0 bytes, Stack size 0 bytes, da14531_symbols.txt(ABSOLUTE))
<BR><BR>[Called By]<UL><LI><a href="#[16]">&gt;&gt;</a>&nbsp;&nbsp;&nbsp;gpadc_wireless_timer_cb
</UL>

<P><STRONG><a name="[109]"></a>dia_rand</STRONG> (Thumb, 0 bytes, Stack size 0 bytes, da14531_symbols.txt(ABSOLUTE))
<BR><BR>[Called By]<UL><LI><a href="#[aa]">&gt;&gt;</a>&nbsp;&nbsp;&nbsp;ba431_get_rand_func
<LI><a href="#[bb]">&gt;&gt;</a>&nbsp;&nbsp;&nbsp;default_app_on_ltk_exch
<LI><a href="#[b8]">&gt;&gt;</a>&nbsp;&nbsp;&nbsp;default_app_generate_static_random_addr
</UL>

<P><STRONG><a name="[e3]"></a>co_buf_rx_free</STRONG> (Thumb, 0 bytes, Stack size 0 bytes, da14531_symbols.txt(ABSOLUTE))
<BR><BR>[Called By]<UL><LI><a href="#[55]">&gt;&gt;</a>&nbsp;&nbsp;&nbsp;PATCHED_llc_data_ind_handler
</UL>

<P><STRONG><a name="[c7]"></a>co_buf_rx_buffer_get</STRONG> (Thumb, 0 bytes, Stack size 0 bytes, da14531_symbols.txt(ABSOLUTE))
<BR><BR>[Called By]<UL><LI><a href="#[1b]">&gt;&gt;</a>&nbsp;&nbsp;&nbsp;PATCHED_llm_con_req_ind
</UL>

<P><STRONG><a name="[cd]"></a>co_buf_tx_buffer_get</STRONG> (Thumb, 0 bytes, Stack size 0 bytes, da14531_symbols.txt(ABSOLUTE))
<BR><BR>[Called By]<UL><LI><a href="#[1b]">&gt;&gt;</a>&nbsp;&nbsp;&nbsp;PATCHED_llm_con_req_ind
</UL>

<P><STRONG><a name="[a3]"></a>llc_le_length_effective_func</STRONG> (Thumb, 0 bytes, Stack size 0 bytes, da14531_symbols.txt(ABSOLUTE), UNUSED)
<BR>[Address Reference Count : 1]<UL><LI> lto-llvm-c73cc8.o(.rodata.rom_func_addr_table_var)
</UL>
<P><STRONG><a name="[a4]"></a>llc_le_length_conn_init_func</STRONG> (Thumb, 0 bytes, Stack size 0 bytes, da14531_symbols.txt(ABSOLUTE), UNUSED)
<BR>[Address Reference Count : 1]<UL><LI> lto-llvm-c73cc8.o(.rodata.rom_func_addr_table_var)
</UL>
<P><STRONG><a name="[ce]"></a>llc_le_con_cmp_evt_send</STRONG> (Thumb, 0 bytes, Stack size 0 bytes, da14531_symbols.txt(ABSOLUTE))
<BR><BR>[Called By]<UL><LI><a href="#[1b]">&gt;&gt;</a>&nbsp;&nbsp;&nbsp;PATCHED_llm_con_req_ind
</UL>

<P><STRONG><a name="[d6]"></a>llc_start</STRONG> (Thumb, 0 bytes, Stack size 0 bytes, da14531_symbols.txt(ABSOLUTE))
<BR><BR>[Called By]<UL><LI><a href="#[1b]">&gt;&gt;</a>&nbsp;&nbsp;&nbsp;PATCHED_llm_con_req_ind
</UL>

<P><STRONG><a name="[e5]"></a>llc_common_enc_key_ref_comp_evt_send</STRONG> (Thumb, 0 bytes, Stack size 0 bytes, da14531_symbols.txt(ABSOLUTE))
<BR><BR>[Called By]<UL><LI><a href="#[55]">&gt;&gt;</a>&nbsp;&nbsp;&nbsp;PATCHED_llc_data_ind_handler
</UL>

<P><STRONG><a name="[e6]"></a>llc_common_enc_change_evt_send</STRONG> (Thumb, 0 bytes, Stack size 0 bytes, da14531_symbols.txt(ABSOLUTE))
<BR><BR>[Called By]<UL><LI><a href="#[55]">&gt;&gt;</a>&nbsp;&nbsp;&nbsp;PATCHED_llc_data_ind_handler
</UL>

<P><STRONG><a name="[a7]"></a>llc_pdu_send_func</STRONG> (Thumb, 0 bytes, Stack size 0 bytes, da14531_symbols.txt(ABSOLUTE), UNUSED)
<BR>[Address Reference Count : 1]<UL><LI> lto-llvm-c73cc8.o(.rodata.rom_func_addr_table_var)
</UL>
<P><STRONG><a name="[e9]"></a>llc_lsto_timer_restart</STRONG> (Thumb, 0 bytes, Stack size 0 bytes, da14531_symbols.txt(ABSOLUTE))
<BR><BR>[Called By]<UL><LI><a href="#[56]">&gt;&gt;</a>&nbsp;&nbsp;&nbsp;PATCHED_lld_data_ind_handler
</UL>

<P><STRONG><a name="[ea]"></a>lld_data_ind_handler</STRONG> (Thumb, 0 bytes, Stack size 0 bytes, da14531_symbols.txt(ABSOLUTE))
<BR><BR>[Called By]<UL><LI><a href="#[56]">&gt;&gt;</a>&nbsp;&nbsp;&nbsp;PATCHED_lld_data_ind_handler
</UL>

<P><STRONG><a name="[c8]"></a>llc_util_get_free_conhdl</STRONG> (Thumb, 0 bytes, Stack size 0 bytes, da14531_symbols.txt(ABSOLUTE))
<BR><BR>[Called By]<UL><LI><a href="#[1b]">&gt;&gt;</a>&nbsp;&nbsp;&nbsp;PATCHED_llm_con_req_ind
</UL>

<P><STRONG><a name="[e7]"></a>llc_util_dicon_procedure</STRONG> (Thumb, 0 bytes, Stack size 0 bytes, da14531_symbols.txt(ABSOLUTE))
<BR><BR>[Called By]<UL><LI><a href="#[55]">&gt;&gt;</a>&nbsp;&nbsp;&nbsp;PATCHED_llc_data_ind_handler
</UL>

<P><STRONG><a name="[d7]"></a>llc_util_update_channel_map</STRONG> (Thumb, 0 bytes, Stack size 0 bytes, da14531_symbols.txt(ABSOLUTE))
<BR><BR>[Called By]<UL><LI><a href="#[1b]">&gt;&gt;</a>&nbsp;&nbsp;&nbsp;PATCHED_llm_con_req_ind
</UL>

<P><STRONG><a name="[e4]"></a>lld_get_mode</STRONG> (Thumb, 0 bytes, Stack size 0 bytes, da14531_symbols.txt(ABSOLUTE))
<BR><BR>[Called By]<UL><LI><a href="#[55]">&gt;&gt;</a>&nbsp;&nbsp;&nbsp;PATCHED_llc_data_ind_handler
</UL>

<P><STRONG><a name="[d5]"></a>lld_move_to_slave</STRONG> (Thumb, 0 bytes, Stack size 0 bytes, da14531_symbols.txt(ABSOLUTE))
<BR><BR>[Called By]<UL><LI><a href="#[1b]">&gt;&gt;</a>&nbsp;&nbsp;&nbsp;PATCHED_llm_con_req_ind
</UL>

<P><STRONG><a name="[159]"></a>lld_crypt_isr</STRONG> (Thumb, 0 bytes, Stack size 0 bytes, da14531_symbols.txt(ABSOLUTE))
<BR><BR>[Called By]<UL><LI><a href="#[6]">&gt;&gt;</a>&nbsp;&nbsp;&nbsp;rwble_isr
</UL>

<P><STRONG><a name="[88]"></a>lld_test_mode_tx_func</STRONG> (Thumb, 0 bytes, Stack size 0 bytes, da14531_symbols.txt(ABSOLUTE), UNUSED)
<BR>[Address Reference Count : 1]<UL><LI> lto-llvm-c73cc8.o(.rodata.rom_func_addr_table_var)
</UL>
<P><STRONG><a name="[87]"></a>lld_test_stop_func</STRONG> (Thumb, 0 bytes, Stack size 0 bytes, da14531_symbols.txt(ABSOLUTE), UNUSED)
<BR>[Address Reference Count : 1]<UL><LI> lto-llvm-c73cc8.o(.rodata.rom_func_addr_table_var)
</UL>
<P><STRONG><a name="[a6]"></a>lld_data_tx_check_func</STRONG> (Thumb, 0 bytes, Stack size 0 bytes, da14531_symbols.txt(ABSOLUTE), UNUSED)
<BR>[Address Reference Count : 1]<UL><LI> lto-llvm-c73cc8.o(.rodata.rom_func_addr_table_var)
</UL>
<P><STRONG><a name="[a5]"></a>lld_data_tx_prog_func</STRONG> (Thumb, 0 bytes, Stack size 0 bytes, da14531_symbols.txt(ABSOLUTE), UNUSED)
<BR>[Address Reference Count : 1]<UL><LI> lto-llvm-c73cc8.o(.rodata.rom_func_addr_table_var)
</UL>
<P><STRONG><a name="[cf]"></a>lld_evt_elt_delete</STRONG> (Thumb, 0 bytes, Stack size 0 bytes, da14531_symbols.txt(ABSOLUTE))
<BR><BR>[Called By]<UL><LI><a href="#[1b]">&gt;&gt;</a>&nbsp;&nbsp;&nbsp;PATCHED_llm_con_req_ind
</UL>

<P><STRONG><a name="[c1]"></a>lld_evt_elt_insert</STRONG> (Thumb, 0 bytes, Stack size 0 bytes, da14531_symbols.txt(ABSOLUTE))
<BR><BR>[Called By]<UL><LI><a href="#[89]">&gt;&gt;</a>&nbsp;&nbsp;&nbsp;JT_lld_test_mode_rx_func
</UL>

<P><STRONG><a name="[bf]"></a>lld_evt_adv_create</STRONG> (Thumb, 0 bytes, Stack size 0 bytes, da14531_symbols.txt(ABSOLUTE))
<BR><BR>[Called By]<UL><LI><a href="#[89]">&gt;&gt;</a>&nbsp;&nbsp;&nbsp;JT_lld_test_mode_rx_func
</UL>

<P><STRONG><a name="[158]"></a>lld_evt_timer_isr</STRONG> (Thumb, 0 bytes, Stack size 0 bytes, da14531_symbols.txt(ABSOLUTE))
<BR><BR>[Called By]<UL><LI><a href="#[6]">&gt;&gt;</a>&nbsp;&nbsp;&nbsp;rwble_isr
</UL>

<P><STRONG><a name="[156]"></a>lld_evt_end_isr</STRONG> (Thumb, 0 bytes, Stack size 0 bytes, da14531_symbols.txt(ABSOLUTE))
<BR><BR>[Called By]<UL><LI><a href="#[6]">&gt;&gt;</a>&nbsp;&nbsp;&nbsp;rwble_isr
</UL>

<P><STRONG><a name="[154]"></a>lld_evt_rx_isr</STRONG> (Thumb, 0 bytes, Stack size 0 bytes, da14531_symbols.txt(ABSOLUTE))
<BR><BR>[Called By]<UL><LI><a href="#[6]">&gt;&gt;</a>&nbsp;&nbsp;&nbsp;rwble_isr
</UL>

<P><STRONG><a name="[145]"></a>lld_sleep_enter</STRONG> (Thumb, 0 bytes, Stack size 0 bytes, da14531_symbols.txt(ABSOLUTE))
<BR><BR>[Called By]<UL><LI><a href="#[12]">&gt;&gt;</a>&nbsp;&nbsp;&nbsp;main
</UL>

<P><STRONG><a name="[c0]"></a>lld_util_freq2chnl</STRONG> (Thumb, 0 bytes, Stack size 0 bytes, da14531_symbols.txt(ABSOLUTE))
<BR><BR>[Called By]<UL><LI><a href="#[89]">&gt;&gt;</a>&nbsp;&nbsp;&nbsp;JT_lld_test_mode_rx_func
</UL>

<P><STRONG><a name="[d8]"></a>llm_wl_from_rl_restore</STRONG> (Thumb, 0 bytes, Stack size 0 bytes, da14531_symbols.txt(ABSOLUTE))
<BR><BR>[Called By]<UL><LI><a href="#[1b]">&gt;&gt;</a>&nbsp;&nbsp;&nbsp;PATCHED_llm_con_req_ind
</UL>

<P><STRONG><a name="[18]"></a>llm_con_req_ind</STRONG> (Thumb, 0 bytes, Stack size 0 bytes, da14531_symbols.txt(ABSOLUTE), UNUSED)
<BR>[Address Reference Count : 1]<UL><LI> lto-llvm-c73cc8.o(.text.periph_init)
</UL>
<P><STRONG><a name="[9e]"></a>llm_le_adv_report_ind_func</STRONG> (Thumb, 0 bytes, Stack size 0 bytes, da14531_symbols.txt(ABSOLUTE), UNUSED)
<BR>[Address Reference Count : 1]<UL><LI> lto-llvm-c73cc8.o(.rodata.rom_func_addr_table_var)
</UL>
<P><STRONG><a name="[7c]"></a>llm_encryption_done_func</STRONG> (Thumb, 0 bytes, Stack size 0 bytes, da14531_symbols.txt(ABSOLUTE), UNUSED)
<BR>[Address Reference Count : 1]<UL><LI> lto-llvm-c73cc8.o(.rodata.rom_func_addr_table_var)
</UL>
<P><STRONG><a name="[a0]"></a>llm_p256_start_func</STRONG> (Thumb, 0 bytes, Stack size 0 bytes, da14531_symbols.txt(ABSOLUTE), UNUSED)
<BR>[Address Reference Count : 1]<UL><LI> lto-llvm-c73cc8.o(.rodata.rom_func_addr_table_var)
</UL>
<P><STRONG><a name="[a1]"></a>llm_create_p256_key_func</STRONG> (Thumb, 0 bytes, Stack size 0 bytes, da14531_symbols.txt(ABSOLUTE), UNUSED)
<BR>[Address Reference Count : 1]<UL><LI> lto-llvm-c73cc8.o(.rodata.rom_func_addr_table_var)
</UL>
<P><STRONG><a name="[d1]"></a>llm_wlpub_addr_set</STRONG> (Thumb, 0 bytes, Stack size 0 bytes, da14531_symbols.txt(ABSOLUTE))
<BR><BR>[Called By]<UL><LI><a href="#[1b]">&gt;&gt;</a>&nbsp;&nbsp;&nbsp;PATCHED_llm_con_req_ind
</UL>

<P><STRONG><a name="[d2]"></a>llm_wlpriv_addr_set</STRONG> (Thumb, 0 bytes, Stack size 0 bytes, da14531_symbols.txt(ABSOLUTE))
<BR><BR>[Called By]<UL><LI><a href="#[1b]">&gt;&gt;</a>&nbsp;&nbsp;&nbsp;PATCHED_llm_con_req_ind
</UL>

<P><STRONG><a name="[a2]"></a>llm_p256_req_handler_func</STRONG> (Thumb, 0 bytes, Stack size 0 bytes, da14531_symbols.txt(ABSOLUTE), UNUSED)
<BR>[Address Reference Count : 1]<UL><LI> lto-llvm-c73cc8.o(.rodata.rom_func_addr_table_var)
</UL>
<P><STRONG><a name="[94]"></a>hci_rd_local_supp_feats_cmd_handler_func</STRONG> (Thumb, 0 bytes, Stack size 0 bytes, da14531_symbols.txt(ABSOLUTE), UNUSED)
<BR>[Address Reference Count : 1]<UL><LI> lto-llvm-c73cc8.o(.rodata.rom_func_addr_table_var)
</UL>
<P><STRONG><a name="[d0]"></a>llm_util_bd_addr_in_wl</STRONG> (Thumb, 0 bytes, Stack size 0 bytes, da14531_symbols.txt(ABSOLUTE))
<BR><BR>[Called By]<UL><LI><a href="#[1b]">&gt;&gt;</a>&nbsp;&nbsp;&nbsp;PATCHED_llm_con_req_ind
</UL>

<P><STRONG><a name="[d3]"></a>llm_util_bl_check</STRONG> (Thumb, 0 bytes, Stack size 0 bytes, da14531_symbols.txt(ABSOLUTE))
<BR><BR>[Called By]<UL><LI><a href="#[1b]">&gt;&gt;</a>&nbsp;&nbsp;&nbsp;PATCHED_llm_con_req_ind
</UL>

<P><STRONG><a name="[d4]"></a>llm_util_bl_add</STRONG> (Thumb, 0 bytes, Stack size 0 bytes, da14531_symbols.txt(ABSOLUTE))
<BR><BR>[Called By]<UL><LI><a href="#[1b]">&gt;&gt;</a>&nbsp;&nbsp;&nbsp;PATCHED_llm_con_req_ind
</UL>

<P><STRONG><a name="[c9]"></a>llm_util_rl_check</STRONG> (Thumb, 0 bytes, Stack size 0 bytes, da14531_symbols.txt(ABSOLUTE))
<BR><BR>[Called By]<UL><LI><a href="#[1b]">&gt;&gt;</a>&nbsp;&nbsp;&nbsp;PATCHED_llm_con_req_ind
</UL>

<P><STRONG><a name="[ca]"></a>llm_util_rl_peer_find</STRONG> (Thumb, 0 bytes, Stack size 0 bytes, da14531_symbols.txt(ABSOLUTE))
<BR><BR>[Called By]<UL><LI><a href="#[1b]">&gt;&gt;</a>&nbsp;&nbsp;&nbsp;PATCHED_llm_con_req_ind
</UL>

<P><STRONG><a name="[cc]"></a>llm_util_rl_peer_resolv</STRONG> (Thumb, 0 bytes, Stack size 0 bytes, da14531_symbols.txt(ABSOLUTE))
<BR><BR>[Called By]<UL><LI><a href="#[1b]">&gt;&gt;</a>&nbsp;&nbsp;&nbsp;PATCHED_llm_con_req_ind
</UL>

<P><STRONG><a name="[9f]"></a>PK_PointMult_func</STRONG> (Thumb, 0 bytes, Stack size 0 bytes, da14531_symbols.txt(ABSOLUTE), UNUSED)
<BR>[Address Reference Count : 1]<UL><LI> lto-llvm-c73cc8.o(.rodata.rom_func_addr_table_var)
</UL>
<P><STRONG><a name="[153]"></a>ea_finetimer_isr</STRONG> (Thumb, 0 bytes, Stack size 0 bytes, da14531_symbols.txt(ABSOLUTE))
<BR><BR>[Called By]<UL><LI><a href="#[6]">&gt;&gt;</a>&nbsp;&nbsp;&nbsp;rwble_isr
</UL>

<P><STRONG><a name="[157]"></a>ea_sw_isr</STRONG> (Thumb, 0 bytes, Stack size 0 bytes, da14531_symbols.txt(ABSOLUTE))
<BR><BR>[Called By]<UL><LI><a href="#[6]">&gt;&gt;</a>&nbsp;&nbsp;&nbsp;rwble_isr
</UL>

<P><STRONG><a name="[140]"></a>ea_sleep_check</STRONG> (Thumb, 0 bytes, Stack size 0 bytes, da14531_symbols.txt(ABSOLUTE))
<BR><BR>[Called By]<UL><LI><a href="#[12]">&gt;&gt;</a>&nbsp;&nbsp;&nbsp;main
</UL>

<P><STRONG><a name="[64]"></a>uart_init_func</STRONG> (Thumb, 0 bytes, Stack size 0 bytes, da14531_symbols.txt(ABSOLUTE), UNUSED)
<BR>[Address Reference Count : 1]<UL><LI> lto-llvm-c73cc8.o(.rodata.rom_func_addr_table_var)
</UL>
<P><STRONG><a name="[65]"></a>uart_flow_on_func</STRONG> (Thumb, 0 bytes, Stack size 0 bytes, da14531_symbols.txt(ABSOLUTE), UNUSED)
<BR>[Address Reference Count : 1]<UL><LI> lto-llvm-c73cc8.o(.rodata.rom_func_addr_table_var)
</UL>
<P><STRONG><a name="[66]"></a>uart_flow_off_func</STRONG> (Thumb, 0 bytes, Stack size 0 bytes, da14531_symbols.txt(ABSOLUTE), UNUSED)
<BR>[Address Reference Count : 1]<UL><LI> lto-llvm-c73cc8.o(.rodata.rom_func_addr_table_var)
</UL>
<P><STRONG><a name="[67]"></a>uart_finish_transfers_func</STRONG> (Thumb, 0 bytes, Stack size 0 bytes, da14531_symbols.txt(ABSOLUTE), UNUSED)
<BR>[Address Reference Count : 1]<UL><LI> lto-llvm-c73cc8.o(.rodata.rom_func_addr_table_var)
</UL>
<P><STRONG><a name="[68]"></a>uart_read_func</STRONG> (Thumb, 0 bytes, Stack size 0 bytes, da14531_symbols.txt(ABSOLUTE), UNUSED)
<BR>[Address Reference Count : 1]<UL><LI> lto-llvm-c73cc8.o(.rodata.rom_func_addr_table_var)
</UL>
<P><STRONG><a name="[69]"></a>uart_write_func</STRONG> (Thumb, 0 bytes, Stack size 0 bytes, da14531_symbols.txt(ABSOLUTE), UNUSED)
<BR>[Address Reference Count : 1]<UL><LI> lto-llvm-c73cc8.o(.rodata.rom_func_addr_table_var)
</UL>
<P><STRONG><a name="[6a]"></a>UART_Handler_func</STRONG> (Thumb, 0 bytes, Stack size 0 bytes, da14531_symbols.txt(ABSOLUTE), UNUSED)
<BR>[Address Reference Count : 1]<UL><LI> lto-llvm-c73cc8.o(.rodata.rom_func_addr_table_var)
</UL>
<P><STRONG><a name="[6b]"></a>gtl_init_func</STRONG> (Thumb, 0 bytes, Stack size 0 bytes, da14531_symbols.txt(ABSOLUTE), UNUSED)
<BR>[Address Reference Count : 1]<UL><LI> lto-llvm-c73cc8.o(.rodata.rom_func_addr_table_var)
</UL>
<P><STRONG><a name="[6d]"></a>gtl_eif_read_start_func</STRONG> (Thumb, 0 bytes, Stack size 0 bytes, da14531_symbols.txt(ABSOLUTE), UNUSED)
<BR>[Address Reference Count : 1]<UL><LI> lto-llvm-c73cc8.o(.rodata.rom_func_addr_table_var)
</UL>
<P><STRONG><a name="[6e]"></a>gtl_eif_read_hdr_func</STRONG> (Thumb, 0 bytes, Stack size 0 bytes, da14531_symbols.txt(ABSOLUTE), UNUSED)
<BR>[Address Reference Count : 1]<UL><LI> lto-llvm-c73cc8.o(.rodata.rom_func_addr_table_var)
</UL>
<P><STRONG><a name="[6f]"></a>gtl_eif_read_payl_func</STRONG> (Thumb, 0 bytes, Stack size 0 bytes, da14531_symbols.txt(ABSOLUTE), UNUSED)
<BR>[Address Reference Count : 1]<UL><LI> lto-llvm-c73cc8.o(.rodata.rom_func_addr_table_var)
</UL>
<P><STRONG><a name="[70]"></a>gtl_eif_tx_done_func</STRONG> (Thumb, 0 bytes, Stack size 0 bytes, da14531_symbols.txt(ABSOLUTE), UNUSED)
<BR>[Address Reference Count : 1]<UL><LI> lto-llvm-c73cc8.o(.rodata.rom_func_addr_table_var)
</UL>
<P><STRONG><a name="[71]"></a>gtl_eif_rx_done_func</STRONG> (Thumb, 0 bytes, Stack size 0 bytes, da14531_symbols.txt(ABSOLUTE), UNUSED)
<BR>[Address Reference Count : 1]<UL><LI> lto-llvm-c73cc8.o(.rodata.rom_func_addr_table_var)
</UL>
<P><STRONG><a name="[6c]"></a>gtl_eif_init_func</STRONG> (Thumb, 0 bytes, Stack size 0 bytes, da14531_symbols.txt(ABSOLUTE), UNUSED)
<BR>[Address Reference Count : 1]<UL><LI> lto-llvm-c73cc8.o(.rodata.rom_func_addr_table_var)
</UL>
<P><STRONG><a name="[e8]"></a>hci_send_2_host</STRONG> (Thumb, 0 bytes, Stack size 0 bytes, da14531_symbols.txt(ABSOLUTE))
<BR><BR>[Called By]<UL><LI><a href="#[55]">&gt;&gt;</a>&nbsp;&nbsp;&nbsp;PATCHED_llc_data_ind_handler
</UL>

<P><STRONG><a name="[73]"></a>h4tl_read_start_func</STRONG> (Thumb, 0 bytes, Stack size 0 bytes, da14531_symbols.txt(ABSOLUTE), UNUSED)
<BR>[Address Reference Count : 1]<UL><LI> lto-llvm-c73cc8.o(.rodata.rom_func_addr_table_var)
</UL>
<P><STRONG><a name="[74]"></a>h4tl_read_hdr_func</STRONG> (Thumb, 0 bytes, Stack size 0 bytes, da14531_symbols.txt(ABSOLUTE), UNUSED)
<BR>[Address Reference Count : 1]<UL><LI> lto-llvm-c73cc8.o(.rodata.rom_func_addr_table_var)
</UL>
<P><STRONG><a name="[75]"></a>h4tl_read_payl_func</STRONG> (Thumb, 0 bytes, Stack size 0 bytes, da14531_symbols.txt(ABSOLUTE), UNUSED)
<BR>[Address Reference Count : 1]<UL><LI> lto-llvm-c73cc8.o(.rodata.rom_func_addr_table_var)
</UL>
<P><STRONG><a name="[76]"></a>h4tl_read_next_out_of_sync_func</STRONG> (Thumb, 0 bytes, Stack size 0 bytes, da14531_symbols.txt(ABSOLUTE), UNUSED)
<BR>[Address Reference Count : 1]<UL><LI> lto-llvm-c73cc8.o(.rodata.rom_func_addr_table_var)
</UL>
<P><STRONG><a name="[77]"></a>h4tl_out_of_sync_func</STRONG> (Thumb, 0 bytes, Stack size 0 bytes, da14531_symbols.txt(ABSOLUTE), UNUSED)
<BR>[Address Reference Count : 1]<UL><LI> lto-llvm-c73cc8.o(.rodata.rom_func_addr_table_var)
</UL>
<P><STRONG><a name="[78]"></a>h4tl_tx_done_func</STRONG> (Thumb, 0 bytes, Stack size 0 bytes, da14531_symbols.txt(ABSOLUTE), UNUSED)
<BR>[Address Reference Count : 1]<UL><LI> lto-llvm-c73cc8.o(.rodata.rom_func_addr_table_var)
</UL>
<P><STRONG><a name="[79]"></a>h4tl_rx_done_func</STRONG> (Thumb, 0 bytes, Stack size 0 bytes, da14531_symbols.txt(ABSOLUTE), UNUSED)
<BR>[Address Reference Count : 1]<UL><LI> lto-llvm-c73cc8.o(.rodata.rom_func_addr_table_var)
</UL>
<P><STRONG><a name="[72]"></a>h4tl_init_func</STRONG> (Thumb, 0 bytes, Stack size 0 bytes, da14531_symbols.txt(ABSOLUTE), UNUSED)
<BR>[Address Reference Count : 1]<UL><LI> lto-llvm-c73cc8.o(.rodata.rom_func_addr_table_var)
</UL>
<P><STRONG><a name="[9c]"></a>attc_l2cc_pdu_recv_handler_func</STRONG> (Thumb, 0 bytes, Stack size 0 bytes, da14531_symbols.txt(ABSOLUTE), UNUSED)
<BR>[Address Reference Count : 1]<UL><LI> lto-llvm-c73cc8.o(.rodata.rom_func_addr_table_var)
</UL>
<P><STRONG><a name="[122]"></a>attmdb_get_attribute</STRONG> (Thumb, 0 bytes, Stack size 0 bytes, da14531_symbols.txt(ABSOLUTE))
<BR><BR>[Called By]<UL><LI><a href="#[4d]">&gt;&gt;</a>&nbsp;&nbsp;&nbsp;gattc_write_req_ind_handler
</UL>

<P><STRONG><a name="[123]"></a>attmdb_att_set_value</STRONG> (Thumb, 0 bytes, Stack size 0 bytes, da14531_symbols.txt(ABSOLUTE))
<BR><BR>[Called By]<UL><LI><a href="#[4d]">&gt;&gt;</a>&nbsp;&nbsp;&nbsp;gattc_write_req_ind_handler
</UL>

<P><STRONG><a name="[11f]"></a>attmdb_att_get_permission</STRONG> (Thumb, 0 bytes, Stack size 0 bytes, da14531_symbols.txt(ABSOLUTE))
<BR><BR>[Called By]<UL><LI><a href="#[4d]">&gt;&gt;</a>&nbsp;&nbsp;&nbsp;gattc_write_req_ind_handler
</UL>

<P><STRONG><a name="[9b]"></a>atts_l2cc_pdu_recv_handler_func</STRONG> (Thumb, 0 bytes, Stack size 0 bytes, da14531_symbols.txt(ABSOLUTE), UNUSED)
<BR>[Address Reference Count : 1]<UL><LI> lto-llvm-c73cc8.o(.rodata.rom_func_addr_table_var)
</UL>
<P><STRONG><a name="[dd]"></a>smpc_generate_e1</STRONG> (Thumb, 0 bytes, Stack size 0 bytes, da14531_symbols.txt(ABSOLUTE))
<BR><BR>[Called By]<UL><LI><a href="#[1c]">&gt;&gt;</a>&nbsp;&nbsp;&nbsp;PATCHED_smpc_recv_pair_rand_pdu
</UL>

<P><STRONG><a name="[df]"></a>smpc_pairing_end</STRONG> (Thumb, 0 bytes, Stack size 0 bytes, da14531_symbols.txt(ABSOLUTE))
<BR><BR>[Called By]<UL><LI><a href="#[1c]">&gt;&gt;</a>&nbsp;&nbsp;&nbsp;PATCHED_smpc_recv_pair_rand_pdu
<LI><a href="#[1d]">&gt;&gt;</a>&nbsp;&nbsp;&nbsp;PATCHED_smpc_recv_public_key_exchange_pdu
</UL>

<P><STRONG><a name="[de]"></a>smpc_pdu_send</STRONG> (Thumb, 0 bytes, Stack size 0 bytes, da14531_symbols.txt(ABSOLUTE))
<BR><BR>[Called By]<UL><LI><a href="#[1c]">&gt;&gt;</a>&nbsp;&nbsp;&nbsp;PATCHED_smpc_recv_pair_rand_pdu
<LI><a href="#[1d]">&gt;&gt;</a>&nbsp;&nbsp;&nbsp;PATCHED_smpc_recv_public_key_exchange_pdu
</UL>

<P><STRONG><a name="[8b]"></a>smpc_pdu_recv_func</STRONG> (Thumb, 0 bytes, Stack size 0 bytes, da14531_symbols.txt(ABSOLUTE), UNUSED)
<BR>[Address Reference Count : 1]<UL><LI> lto-llvm-c73cc8.o(.rodata.rom_func_addr_table_var)
</UL>
<P><STRONG><a name="[db]"></a>smpc_generate_f4</STRONG> (Thumb, 0 bytes, Stack size 0 bytes, da14531_symbols.txt(ABSOLUTE))
<BR><BR>[Called By]<UL><LI><a href="#[1c]">&gt;&gt;</a>&nbsp;&nbsp;&nbsp;PATCHED_smpc_recv_pair_rand_pdu
</UL>

<P><STRONG><a name="[e0]"></a>smpc_generate_g2</STRONG> (Thumb, 0 bytes, Stack size 0 bytes, da14531_symbols.txt(ABSOLUTE))
<BR><BR>[Called By]<UL><LI><a href="#[1c]">&gt;&gt;</a>&nbsp;&nbsp;&nbsp;PATCHED_smpc_recv_pair_rand_pdu
</UL>

<P><STRONG><a name="[e1]"></a>smpc_generate_f5</STRONG> (Thumb, 0 bytes, Stack size 0 bytes, da14531_symbols.txt(ABSOLUTE))
<BR><BR>[Called By]<UL><LI><a href="#[1c]">&gt;&gt;</a>&nbsp;&nbsp;&nbsp;PATCHED_smpc_recv_pair_rand_pdu
</UL>

<P><STRONG><a name="[dc]"></a>gapc_get_role</STRONG> (Thumb, 0 bytes, Stack size 0 bytes, da14531_symbols.txt(ABSOLUTE))
<BR><BR>[Called By]<UL><LI><a href="#[1c]">&gt;&gt;</a>&nbsp;&nbsp;&nbsp;PATCHED_smpc_recv_pair_rand_pdu
<LI><a href="#[1d]">&gt;&gt;</a>&nbsp;&nbsp;&nbsp;PATCHED_smpc_recv_public_key_exchange_pdu
</UL>

<P><STRONG><a name="[c2]"></a>gapc_lecnx_check_rx</STRONG> (Thumb, 0 bytes, Stack size 0 bytes, da14531_symbols.txt(ABSOLUTE))
<BR><BR>[Called By]<UL><LI><a href="#[96]">&gt;&gt;</a>&nbsp;&nbsp;&nbsp;JT_l2cc_pdu_unpack_func
</UL>

<P><STRONG><a name="[c5]"></a>l2cc_pdu_recv_ind_handler_func</STRONG> (Thumb, 0 bytes, Stack size 0 bytes, da14531_symbols.txt(ABSOLUTE))
<BR><BR>[Called By]<UL><LI><a href="#[99]">&gt;&gt;</a>&nbsp;&nbsp;&nbsp;JT_l2cc_pdu_recv_ind_handler_func
</UL>

<P><STRONG><a name="[9a]"></a>gapc_lecb_connect_cfm_handler_func</STRONG> (Thumb, 0 bytes, Stack size 0 bytes, da14531_symbols.txt(ABSOLUTE), UNUSED)
<BR>[Address Reference Count : 1]<UL><LI> lto-llvm-c73cc8.o(.rodata.rom_func_addr_table_var)
</UL>
<P><STRONG><a name="[95]"></a>l2cc_pdu_pack_func</STRONG> (Thumb, 0 bytes, Stack size 0 bytes, da14531_symbols.txt(ABSOLUTE), UNUSED)
<BR>[Address Reference Count : 1]<UL><LI> lto-llvm-c73cc8.o(.rodata.rom_func_addr_table_var)
</UL>
<P><STRONG><a name="[98]"></a>l2c_process_sdu_func</STRONG> (Thumb, 0 bytes, Stack size 0 bytes, da14531_symbols.txt(ABSOLUTE), UNUSED)
<BR>[Address Reference Count : 1]<UL><LI> lto-llvm-c73cc8.o(.rodata.rom_func_addr_table_var)
</UL>
<P><STRONG><a name="[97]"></a>l2c_send_lecb_message_func</STRONG> (Thumb, 0 bytes, Stack size 0 bytes, da14531_symbols.txt(ABSOLUTE), UNUSED)
<BR>[Address Reference Count : 1]<UL><LI> lto-llvm-c73cc8.o(.rodata.rom_func_addr_table_var)
</UL>
<P><STRONG><a name="[8a]"></a>smpc_check_param_func</STRONG> (Thumb, 0 bytes, Stack size 0 bytes, da14531_symbols.txt(ABSOLUTE), UNUSED)
<BR>[Address Reference Count : 1]<UL><LI> lto-llvm-c73cc8.o(.rodata.rom_func_addr_table_var)
</UL>
<P><STRONG><a name="[19]"></a>smpc_recv_pair_rand_pdu</STRONG> (Thumb, 0 bytes, Stack size 0 bytes, da14531_symbols.txt(ABSOLUTE), UNUSED)
<BR>[Address Reference Count : 1]<UL><LI> lto-llvm-c73cc8.o(.text.periph_init)
</UL>
<P><STRONG><a name="[1a]"></a>smpc_recv_public_key_exchange_pdu</STRONG> (Thumb, 0 bytes, Stack size 0 bytes, da14531_symbols.txt(ABSOLUTE), UNUSED)
<BR>[Address Reference Count : 1]<UL><LI> lto-llvm-c73cc8.o(.text.periph_init)
</UL>
<P><STRONG><a name="[ab]"></a>smpc_public_key_exchange_start_func</STRONG> (Thumb, 0 bytes, Stack size 0 bytes, da14531_symbols.txt(ABSOLUTE), UNUSED)
<BR>[Address Reference Count : 1]<UL><LI> lto-llvm-c73cc8.o(.rodata.rom_func_addr_table_var)
</UL>
<P><STRONG><a name="[e2]"></a>smpc_dhkey_calc_start</STRONG> (Thumb, 0 bytes, Stack size 0 bytes, da14531_symbols.txt(ABSOLUTE))
<BR><BR>[Called By]<UL><LI><a href="#[1d]">&gt;&gt;</a>&nbsp;&nbsp;&nbsp;PATCHED_smpc_recv_public_key_exchange_pdu
</UL>

<P><STRONG><a name="[ac]"></a>smpc_dhkey_calc_ind_func</STRONG> (Thumb, 0 bytes, Stack size 0 bytes, da14531_symbols.txt(ABSOLUTE), UNUSED)
<BR>[Address Reference Count : 1]<UL><LI> lto-llvm-c73cc8.o(.rodata.rom_func_addr_table_var)
</UL>
<P><STRONG><a name="[ad]"></a>smpm_ecdh_key_create_func</STRONG> (Thumb, 0 bytes, Stack size 0 bytes, da14531_symbols.txt(ABSOLUTE), UNUSED)
<BR>[Address Reference Count : 1]<UL><LI> lto-llvm-c73cc8.o(.rodata.rom_func_addr_table_var)
</UL>
<P><STRONG><a name="[143]"></a>ke_sleep_check</STRONG> (Thumb, 0 bytes, Stack size 0 bytes, da14531_symbols.txt(ABSOLUTE))
<BR><BR>[Called By]<UL><LI><a href="#[12]">&gt;&gt;</a>&nbsp;&nbsp;&nbsp;main
</UL>

<P><STRONG><a name="[fe]"></a>ke_msg_alloc</STRONG> (Thumb, 0 bytes, Stack size 0 bytes, da14531_symbols.txt(ABSOLUTE))
<BR><BR>[Called By]<UL><LI><a href="#[16]">&gt;&gt;</a>&nbsp;&nbsp;&nbsp;gpadc_wireless_timer_cb
<LI><a href="#[4b]">&gt;&gt;</a>&nbsp;&nbsp;&nbsp;app_custs1_create_db
<LI><a href="#[107]">&gt;&gt;</a>&nbsp;&nbsp;&nbsp;create_timer
<LI><a href="#[3f]">&gt;&gt;</a>&nbsp;&nbsp;&nbsp;app_timer_api_process_handler
<LI><a href="#[2f]">&gt;&gt;</a>&nbsp;&nbsp;&nbsp;diss_value_req_ind_handler
<LI><a href="#[57]">&gt;&gt;</a>&nbsp;&nbsp;&nbsp;app_diss_create_db
<LI><a href="#[35]">&gt;&gt;</a>&nbsp;&nbsp;&nbsp;gapc_get_dev_info_req_ind_handler_wrapper
<LI><a href="#[5c]">&gt;&gt;</a>&nbsp;&nbsp;&nbsp;user_catch_rest_hndl
<LI><a href="#[30]">&gt;&gt;</a>&nbsp;&nbsp;&nbsp;gapm_device_ready_ind_handler_wrapper
<LI><a href="#[5a]">&gt;&gt;</a>&nbsp;&nbsp;&nbsp;app_easy_gap_dev_configure
<LI><a href="#[10d]">&gt;&gt;</a>&nbsp;&nbsp;&nbsp;ltk_exch_create_msg
<LI><a href="#[105]">&gt;&gt;</a>&nbsp;&nbsp;&nbsp;app_easy_security_tk_exch
<LI><a href="#[b9]">&gt;&gt;</a>&nbsp;&nbsp;&nbsp;default_app_on_pairing_request
<LI><a href="#[103]">&gt;&gt;</a>&nbsp;&nbsp;&nbsp;app_easy_gap_undirected_advertise_start
<LI><a href="#[54]">&gt;&gt;</a>&nbsp;&nbsp;&nbsp;custs1_value_req_rsp_handler
<LI><a href="#[4d]">&gt;&gt;</a>&nbsp;&nbsp;&nbsp;gattc_write_req_ind_handler
</UL>

<P><STRONG><a name="[100]"></a>ke_msg_send</STRONG> (Thumb, 0 bytes, Stack size 0 bytes, da14531_symbols.txt(ABSOLUTE))
<BR><BR>[Called By]<UL><LI><a href="#[16]">&gt;&gt;</a>&nbsp;&nbsp;&nbsp;gpadc_wireless_timer_cb
<LI><a href="#[4b]">&gt;&gt;</a>&nbsp;&nbsp;&nbsp;app_custs1_create_db
<LI><a href="#[107]">&gt;&gt;</a>&nbsp;&nbsp;&nbsp;create_timer
<LI><a href="#[3f]">&gt;&gt;</a>&nbsp;&nbsp;&nbsp;app_timer_api_process_handler
<LI><a href="#[2f]">&gt;&gt;</a>&nbsp;&nbsp;&nbsp;diss_value_req_ind_handler
<LI><a href="#[57]">&gt;&gt;</a>&nbsp;&nbsp;&nbsp;app_diss_create_db
<LI><a href="#[35]">&gt;&gt;</a>&nbsp;&nbsp;&nbsp;gapc_get_dev_info_req_ind_handler_wrapper
<LI><a href="#[5c]">&gt;&gt;</a>&nbsp;&nbsp;&nbsp;user_catch_rest_hndl
<LI><a href="#[30]">&gt;&gt;</a>&nbsp;&nbsp;&nbsp;gapm_device_ready_ind_handler_wrapper
<LI><a href="#[5a]">&gt;&gt;</a>&nbsp;&nbsp;&nbsp;app_easy_gap_dev_configure
<LI><a href="#[bb]">&gt;&gt;</a>&nbsp;&nbsp;&nbsp;default_app_on_ltk_exch
<LI><a href="#[105]">&gt;&gt;</a>&nbsp;&nbsp;&nbsp;app_easy_security_tk_exch
<LI><a href="#[b9]">&gt;&gt;</a>&nbsp;&nbsp;&nbsp;default_app_on_pairing_request
<LI><a href="#[103]">&gt;&gt;</a>&nbsp;&nbsp;&nbsp;app_easy_gap_undirected_advertise_start
<LI><a href="#[54]">&gt;&gt;</a>&nbsp;&nbsp;&nbsp;custs1_value_req_rsp_handler
<LI><a href="#[4d]">&gt;&gt;</a>&nbsp;&nbsp;&nbsp;gattc_write_req_ind_handler
</UL>

<P><STRONG><a name="[7a]"></a>ke_task_init_func</STRONG> (Thumb, 0 bytes, Stack size 0 bytes, da14531_symbols.txt(ABSOLUTE), UNUSED)
<BR>[Address Reference Count : 1]<UL><LI> lto-llvm-c73cc8.o(.rodata.rom_func_addr_table_var)
</UL>
<P><STRONG><a name="[13c]"></a>ke_task_create</STRONG> (Thumb, 0 bytes, Stack size 0 bytes, da14531_symbols.txt(ABSOLUTE))
<BR><BR>[Called By]<UL><LI><a href="#[12]">&gt;&gt;</a>&nbsp;&nbsp;&nbsp;main
<LI><a href="#[8c]">&gt;&gt;</a>&nbsp;&nbsp;&nbsp;prf_init_func
</UL>

<P><STRONG><a name="[da]"></a>ke_state_set</STRONG> (Thumb, 0 bytes, Stack size 0 bytes, da14531_symbols.txt(ABSOLUTE))
<BR><BR>[Called By]<UL><LI><a href="#[1b]">&gt;&gt;</a>&nbsp;&nbsp;&nbsp;PATCHED_llm_con_req_ind
<LI><a href="#[12]">&gt;&gt;</a>&nbsp;&nbsp;&nbsp;main
<LI><a href="#[33]">&gt;&gt;</a>&nbsp;&nbsp;&nbsp;gapc_connection_req_ind_handler_wrapper
<LI><a href="#[103]">&gt;&gt;</a>&nbsp;&nbsp;&nbsp;app_easy_gap_undirected_advertise_start
<LI><a href="#[54]">&gt;&gt;</a>&nbsp;&nbsp;&nbsp;custs1_value_req_rsp_handler
</UL>

<P><STRONG><a name="[c4]"></a>ke_state_get</STRONG> (Thumb, 0 bytes, Stack size 0 bytes, da14531_symbols.txt(ABSOLUTE))
<BR><BR>[Called By]<UL><LI><a href="#[55]">&gt;&gt;</a>&nbsp;&nbsp;&nbsp;PATCHED_llc_data_ind_handler
<LI><a href="#[99]">&gt;&gt;</a>&nbsp;&nbsp;&nbsp;JT_l2cc_pdu_recv_ind_handler_func
<LI><a href="#[16]">&gt;&gt;</a>&nbsp;&nbsp;&nbsp;gpadc_wireless_timer_cb
<LI><a href="#[34]">&gt;&gt;</a>&nbsp;&nbsp;&nbsp;gapc_disconnect_ind_handler_wrapper
<LI><a href="#[33]">&gt;&gt;</a>&nbsp;&nbsp;&nbsp;gapc_connection_req_ind_handler_wrapper
<LI><a href="#[30]">&gt;&gt;</a>&nbsp;&nbsp;&nbsp;gapm_device_ready_ind_handler_wrapper
<LI><a href="#[54]">&gt;&gt;</a>&nbsp;&nbsp;&nbsp;custs1_value_req_rsp_handler
</UL>

<P><STRONG><a name="[149]"></a>ke_task_msg_flush</STRONG> (Thumb, 0 bytes, Stack size 0 bytes, da14531_symbols.txt(ABSOLUTE))
<BR><BR>[Called By]<UL><LI><a href="#[8c]">&gt;&gt;</a>&nbsp;&nbsp;&nbsp;prf_init_func
</UL>

<P><STRONG><a name="[7b]"></a>ke_timer_init_func</STRONG> (Thumb, 0 bytes, Stack size 0 bytes, da14531_symbols.txt(ABSOLUTE), UNUSED)
<BR>[Address Reference Count : 1]<UL><LI> lto-llvm-c73cc8.o(.rodata.rom_func_addr_table_var)
</UL>
<P><STRONG><a name="[108]"></a>ke_timer_set</STRONG> (Thumb, 0 bytes, Stack size 0 bytes, da14531_symbols.txt(ABSOLUTE))
<BR><BR>[Called By]<UL><LI><a href="#[107]">&gt;&gt;</a>&nbsp;&nbsp;&nbsp;create_timer
<LI><a href="#[3f]">&gt;&gt;</a>&nbsp;&nbsp;&nbsp;app_timer_api_process_handler
</UL>

<P><STRONG><a name="[d9]"></a>ke_timer_clear</STRONG> (Thumb, 0 bytes, Stack size 0 bytes, da14531_symbols.txt(ABSOLUTE))
<BR><BR>[Called By]<UL><LI><a href="#[1b]">&gt;&gt;</a>&nbsp;&nbsp;&nbsp;PATCHED_llm_con_req_ind
</UL>

<P><STRONG><a name="[144]"></a>ke_timer_sleep_check</STRONG> (Thumb, 0 bytes, Stack size 0 bytes, da14531_symbols.txt(ABSOLUTE))
<BR><BR>[Called By]<UL><LI><a href="#[12]">&gt;&gt;</a>&nbsp;&nbsp;&nbsp;main
</UL>

<P><STRONG><a name="[13f]"></a>rwip_schedule</STRONG> (Thumb, 0 bytes, Stack size 0 bytes, da14531_symbols.txt(ABSOLUTE))
<BR><BR>[Called By]<UL><LI><a href="#[12]">&gt;&gt;</a>&nbsp;&nbsp;&nbsp;main
</UL>

<P><STRONG><a name="[15a]"></a>rwip_wakeup</STRONG> (Thumb, 0 bytes, Stack size 0 bytes, da14531_symbols.txt(ABSOLUTE))
<BR><BR>[Called By]<UL><LI><a href="#[6]">&gt;&gt;</a>&nbsp;&nbsp;&nbsp;rwble_isr
</UL>

<P><STRONG><a name="[15c]"></a>rwip_wakeup_end</STRONG> (Thumb, 0 bytes, Stack size 0 bytes, da14531_symbols.txt(ABSOLUTE))
<BR><BR>[Called By]<UL><LI><a href="#[6]">&gt;&gt;</a>&nbsp;&nbsp;&nbsp;rwble_isr
</UL>

<P><STRONG><a name="[15d]"></a>rwip_wakeup_delay_set</STRONG> (Thumb, 0 bytes, Stack size 0 bytes, da14531_symbols.txt(ABSOLUTE))
<BR><BR>[Called By]<UL><LI><a href="#[130]">&gt;&gt;</a>&nbsp;&nbsp;&nbsp;set_sleep_delay
</UL>

<P><STRONG><a name="[127]"></a>__aeabi_uidiv</STRONG> (Thumb, 0 bytes, Stack size 0 bytes, da14531_symbols.txt(ABSOLUTE))
<BR><BR>[Called By]<UL><LI><a href="#[83]">&gt;&gt;</a>&nbsp;&nbsp;&nbsp;lld_sleep_compensate_func
<LI><a href="#[15e]">&gt;&gt;</a>&nbsp;&nbsp;&nbsp;timer2_pwm_signal_config
<LI><a href="#[85]">&gt;&gt;</a>&nbsp;&nbsp;&nbsp;lld_sleep_us_2_lpcycles_sel_func
<LI><a href="#[130]">&gt;&gt;</a>&nbsp;&nbsp;&nbsp;set_sleep_delay
<LI><a href="#[125]">&gt;&gt;</a>&nbsp;&nbsp;&nbsp;gpadc_collect_sample
<LI><a href="#[2a]">&gt;&gt;</a>&nbsp;&nbsp;&nbsp;rf_rssi_convert
</UL>

<P><STRONG><a name="[128]"></a>__aeabi_idiv</STRONG> (Thumb, 0 bytes, Stack size 0 bytes, da14531_symbols.txt(ABSOLUTE))
<BR><BR>[Called By]<UL><LI><a href="#[12]">&gt;&gt;</a>&nbsp;&nbsp;&nbsp;main
<LI><a href="#[125]">&gt;&gt;</a>&nbsp;&nbsp;&nbsp;gpadc_collect_sample
</UL>

<P><STRONG><a name="[131]"></a>__aeabi_lmul</STRONG> (Thumb, 0 bytes, Stack size 0 bytes, da14531_symbols.txt(ABSOLUTE))
<BR><BR>[Called By]<UL><LI><a href="#[12f]">&gt;&gt;</a>&nbsp;&nbsp;&nbsp;lld_sleep_lpcycles_2_us_rcx_func
<LI><a href="#[12]">&gt;&gt;</a>&nbsp;&nbsp;&nbsp;main
</UL>

<P><STRONG><a name="[c3]"></a>__aeabi_memcpy</STRONG> (Thumb, 0 bytes, Stack size 0 bytes, da14531_symbols.txt(ABSOLUTE))
<BR><BR>[Called By]<UL><LI><a href="#[1b]">&gt;&gt;</a>&nbsp;&nbsp;&nbsp;PATCHED_llm_con_req_ind
<LI><a href="#[1c]">&gt;&gt;</a>&nbsp;&nbsp;&nbsp;PATCHED_smpc_recv_pair_rand_pdu
<LI><a href="#[1d]">&gt;&gt;</a>&nbsp;&nbsp;&nbsp;PATCHED_smpc_recv_public_key_exchange_pdu
<LI><a href="#[96]">&gt;&gt;</a>&nbsp;&nbsp;&nbsp;JT_l2cc_pdu_unpack_func
<LI><a href="#[62]">&gt;&gt;</a>&nbsp;&nbsp;&nbsp;rf_init_func
<LI><a href="#[137]">&gt;&gt;</a>&nbsp;&nbsp;&nbsp;periph_init
<LI><a href="#[12]">&gt;&gt;</a>&nbsp;&nbsp;&nbsp;main
<LI><a href="#[2f]">&gt;&gt;</a>&nbsp;&nbsp;&nbsp;diss_value_req_ind_handler
<LI><a href="#[45]">&gt;&gt;</a>&nbsp;&nbsp;&nbsp;gapc_bond_ind_handler
<LI><a href="#[35]">&gt;&gt;</a>&nbsp;&nbsp;&nbsp;gapc_get_dev_info_req_ind_handler_wrapper
<LI><a href="#[33]">&gt;&gt;</a>&nbsp;&nbsp;&nbsp;gapc_connection_req_ind_handler_wrapper
<LI><a href="#[bb]">&gt;&gt;</a>&nbsp;&nbsp;&nbsp;default_app_on_ltk_exch
<LI><a href="#[105]">&gt;&gt;</a>&nbsp;&nbsp;&nbsp;app_easy_security_tk_exch
<LI><a href="#[b9]">&gt;&gt;</a>&nbsp;&nbsp;&nbsp;default_app_on_pairing_request
<LI><a href="#[b6]">&gt;&gt;</a>&nbsp;&nbsp;&nbsp;default_app_on_set_dev_info
<LI><a href="#[b3]">&gt;&gt;</a>&nbsp;&nbsp;&nbsp;default_app_on_get_dev_name
<LI><a href="#[103]">&gt;&gt;</a>&nbsp;&nbsp;&nbsp;app_easy_gap_undirected_advertise_start
<LI><a href="#[54]">&gt;&gt;</a>&nbsp;&nbsp;&nbsp;custs1_value_req_rsp_handler
<LI><a href="#[4d]">&gt;&gt;</a>&nbsp;&nbsp;&nbsp;gattc_write_req_ind_handler
</UL>

<P><STRONG><a name="[10a]"></a>__aeabi_memcpy4</STRONG> (Thumb, 0 bytes, Stack size 0 bytes, da14531_symbols.txt(ABSOLUTE))
<BR><BR>[Called By]<UL><LI><a href="#[ae]">&gt;&gt;</a>&nbsp;&nbsp;&nbsp;ble_init_arp_func
</UL>

<P><STRONG><a name="[102]"></a>__aeabi_memclr</STRONG> (Thumb, 0 bytes, Stack size 0 bytes, da14531_symbols.txt(ABSOLUTE))
<BR><BR>[Called By]<UL><LI><a href="#[5a]">&gt;&gt;</a>&nbsp;&nbsp;&nbsp;app_easy_gap_dev_configure
<LI><a href="#[105]">&gt;&gt;</a>&nbsp;&nbsp;&nbsp;app_easy_security_tk_exch
</UL>

<P><STRONG><a name="[113]"></a>__aeabi_memclr4</STRONG> (Thumb, 0 bytes, Stack size 0 bytes, da14531_symbols.txt(ABSOLUTE))
<BR><BR>[Called By]<UL><LI><a href="#[35]">&gt;&gt;</a>&nbsp;&nbsp;&nbsp;gapc_get_dev_info_req_ind_handler_wrapper
</UL>

<P><STRONG><a name="[135]"></a>__aeabi_memclr8</STRONG> (Thumb, 0 bytes, Stack size 0 bytes, da14531_symbols.txt(ABSOLUTE))
<BR><BR>[Called By]<UL><LI><a href="#[12]">&gt;&gt;</a>&nbsp;&nbsp;&nbsp;main
</UL>

<P><STRONG><a name="[cb]"></a>memcmp</STRONG> (Thumb, 0 bytes, Stack size 0 bytes, da14531_symbols.txt(ABSOLUTE))
<BR><BR>[Called By]<UL><LI><a href="#[1b]">&gt;&gt;</a>&nbsp;&nbsp;&nbsp;PATCHED_llm_con_req_ind
<LI><a href="#[1c]">&gt;&gt;</a>&nbsp;&nbsp;&nbsp;PATCHED_smpc_recv_pair_rand_pdu
<LI><a href="#[1d]">&gt;&gt;</a>&nbsp;&nbsp;&nbsp;PATCHED_smpc_recv_public_key_exchange_pdu
</UL>

<P><STRONG><a name="[f7]"></a>__aeabi_llsl</STRONG> (Thumb, 0 bytes, Stack size 0 bytes, da14531_symbols.txt(ABSOLUTE))
<BR><BR>[Called By]<UL><LI><a href="#[1e]">&gt;&gt;</a>&nbsp;&nbsp;&nbsp;GPIO_ConfigurePin
<LI><a href="#[12]">&gt;&gt;</a>&nbsp;&nbsp;&nbsp;main
</UL>

<P><STRONG><a name="[15]"></a>arch_printf</STRONG> (Thumb, 0 bytes, Stack size 0 bytes, da14531_symbols.txt(ABSOLUTE))
<BR><BR>[Called By]<UL><LI><a href="#[45]">&gt;&gt;</a>&nbsp;&nbsp;&nbsp;gapc_bond_ind_handler
</UL>
<BR>[Address Reference Count : 2]<UL><LI> lto-llvm-c73cc8.o(.text.uvp_uart_timer_cb)
<LI> lto-llvm-c73cc8.o(.text.gpadc_wireless_timer_cb)
</UL>
<P><STRONG><a name="[142]"></a>arch_printf_process</STRONG> (Thumb, 0 bytes, Stack size 0 bytes, da14531_symbols.txt(ABSOLUTE))
<BR><BR>[Called By]<UL><LI><a href="#[12]">&gt;&gt;</a>&nbsp;&nbsp;&nbsp;main
</UL>

<P><STRONG><a name="[7d]"></a>nvds_get_func</STRONG> (Thumb, 0 bytes, Stack size 0 bytes, da14531_symbols.txt(ABSOLUTE), UNUSED)
<BR>[Address Reference Count : 1]<UL><LI> lto-llvm-c73cc8.o(.rodata.rom_func_addr_table_var)
</UL>
<P><STRONG><a name="[80]"></a>nvds_init_func</STRONG> (Thumb, 0 bytes, Stack size 0 bytes, da14531_symbols.txt(ABSOLUTE), UNUSED)
<BR>[Address Reference Count : 1]<UL><LI> lto-llvm-c73cc8.o(.rodata.rom_func_addr_table_var)
</UL>
<P><STRONG><a name="[7f]"></a>nvds_del_func</STRONG> (Thumb, 0 bytes, Stack size 0 bytes, da14531_symbols.txt(ABSOLUTE), UNUSED)
<BR>[Address Reference Count : 1]<UL><LI> lto-llvm-c73cc8.o(.rodata.rom_func_addr_table_var)
</UL>
<P><STRONG><a name="[7e]"></a>nvds_put_func</STRONG> (Thumb, 0 bytes, Stack size 0 bytes, da14531_symbols.txt(ABSOLUTE), UNUSED)
<BR>[Address Reference Count : 1]<UL><LI> lto-llvm-c73cc8.o(.rodata.rom_func_addr_table_var)
</UL>
<P><STRONG><a name="[110]"></a>csprng_seed</STRONG> (Thumb, 0 bytes, Stack size 0 bytes, da14531_symbols.txt(ABSOLUTE))
<BR><BR>[Called By]<UL><LI><a href="#[a9]">&gt;&gt;</a>&nbsp;&nbsp;&nbsp;dia_srand_func
<LI><a href="#[12]">&gt;&gt;</a>&nbsp;&nbsp;&nbsp;main
</UL>

<P><STRONG><a name="[10f]"></a>csprng_get_next_uint32</STRONG> (Thumb, 0 bytes, Stack size 0 bytes, da14531_symbols.txt(ABSOLUTE))
<BR><BR>[Called By]<UL><LI><a href="#[a8]">&gt;&gt;</a>&nbsp;&nbsp;&nbsp;dia_rand_func
</UL>

<P><STRONG><a name="[138]"></a>trng_acquire</STRONG> (Thumb, 0 bytes, Stack size 0 bytes, da14531_symbols.txt(ABSOLUTE))
<BR><BR>[Called By]<UL><LI><a href="#[12]">&gt;&gt;</a>&nbsp;&nbsp;&nbsp;main
</UL>

<P><STRONG><a name="[8d]"></a>prf_add_profile_func</STRONG> (Thumb, 0 bytes, Stack size 0 bytes, da14531_symbols.txt(ABSOLUTE), UNUSED)
<BR>[Address Reference Count : 1]<UL><LI> lto-llvm-c73cc8.o(.rodata.rom_func_addr_table_var)
</UL>
<P><STRONG><a name="[8f]"></a>prf_cleanup_func</STRONG> (Thumb, 0 bytes, Stack size 0 bytes, da14531_symbols.txt(ABSOLUTE), UNUSED)
<BR>[Address Reference Count : 1]<UL><LI> lto-llvm-c73cc8.o(.rodata.rom_func_addr_table_var)
</UL>
<P><STRONG><a name="[11c]"></a>prf_env_get</STRONG> (Thumb, 0 bytes, Stack size 0 bytes, da14531_symbols.txt(ABSOLUTE))
<BR><BR>[Called By]<UL><LI><a href="#[4d]">&gt;&gt;</a>&nbsp;&nbsp;&nbsp;gattc_write_req_ind_handler
</UL>

<P><STRONG><a name="[124]"></a>prf_dst_task_get</STRONG> (Thumb, 0 bytes, Stack size 0 bytes, da14531_symbols.txt(ABSOLUTE))
<BR><BR>[Called By]<UL><LI><a href="#[4d]">&gt;&gt;</a>&nbsp;&nbsp;&nbsp;gattc_write_req_ind_handler
</UL>

<P><STRONG><a name="[90]"></a>prf_get_id_from_task_func</STRONG> (Thumb, 0 bytes, Stack size 0 bytes, da14531_symbols.txt(ABSOLUTE), UNUSED)
<BR>[Address Reference Count : 1]<UL><LI> lto-llvm-c73cc8.o(.rodata.rom_func_addr_table_var)
</UL>
<P><STRONG><a name="[91]"></a>prf_get_task_from_id_func</STRONG> (Thumb, 0 bytes, Stack size 0 bytes, da14531_symbols.txt(ABSOLUTE), UNUSED)
<BR>[Address Reference Count : 1]<UL><LI> lto-llvm-c73cc8.o(.rodata.rom_func_addr_table_var)
</UL>
<P><STRONG><a name="[148]"></a>prf_itf_get</STRONG> (Thumb, 0 bytes, Stack size 0 bytes, da14531_symbols.txt(ABSOLUTE))
<BR><BR>[Called By]<UL><LI><a href="#[8e]">&gt;&gt;</a>&nbsp;&nbsp;&nbsp;prf_create_func
<LI><a href="#[8c]">&gt;&gt;</a>&nbsp;&nbsp;&nbsp;prf_init_func
</UL>

<P><STRONG><a name="[58]"></a>diss_prf_itf_get</STRONG> (Thumb, 0 bytes, Stack size 0 bytes, da14531_symbols.txt(ABSOLUTE), UNUSED)
<BR>[Address Reference Count : 1]<UL><LI> lto-llvm-c73cc8.o(.rodata.prf_if)
</UL>
<P><STRONG><a name="[120]"></a>check_client_char_cfg</STRONG> (Thumb, 0 bytes, Stack size 0 bytes, da14531_symbols.txt(ABSOLUTE))
<BR><BR>[Called By]<UL><LI><a href="#[4d]">&gt;&gt;</a>&nbsp;&nbsp;&nbsp;gattc_write_req_ind_handler
</UL>

<P><STRONG><a name="[11e]"></a>get_value_handle</STRONG> (Thumb, 0 bytes, Stack size 0 bytes, da14531_symbols.txt(ABSOLUTE))
<BR><BR>[Called By]<UL><LI><a href="#[4d]">&gt;&gt;</a>&nbsp;&nbsp;&nbsp;gattc_write_req_ind_handler
</UL>

<P><STRONG><a name="[10b]"></a>custs1_get_att_handle</STRONG> (Thumb, 0 bytes, Stack size 0 bytes, da14531_symbols.txt(ABSOLUTE))
<BR><BR>[Called By]<UL><LI><a href="#[54]">&gt;&gt;</a>&nbsp;&nbsp;&nbsp;custs1_value_req_rsp_handler
</UL>

<P><STRONG><a name="[11d]"></a>custs1_get_att_idx</STRONG> (Thumb, 0 bytes, Stack size 0 bytes, da14531_symbols.txt(ABSOLUTE))
<BR><BR>[Called By]<UL><LI><a href="#[4d]">&gt;&gt;</a>&nbsp;&nbsp;&nbsp;gattc_write_req_ind_handler
</UL>

<P><STRONG><a name="[59]"></a>custs1_prf_itf_get</STRONG> (Thumb, 0 bytes, Stack size 0 bytes, da14531_symbols.txt(ABSOLUTE), UNUSED)
<BR>[Address Reference Count : 1]<UL><LI> lto-llvm-c73cc8.o(.rodata.prf_if)
</UL>
<P><STRONG><a name="[121]"></a>custs1_set_ccc_value</STRONG> (Thumb, 0 bytes, Stack size 0 bytes, da14531_symbols.txt(ABSOLUTE))
<BR><BR>[Called By]<UL><LI><a href="#[4d]">&gt;&gt;</a>&nbsp;&nbsp;&nbsp;gattc_write_req_ind_handler
</UL>

<P><STRONG><a name="[4f]"></a>gattc_cmp_evt_handler</STRONG> (Thumb, 0 bytes, Stack size 0 bytes, da14531_symbols.txt(ABSOLUTE), UNUSED)
<BR>[Address Reference Count : 1]<UL><LI> lto-llvm-c73cc8.o(.rodata.custs1_default_state)
</UL>
<P><STRONG><a name="[51]"></a>custs1_val_set_req_handler</STRONG> (Thumb, 0 bytes, Stack size 0 bytes, da14531_symbols.txt(ABSOLUTE), UNUSED)
<BR>[Address Reference Count : 1]<UL><LI> lto-llvm-c73cc8.o(.rodata.custs1_default_state)
</UL>
<P><STRONG><a name="[50]"></a>custs1_val_ntf_req_handler</STRONG> (Thumb, 0 bytes, Stack size 0 bytes, da14531_symbols.txt(ABSOLUTE), UNUSED)
<BR>[Address Reference Count : 1]<UL><LI> lto-llvm-c73cc8.o(.rodata.custs1_default_state)
</UL>
<P><STRONG><a name="[52]"></a>custs1_val_ind_req_handler</STRONG> (Thumb, 0 bytes, Stack size 0 bytes, da14531_symbols.txt(ABSOLUTE), UNUSED)
<BR>[Address Reference Count : 1]<UL><LI> lto-llvm-c73cc8.o(.rodata.custs1_default_state)
</UL>
<P><STRONG><a name="[53]"></a>custs1_att_info_rsp_handler</STRONG> (Thumb, 0 bytes, Stack size 0 bytes, da14531_symbols.txt(ABSOLUTE), UNUSED)
<BR>[Address Reference Count : 1]<UL><LI> lto-llvm-c73cc8.o(.rodata.custs1_default_state)
</UL>
<P><STRONG><a name="[4c]"></a>gattc_read_req_ind_handler</STRONG> (Thumb, 0 bytes, Stack size 0 bytes, da14531_symbols.txt(ABSOLUTE), UNUSED)
<BR>[Address Reference Count : 1]<UL><LI> lto-llvm-c73cc8.o(.rodata.custs1_default_state)
</UL>
<P><STRONG><a name="[4e]"></a>gattc_att_info_req_ind_handler</STRONG> (Thumb, 0 bytes, Stack size 0 bytes, da14531_symbols.txt(ABSOLUTE), UNUSED)
<BR>[Address Reference Count : 1]<UL><LI> lto-llvm-c73cc8.o(.rodata.custs1_default_state)
</UL>
<P><STRONG><a name="[119]"></a>gapm_adv_report_ind_handler_ROM</STRONG> (Thumb, 0 bytes, Stack size 0 bytes, da14531_symbols.txt(ABSOLUTE))
<BR><BR>[Called By]<UL><LI><a href="#[38]">&gt;&gt;</a>&nbsp;&nbsp;&nbsp;gapm_adv_report_ind_handler_wrapper
</UL>

<P><STRONG><a name="[117]"></a>gapc_security_ind_handler_ROM</STRONG> (Thumb, 0 bytes, Stack size 0 bytes, da14531_symbols.txt(ABSOLUTE))
<BR><BR>[Called By]<UL><LI><a href="#[3d]">&gt;&gt;</a>&nbsp;&nbsp;&nbsp;gapc_security_ind_handler_wrapper
</UL>

<P><STRONG><a name="[118]"></a>gapc_set_dev_info_req_ind_handler_ROM</STRONG> (Thumb, 0 bytes, Stack size 0 bytes, da14531_symbols.txt(ABSOLUTE))
<BR><BR>[Called By]<UL><LI><a href="#[36]">&gt;&gt;</a>&nbsp;&nbsp;&nbsp;gapc_set_dev_info_req_ind_handler_wrapper
</UL>

<P><STRONG><a name="[11a]"></a>gapm_profile_added_ind_handler_ROM</STRONG> (Thumb, 0 bytes, Stack size 0 bytes, da14531_symbols.txt(ABSOLUTE))
<BR><BR>[Called By]<UL><LI><a href="#[37]">&gt;&gt;</a>&nbsp;&nbsp;&nbsp;gapm_profile_added_ind_handler_wrapper
</UL>

<P><STRONG><a name="[115]"></a>gapc_param_update_req_ind_handler_ROM</STRONG> (Thumb, 0 bytes, Stack size 0 bytes, da14531_symbols.txt(ABSOLUTE))
<BR><BR>[Called By]<UL><LI><a href="#[39]">&gt;&gt;</a>&nbsp;&nbsp;&nbsp;gapc_param_update_req_ind_handler_wrapper
</UL>

<P><STRONG><a name="[114]"></a>gapc_le_pkt_size_ind_handler_ROM</STRONG> (Thumb, 0 bytes, Stack size 0 bytes, da14531_symbols.txt(ABSOLUTE))
<BR><BR>[Called By]<UL><LI><a href="#[3a]">&gt;&gt;</a>&nbsp;&nbsp;&nbsp;gapc_le_pkt_size_ind_handler_wrapper
</UL>

<P><STRONG><a name="[11b]"></a>gattc_svc_changed_cfg_ind_handler_ROM</STRONG> (Thumb, 0 bytes, Stack size 0 bytes, da14531_symbols.txt(ABSOLUTE))
<BR><BR>[Called By]<UL><LI><a href="#[3b]">&gt;&gt;</a>&nbsp;&nbsp;&nbsp;gattc_svc_changed_cfg_ind_handler_wrapper
</UL>

<P><STRONG><a name="[116]"></a>gapc_peer_features_ind_handler_ROM</STRONG> (Thumb, 0 bytes, Stack size 0 bytes, da14531_symbols.txt(ABSOLUTE))
<BR><BR>[Called By]<UL><LI><a href="#[3c]">&gt;&gt;</a>&nbsp;&nbsp;&nbsp;gapc_peer_features_ind_handler_wrapper
</UL>

<P><STRONG><a name="[2e]"></a>app_entry_point_handler</STRONG> (Thumb, 0 bytes, Stack size 0 bytes, da14531_symbols.txt(ABSOLUTE), UNUSED)
<BR>[Address Reference Count : 1]<UL><LI> lto-llvm-c73cc8.o(.rodata.app_default_state)
</UL>
<P><STRONG><a name="[101]"></a>app_std_process_event</STRONG> (Thumb, 0 bytes, Stack size 0 bytes, da14531_symbols.txt(ABSOLUTE))
<BR><BR>[Called By]<UL><LI><a href="#[43]">&gt;&gt;</a>&nbsp;&nbsp;&nbsp;app_custs1_process_handler
<LI><a href="#[42]">&gt;&gt;</a>&nbsp;&nbsp;&nbsp;app_diss_process_handler
<LI><a href="#[41]">&gt;&gt;</a>&nbsp;&nbsp;&nbsp;app_sec_process_handler
<LI><a href="#[3e]">&gt;&gt;</a>&nbsp;&nbsp;&nbsp;app_gap_process_handler_RAM
</UL>

<P><STRONG><a name="[10c]"></a>app_fill_random_byte_array_ROM</STRONG> (Thumb, 0 bytes, Stack size 0 bytes, da14531_symbols.txt(ABSOLUTE))
<BR><BR>[Called By]<UL><LI><a href="#[bb]">&gt;&gt;</a>&nbsp;&nbsp;&nbsp;default_app_on_ltk_exch
</UL>

<P><STRONG><a name="[fa]"></a>__aeabi_llsr</STRONG> (Thumb, 0 bytes, Stack size 0 bytes, da14531_symbols.txt(ABSOLUTE))
<BR><BR>[Called By]<UL><LI><a href="#[f9]">&gt;&gt;</a>&nbsp;&nbsp;&nbsp;GPIO_SetInactive
<LI><a href="#[f8]">&gt;&gt;</a>&nbsp;&nbsp;&nbsp;GPIO_SetActive
</UL>

<P><STRONG><a name="[14a]"></a>__aeabi_uldivmod</STRONG> (Thumb, 0 bytes, Stack size 0 bytes, da14531_symbols.txt(ABSOLUTE))
<BR><BR>[Called By]<UL><LI><a href="#[13b]">&gt;&gt;</a>&nbsp;&nbsp;&nbsp;read_rcx_freq
</UL>

<P><STRONG><a name="[10e]"></a>app_db_init_start</STRONG> (Thumb, 0 bytes, Stack size 0 bytes, da14531_symbols.txt(ABSOLUTE))
<BR><BR>[Called By]<UL><LI><a href="#[b1]">&gt;&gt;</a>&nbsp;&nbsp;&nbsp;default_app_on_set_dev_config_complete
</UL>

<P><STRONG><a name="[112]"></a>app_easy_gap_confirm</STRONG> (Thumb, 0 bytes, Stack size 0 bytes, da14531_symbols.txt(ABSOLUTE))
<BR><BR>[Called By]<UL><LI><a href="#[33]">&gt;&gt;</a>&nbsp;&nbsp;&nbsp;gapc_connection_req_ind_handler_wrapper
</UL>

<P><STRONG><a name="[104]"></a>append_device_name</STRONG> (Thumb, 0 bytes, Stack size 0 bytes, da14531_symbols.txt(ABSOLUTE))
<BR><BR>[Called By]<UL><LI><a href="#[103]">&gt;&gt;</a>&nbsp;&nbsp;&nbsp;app_easy_gap_undirected_advertise_start
</UL>

<P><STRONG><a name="[111]"></a>app_easy_gap_disconnect</STRONG> (Thumb, 0 bytes, Stack size 0 bytes, da14531_symbols.txt(ABSOLUTE))
<BR><BR>[Called By]<UL><LI><a href="#[45]">&gt;&gt;</a>&nbsp;&nbsp;&nbsp;gapc_bond_ind_handler
</UL>

<P><STRONG><a name="[ff]"></a>get_user_prf_srv_perm</STRONG> (Thumb, 0 bytes, Stack size 0 bytes, da14531_symbols.txt(ABSOLUTE))
<BR><BR>[Called By]<UL><LI><a href="#[4b]">&gt;&gt;</a>&nbsp;&nbsp;&nbsp;app_custs1_create_db
<LI><a href="#[57]">&gt;&gt;</a>&nbsp;&nbsp;&nbsp;app_diss_create_db
</UL>

<P><STRONG><a name="[13d]"></a>prf_init_srv_perm</STRONG> (Thumb, 0 bytes, Stack size 0 bytes, da14531_symbols.txt(ABSOLUTE))
<BR><BR>[Called By]<UL><LI><a href="#[12]">&gt;&gt;</a>&nbsp;&nbsp;&nbsp;main
</UL>

<P><STRONG><a name="[bc]"></a>__main</STRONG> (Thumb, 0 bytes, Stack size unknown bytes, entry.o(.ARM.Collect$$$$00000000))
<BR><BR>[Called By]<UL><LI><a href="#[0]">&gt;&gt;</a>&nbsp;&nbsp;&nbsp;Reset_Handler
</UL>

<P><STRONG><a name="[160]"></a>_main_stk</STRONG> (Thumb, 0 bytes, Stack size unknown bytes, entry4.o(.ARM.Collect$$$$00000003))

<P><STRONG><a name="[bd]"></a>_main_scatterload</STRONG> (Thumb, 0 bytes, Stack size unknown bytes, entry5.o(.ARM.Collect$$$$00000004))
<BR><BR>[Calls]<UL><LI><a href="#[be]">&gt;&gt;</a>&nbsp;&nbsp;&nbsp;__scatterload
</UL>

<P><STRONG><a name="[f4]"></a>__main_after_scatterload</STRONG> (Thumb, 0 bytes, Stack size unknown bytes, entry5.o(.ARM.Collect$$$$00000004))
<BR><BR>[Called By]<UL><LI><a href="#[be]">&gt;&gt;</a>&nbsp;&nbsp;&nbsp;__scatterload
</UL>

[...]
</UL>
<P><STRONG><a name="[31]"></a>gapm_cmp_evt_handler_wrapper</STRONG> (Thumb, 68 bytes, Stack size 16 bytes, lto-llvm-c73cc8.o(.text.gapm_cmp_evt_handler_wrapper))
<BR><BR>[Stack]<UL><LI>Max Depth = 40<LI>Call Chain = gapm_cmp_evt_handler_wrapper &rArr; default_app_on_set_dev_config_complete &rArr; app_easy_gap_undirected_advertise_start
</UL>
<BR>[Calls]<UL><LI><a href="#[5c]">&gt;&gt;</a>&nbsp;&nbsp;&nbsp;user_catch_rest_hndl
<LI><a href="#[5a]">&gt;&gt;</a>&nbsp;&nbsp;&nbsp;app_easy_gap_dev_configure
<LI><a href="#[b1]">&gt;&gt;</a>&nbsp;&nbsp;&nbsp;default_app_on_set_dev_config_complete
</UL>
<BR>[Address Reference Count : 1]<UL><LI> lto-llvm-c73cc8.o(.rodata.app_gap_process_handlers)
</UL>
<P><STRONG><a name="[5c]"></a>user_catch_rest_hndl</STRONG> (Thumb, 32 bytes, Stack size 16 bytes, lto-llvm-c73cc8.o(.text.user_catch_rest_hndl))
<BR><BR>[Stack]<UL><LI>Max Depth = 16<LI>Call Chain = user_catch_rest_hndl
</UL>
<BR>[Calls]<UL><LI><a href="#[100]">&gt;&gt;</a>&nbsp;&nbsp;&nbsp;ke_msg_send
<LI><a href="#[fe]">&gt;&gt;</a>&nbsp;&nbsp;&nbsp;ke_msg_alloc
</UL>
<BR>[Called By]<UL><LI><a href="#[45]">&gt;&gt;</a>&nbsp;&nbsp;&nbsp;gapc_bond_ind_handler
<LI><a href="#[32]">&gt;&gt;</a>&nbsp;&nbsp;&nbsp;gapc_cmp_evt_handler_wrapper
<LI><a href="#[31]">&gt;&gt;</a>&nbsp;&nbsp;&nbsp;gapm_cmp_evt_handler_wrapper
</UL>
<BR>[Address Reference Count : 1]<UL><LI> lto-llvm-c73cc8.o(.rodata.rom_app_task_cfg)
</UL>
<P><STRONG><a name="[32]"></a>gapc_cmp_evt_handler_wrapper</STRONG> (Thumb, 36 bytes, Stack size 8 bytes, lto-llvm-c73cc8.o(.text.gapc_cmp_evt_handler_wrapper))
<BR><BR>[Stack]<UL><LI>Max Depth = 24<LI>Call Chain = gapc_cmp_evt_handler_wrapper &rArr; user_catch_rest_hndl
</UL>
<BR>[Calls]<UL><LI><a href="#[5c]">&gt;&gt;</a>&nbsp;&nbsp;&nbsp;user_catch_rest_hndl
</UL>
<BR>[Address Reference Count : 1]<UL><LI> lto-llvm-c73cc8.o(.rodata.app_gap_process_handlers)
</UL>
<P><STRONG><a name="[33]"></a>gapc_connection_req_ind_handler_wrapper</STRONG> (Thumb, 104 bytes, Stack size 24 bytes, lto-llvm-c73cc8.o(.text.gapc_connection_req_ind_handler_wrapper))
<BR><BR>[Stack]<UL><LI>Max Depth = 160<LI>Call Chain = gapc_connection_req_ind_handler_wrapper &rArr; user_on_connection &rArr; gpadc_wireless_timer_cb &rArr; gpadc_init &rArr; adc_init
</UL>
<BR>[Calls]<UL><LI><a href="#[112]">&gt;&gt;</a>&nbsp;&nbsp;&nbsp;app_easy_gap_confirm
<LI><a href="#[da]">&gt;&gt;</a>&nbsp;&nbsp;&nbsp;ke_state_set
<LI><a href="#[c4]">&gt;&gt;</a>&nbsp;&nbsp;&nbsp;ke_state_get
<LI><a href="#[c3]">&gt;&gt;</a>&nbsp;&nbsp;&nbsp;__aeabi_memcpy
<LI><a href="#[af]">&gt;&gt;</a>&nbsp;&nbsp;&nbsp;user_on_connection
</UL>
<BR>[Address Reference Count : 1]<UL><LI> lto-llvm-c73cc8.o(.rodata.app_gap_process_handlers)
</UL>
<P><STRONG><a name="[af]"></a>user_on_connection</STRONG> (Thumb, 112 bytes, Stack size 32 bytes, lto-llvm-c73cc8.o(.text.user_on_connection))
<BR><BR>[Stack]<UL><LI>Max Depth = 136<LI>Call Chain = user_on_connection &rArr; gpadc_wireless_timer_cb &rArr; gpadc_init &rArr; adc_init
</UL>
<BR>[Calls]<UL><LI><a href="#[15e]">&gt;&gt;</a>&nbsp;&nbsp;&nbsp;timer2_pwm_signal_config
<LI><a href="#[16]">&gt;&gt;</a>&nbsp;&nbsp;&nbsp;gpadc_wireless_timer_cb
<LI><a href="#[103]">&gt;&gt;</a>&nbsp;&nbsp;&nbsp;app_easy_gap_undirected_advertise_start
</UL>
<BR>[Called By]<UL><LI><a href="#[33]">&gt;&gt;</a>&nbsp;&nbsp;&nbsp;gapc_connection_req_ind_handler_wrapper
</UL>
<BR>[Address Reference Count : 1]<UL><LI> lto-llvm-c73cc8.o(.rodata.user_app_callbacks)
</UL>
<P><STRONG><a name="[34]"></a>gapc_disconnect_ind_handler_wrapper</STRONG> (Thumb, 44 bytes, Stack size 8 bytes, lto-llvm-c73cc8.o(.text.gapc_disconnect_ind_handler_wrapper))
<BR><BR>[Stack]<UL><LI>Max Depth = 32<LI>Call Chain = gapc_disconnect_ind_handler_wrapper &rArr; user_on_disconnect &rArr; app_easy_gap_undirected_advertise_start
</UL>
<BR>[Calls]<UL><LI><a href="#[c4]">&gt;&gt;</a>&nbsp;&nbsp;&nbsp;ke_state_get
<LI><a href="#[b0]">&gt;&gt;</a>&nbsp;&nbsp;&nbsp;user_on_disconnect
</UL>
<BR>[Address Reference Count : 1]<UL><LI> lto-llvm-c73cc8.o(.rodata.app_gap_process_handlers)
</UL>
<P><STRONG><a name="[b0]"></a>user_on_disconnect</STRONG> (Thumb, 28 bytes, Stack size 8 bytes, lto-llvm-c73cc8.o(.text.user_on_disconnect))
<BR><BR>[Stack]<UL><LI>Max Depth = 24<LI>Call Chain = user_on_disconnect &rArr; app_easy_gap_undirected_advertise_start
</UL>
<BR>[Calls]<UL><LI><a href="#[103]">&gt;&gt;</a>&nbsp;&nbsp;&nbsp;app_easy_gap_undirected_advertise_start
</UL>
<BR>[Called By]<UL><LI><a href="#[34]">&gt;&gt;</a>&nbsp;&nbsp;&nbsp;gapc_disconnect_ind_handler_wrapper
</UL>
<BR>[Address Reference Count : 1]<UL><LI> lto-llvm-c73cc8.o(.rodata.user_app_callbacks)
</UL>
<P><STRONG><a name="[35]"></a>gapc_get_dev_info_req_ind_handler_wrapper</STRONG> (Thumb, 148 bytes, Stack size 56 bytes, lto-llvm-c73cc8.o(.text.gapc_get_dev_info_req_ind_handler_wrapper))
<BR><BR>[Stack]<UL><LI>Max Depth = 56<LI>Call Chain = gapc_get_dev_info_req_ind_handler_wrapper
</UL>
<BR>[Calls]<UL><LI><a href="#[100]">&gt;&gt;</a>&nbsp;&nbsp;&nbsp;ke_msg_send
<LI><a href="#[fe]">&gt;&gt;</a>&nbsp;&nbsp;&nbsp;ke_msg_alloc
<LI><a href="#[113]">&gt;&gt;</a>&nbsp;&nbsp;&nbsp;__aeabi_memclr4
<LI><a href="#[c3]">&gt;&gt;</a>&nbsp;&nbsp;&nbsp;__aeabi_memcpy
</UL>
<BR>[Address Reference Count : 1]<UL><LI> lto-llvm-c73cc8.o(.rodata.app_gap_process_handlers)
</UL>
<P><STRONG><a name="[36]"></a>gapc_set_dev_info_req_ind_handler_wrapper</STRONG> (Thumb, 8 bytes, Stack size 8 bytes, lto-llvm-c73cc8.o(.text.gapc_set_dev_info_req_ind_handler_wrapper))
<BR><BR>[Stack]<UL><LI>Max Depth = 8<LI>Call Chain = gapc_set_dev_info_req_ind_handler_wrapper
</UL>
<BR>[Calls]<UL><LI><a href="#[118]">&gt;&gt;</a>&nbsp;&nbsp;&nbsp;gapc_set_dev_info_req_ind_handler_ROM
</UL>
<BR>[Address Reference Count : 1]<UL><LI> lto-llvm-c73cc8.o(.rodata.app_gap_process_handlers)
</UL>
<P><STRONG><a name="[37]"></a>gapm_profile_added_ind_handler_wrapper</STRONG> (Thumb, 8 bytes, Stack size 8 bytes, lto-llvm-c73cc8.o(.text.gapm_profile_added_ind_handler_wrapper))
<BR><BR>[Stack]<UL><LI>Max Depth = 8<LI>Call Chain = gapm_profile_added_ind_handler_wrapper
</UL>
<BR>[Calls]<UL><LI><a href="#[11a]">&gt;&gt;</a>&nbsp;&nbsp;&nbsp;gapm_profile_added_ind_handler_ROM
</UL>
<BR>[Address Reference Count : 1]<UL><LI> lto-llvm-c73cc8.o(.rodata.app_gap_process_handlers)
</UL>
<P><STRONG><a name="[38]"></a>gapm_adv_report_ind_handler_wrapper</STRONG> (Thumb, 8 bytes, Stack size 8 bytes, lto-llvm-c73cc8.o(.text.gapm_adv_report_ind_handler_wrapper))
<BR><BR>[Stack]<UL><LI>Max Depth = 8<LI>Call Chain = gapm_adv_report_ind_handler_wrapper
</UL>
<BR>[Calls]<UL><LI><a href="#[119]">&gt;&gt;</a>&nbsp;&nbsp;&nbsp;gapm_adv_report_ind_handler_ROM
</UL>
<BR>[Address Reference Count : 1]<UL><LI> lto-llvm-c73cc8.o(.rodata.app_gap_process_handlers)
</UL>
<P><STRONG><a name="[39]"></a>gapc_param_update_req_ind_handler_wrapper</STRONG> (Thumb, 8 bytes, Stack size 8 bytes, lto-llvm-c73cc8.o(.text.gapc_param_update_req_ind_handler_wrapper))
<BR><BR>[Stack]<UL><LI>Max Depth = 8<LI>Call Chain = gapc_param_update_req_ind_handler_wrapper
</UL>
<BR>[Calls]<UL><LI><a href="#[115]">&gt;&gt;</a>&nbsp;&nbsp;&nbsp;gapc_param_update_req_ind_handler_ROM
</UL>
<BR>[Address Reference Count : 1]<UL><LI> lto-llvm-c73cc8.o(.rodata.app_gap_process_handlers)
</UL>
<P><STRONG><a name="[3a]"></a>gapc_le_pkt_size_ind_handler_wrapper</STRONG> (Thumb, 8 bytes, Stack size 8 bytes, lto-llvm-c73cc8.o(.text.gapc_le_pkt_size_ind_handler_wrapper))
<BR><BR>[Stack]<UL><LI>Max Depth = 8<LI>Call Chain = gapc_le_pkt_size_ind_handler_wrapper
</UL>
<BR>[Calls]<UL><LI><a href="#[114]">&gt;&gt;</a>&nbsp;&nbsp;&nbsp;gapc_le_pkt_size_ind_handler_ROM
</UL>
<BR>[Address Reference Count : 1]<UL><LI> lto-llvm-c73cc8.o(.rodata.app_gap_process_handlers)
</UL>
<P><STRONG><a name="[3b]"></a>gattc_svc_changed_cfg_ind_handler_wrapper</STRONG> (Thumb, 8 bytes, Stack size 8 bytes, lto-llvm-c73cc8.o(.text.gattc_svc_changed_cfg_ind_handler_wrapper))
<BR><BR>[Stack]<UL><LI>Max Depth = 8<LI>Call Chain = gattc_svc_changed_cfg_ind_handler_wrapper
</UL>
<BR>[Calls]<UL><LI><a href="#[11b]">&gt;&gt;</a>&nbsp;&nbsp;&nbsp;gattc_svc_changed_cfg_ind_handler_ROM
</UL>
<BR>[Address Reference Count : 1]<UL><LI> lto-llvm-c73cc8.o(.rodata.app_gap_process_handlers)
</UL>
<P><STRONG><a name="[3c]"></a>gapc_peer_features_ind_handler_wrapper</STRONG> (Thumb, 8 bytes, Stack size 8 bytes, lto-llvm-c73cc8.o(.text.gapc_peer_features_ind_handler_wrapper))
<BR><BR>[Stack]<UL><LI>Max Depth = 8<LI>Call Chain = gapc_peer_features_ind_handler_wrapper
</UL>
<BR>[Calls]<UL><LI><a href="#[116]">&gt;&gt;</a>&nbsp;&nbsp;&nbsp;gapc_peer_features_ind_handler_ROM
</UL>
<BR>[Address Reference Count : 1]<UL><LI> lto-llvm-c73cc8.o(.rodata.app_gap_process_handlers)
</UL>
<P><STRONG><a name="[3d]"></a>gapc_security_ind_handler_wrapper</STRONG> (Thumb, 8 bytes, Stack size 8 bytes, lto-llvm-c73cc8.o(.text.gapc_security_ind_handler_wrapper))
<BR><BR>[Stack]<UL><LI>Max Depth = 8<LI>Call Chain = gapc_security_ind_handler_wrapper
</UL>
<BR>[Calls]<UL><LI><a href="#[117]">&gt;&gt;</a>&nbsp;&nbsp;&nbsp;gapc_security_ind_handler_ROM
</UL>
<BR>[Address Reference Count : 1]<UL><LI> lto-llvm-c73cc8.o(.rodata.app_gap_process_handlers)
</UL>
<P><STRONG><a name="[41]"></a>app_sec_process_handler</STRONG> (Thumb, 28 bytes, Stack size 24 bytes, lto-llvm-c73cc8.o(.text.app_sec_process_handler))
<BR><BR>[Stack]<UL><LI>Max Depth = 24<LI>Call Chain = app_sec_process_handler
</UL>
<BR>[Calls]<UL><LI><a href="#[101]">&gt;&gt;</a>&nbsp;&nbsp;&nbsp;app_std_process_event
</UL>
<BR>[Address Reference Count : 1]<UL><LI> lto-llvm-c73cc8.o(.rodata.app_process_handlers)
</UL>
<P><STRONG><a name="[44]"></a>gapc_bond_req_ind_handler</STRONG> (Thumb, 100 bytes, Stack size 8 bytes, lto-llvm-c73cc8.o(.text.gapc_bond_req_ind_handler))
<BR><BR>[Stack]<UL><LI>Max Depth = 48<LI>Call Chain = gapc_bond_req_ind_handler &rArr; default_app_on_tk_exch &rArr; app_easy_security_tk_exch
</UL>
<BR>[Calls]<UL><LI><a href="#[bb]">&gt;&gt;</a>&nbsp;&nbsp;&nbsp;default_app_on_ltk_exch
<LI><a href="#[ba]">&gt;&gt;</a>&nbsp;&nbsp;&nbsp;default_app_on_tk_exch
<LI><a href="#[b9]">&gt;&gt;</a>&nbsp;&nbsp;&nbsp;default_app_on_pairing_request
</UL>
<BR>[Address Reference Count : 1]<UL><LI> lto-llvm-c73cc8.o(.rodata.app_sec_process_handlers)
</UL>
<P><STRONG><a name="[45]"></a>gapc_bond_ind_handler</STRONG> (Thumb, 272 bytes, Stack size 16 bytes, lto-llvm-c73cc8.o(.text.gapc_bond_ind_handler))
<BR><BR>[Stack]<UL><LI>Max Depth = 32<LI>Call Chain = gapc_bond_ind_handler &rArr; user_catch_rest_hndl
</UL>
<BR>[Calls]<UL><LI><a href="#[111]">&gt;&gt;</a>&nbsp;&nbsp;&nbsp;app_easy_gap_disconnect
<LI><a href="#[15]">&gt;&gt;</a>&nbsp;&nbsp;&nbsp;arch_printf
<LI><a href="#[c3]">&gt;&gt;</a>&nbsp;&nbsp;&nbsp;__aeabi_memcpy
<LI><a href="#[5c]">&gt;&gt;</a>&nbsp;&nbsp;&nbsp;user_catch_rest_hndl
</UL>
<BR>[Address Reference Count : 1]<UL><LI> lto-llvm-c73cc8.o(.rodata.app_sec_process_handlers)
</UL>
<P><STRONG><a name="[46]"></a>gapc_encrypt_req_ind_handler</STRONG> (Thumb, 4 bytes, Stack size 0 bytes, lto-llvm-c73cc8.o(.text.gapc_encrypt_req_ind_handler))
<BR>[Address Reference Count : 1]<UL><LI> lto-llvm-c73cc8.o(.rodata.app_sec_process_handlers)
</UL>
<P><STRONG><a name="[47]"></a>gapc_encrypt_ind_handler</STRONG> (Thumb, 20 bytes, Stack size 0 bytes, lto-llvm-c73cc8.o(.text.gapc_encrypt_ind_handler))
<BR>[Address Reference Count : 1]<UL><LI> lto-llvm-c73cc8.o(.rodata.app_sec_process_handlers)
</UL>
<P><STRONG><a name="[48]"></a>gapm_addr_solved_ind_handler</STRONG> (Thumb, 4 bytes, Stack size 0 bytes, lto-llvm-c73cc8.o(.text.gapm_addr_solved_ind_handler))
<BR>[Address Reference Count : 1]<UL><LI> lto-llvm-c73cc8.o(.rodata.app_sec_process_handlers)
</UL>
<P><STRONG><a name="[49]"></a>gapm_ral_size_ind_handler</STRONG> (Thumb, 4 bytes, Stack size 0 bytes, lto-llvm-c73cc8.o(.text.gapm_ral_size_ind_handler))
<BR>[Address Reference Count : 1]<UL><LI> lto-llvm-c73cc8.o(.rodata.app_sec_process_handlers)
</UL>
<P><STRONG><a name="[4a]"></a>gapm_ral_addr_ind_handler</STRONG> (Thumb, 4 bytes, Stack size 0 bytes, lto-llvm-c73cc8.o(.text.gapm_ral_addr_ind_handler))
<BR>[Address Reference Count : 1]<UL><LI> lto-llvm-c73cc8.o(.rodata.app_sec_process_handlers)
</UL>
<P><STRONG><a name="[57]"></a>app_diss_create_db</STRONG> (Thumb, 52 bytes, Stack size 16 bytes, lto-llvm-c73cc8.o(.text.app_diss_create_db))
<BR><BR>[Stack]<UL><LI>Max Depth = 16<LI>Call Chain = app_diss_create_db
</UL>
<BR>[Calls]<UL><LI><a href="#[ff]">&gt;&gt;</a>&nbsp;&nbsp;&nbsp;get_user_prf_srv_perm
<LI><a href="#[100]">&gt;&gt;</a>&nbsp;&nbsp;&nbsp;ke_msg_send
<LI><a href="#[fe]">&gt;&gt;</a>&nbsp;&nbsp;&nbsp;ke_msg_alloc
</UL>
<BR>[Address Reference Count : 1]<UL><LI> lto-llvm-c73cc8.o(.rodata.prf_funcs)
</UL>
<P><STRONG><a name="[42]"></a>app_diss_process_handler</STRONG> (Thumb, 28 bytes, Stack size 24 bytes, lto-llvm-c73cc8.o(.text.app_diss_process_handler))
<BR><BR>[Stack]<UL><LI>Max Depth = 24<LI>Call Chain = app_diss_process_handler
</UL>
<BR>[Calls]<UL><LI><a href="#[101]">&gt;&gt;</a>&nbsp;&nbsp;&nbsp;app_std_process_event
</UL>
<BR>[Address Reference Count : 1]<UL><LI> lto-llvm-c73cc8.o(.rodata.app_process_handlers)
</UL>
<P><STRONG><a name="[2f]"></a>diss_value_req_ind_handler</STRONG> (Thumb, 124 bytes, Stack size 24 bytes, lto-llvm-c73cc8.o(.text.diss_value_req_ind_handler))
<BR><BR>[Stack]<UL><LI>Max Depth = 24<LI>Call Chain = diss_value_req_ind_handler
</UL>
<BR>[Calls]<UL><LI><a href="#[100]">&gt;&gt;</a>&nbsp;&nbsp;&nbsp;ke_msg_send
<LI><a href="#[fe]">&gt;&gt;</a>&nbsp;&nbsp;&nbsp;ke_msg_alloc
<LI><a href="#[c3]">&gt;&gt;</a>&nbsp;&nbsp;&nbsp;__aeabi_memcpy
</UL>
<BR>[Address Reference Count : 1]<UL><LI> lto-llvm-c73cc8.o(.rodata.app_diss_process_handlers)
</UL>
<P><STRONG><a name="[40]"></a>app_msg_utils_api_process_handler</STRONG> (Thumb, 48 bytes, Stack size 8 bytes, lto-llvm-c73cc8.o(.text.app_msg_utils_api_process_handler))
<BR><BR>[Stack]<UL><LI>Max Depth = 8<LI>Call Chain = app_msg_utils_api_process_handler
</UL>
<BR>[Address Reference Count : 1]<UL><LI> lto-llvm-c73cc8.o(.rodata.app_process_handlers)
</UL>
<P><STRONG><a name="[3f]"></a>app_timer_api_process_handler</STRONG> (Thumb, 236 bytes, Stack size 8 bytes, lto-llvm-c73cc8.o(.text.app_timer_api_process_handler))
<BR><BR>[Stack]<UL><LI>Max Depth = 24<LI>Call Chain = app_timer_api_process_handler &rArr; create_timer
</UL>
<BR>[Calls]<UL><LI><a href="#[108]">&gt;&gt;</a>&nbsp;&nbsp;&nbsp;ke_timer_set
<LI><a href="#[100]">&gt;&gt;</a>&nbsp;&nbsp;&nbsp;ke_msg_send
<LI><a href="#[fe]">&gt;&gt;</a>&nbsp;&nbsp;&nbsp;ke_msg_alloc
<LI><a href="#[107]">&gt;&gt;</a>&nbsp;&nbsp;&nbsp;create_timer
</UL>
<BR>[Address Reference Count : 1]<UL><LI> lto-llvm-c73cc8.o(.rodata.app_process_handlers)
</UL>
<P><STRONG><a name="[107]"></a>create_timer</STRONG> (Thumb, 108 bytes, Stack size 16 bytes, lto-llvm-c73cc8.o(.text.create_timer))
<BR><BR>[Stack]<UL><LI>Max Depth = 16<LI>Call Chain = create_timer
</UL>
<BR>[Calls]<UL><LI><a href="#[108]">&gt;&gt;</a>&nbsp;&nbsp;&nbsp;ke_timer_set
<LI><a href="#[100]">&gt;&gt;</a>&nbsp;&nbsp;&nbsp;ke_msg_send
<LI><a href="#[fe]">&gt;&gt;</a>&nbsp;&nbsp;&nbsp;ke_msg_alloc
</UL>
<BR>[Called By]<UL><LI><a href="#[106]">&gt;&gt;</a>&nbsp;&nbsp;&nbsp;app_easy_timer
<LI><a href="#[3f]">&gt;&gt;</a>&nbsp;&nbsp;&nbsp;app_timer_api_process_handler
</UL>

<P><STRONG><a name="[13]"></a>timer_modified_handler</STRONG> (Thumb, 2 bytes, Stack size 0 bytes, lto-llvm-c73cc8.o(.text.timer_modified_handler))
<BR>[Address Reference Count : 1]<UL><LI> lto-llvm-c73cc8.o(.text.app_timer_api_process_handler)
</UL>
<P><STRONG><a name="[14]"></a>timer_canceled_handler</STRONG> (Thumb, 2 bytes, Stack size 0 bytes, lto-llvm-c73cc8.o(.text.timer_canceled_handler))
<BR>[Address Reference Count : 1]<UL><LI> lto-llvm-c73cc8.o(.text.app_timer_api_process_handler)
</UL>
<P><STRONG><a name="[4b]"></a>app_custs1_create_db</STRONG> (Thumb, 52 bytes, Stack size 16 bytes, lto-llvm-c73cc8.o(.text.app_custs1_create_db))
<BR><BR>[Stack]<UL><LI>Max Depth = 16<LI>Call Chain = app_custs1_create_db
</UL>
<BR>[Calls]<UL><LI><a href="#[ff]">&gt;&gt;</a>&nbsp;&nbsp;&nbsp;get_user_prf_srv_perm
<LI><a href="#[100]">&gt;&gt;</a>&nbsp;&nbsp;&nbsp;ke_msg_send
<LI><a href="#[fe]">&gt;&gt;</a>&nbsp;&nbsp;&nbsp;ke_msg_alloc
</UL>
<BR>[Address Reference Count : 1]<UL><LI> lto-llvm-c73cc8.o(.rodata.cust_prf_funcs)
</UL>
<P><STRONG><a name="[43]"></a>app_custs1_process_handler</STRONG> (Thumb, 26 bytes, Stack size 24 bytes, lto-llvm-c73cc8.o(.text.app_custs1_process_handler))
<BR><BR>[Stack]<UL><LI>Max Depth = 24<LI>Call Chain = app_custs1_process_handler
</UL>
<BR>[Calls]<UL><LI><a href="#[101]">&gt;&gt;</a>&nbsp;&nbsp;&nbsp;app_std_process_event
</UL>
<BR>[Address Reference Count : 1]<UL><LI> lto-llvm-c73cc8.o(.rodata.app_process_handlers)
</UL>
<P><STRONG><a name="[129]"></a>gpadc_init</STRONG> (Thumb, 284 bytes, Stack size 48 bytes, lto-llvm-c73cc8.o(.text.gpadc_init))
<BR><BR>[Stack]<UL><LI>Max Depth = 80<LI>Call Chain = gpadc_init &rArr; adc_init
</UL>
<BR>[Calls]<UL><LI><a href="#[126]">&gt;&gt;</a>&nbsp;&nbsp;&nbsp;adc_get_sample
<LI><a href="#[12a]">&gt;&gt;</a>&nbsp;&nbsp;&nbsp;adc_reset_offsets
<LI><a href="#[fd]">&gt;&gt;</a>&nbsp;&nbsp;&nbsp;adc_init
</UL>
<BR>[Called By]<UL><LI><a href="#[17]">&gt;&gt;</a>&nbsp;&nbsp;&nbsp;uvp_uart_timer_cb
<LI><a href="#[16]">&gt;&gt;</a>&nbsp;&nbsp;&nbsp;gpadc_wireless_timer_cb
</UL>

<P><STRONG><a name="[125]"></a>gpadc_collect_sample</STRONG> (Thumb, 132 bytes, Stack size 24 bytes, lto-llvm-c73cc8.o(.text.gpadc_collect_sample))
<BR><BR>[Stack]<UL><LI>Max Depth = 24<LI>Call Chain = gpadc_collect_sample
</UL>
<BR>[Calls]<UL><LI><a href="#[126]">&gt;&gt;</a>&nbsp;&nbsp;&nbsp;adc_get_sample
<LI><a href="#[128]">&gt;&gt;</a>&nbsp;&nbsp;&nbsp;__aeabi_idiv
<LI><a href="#[127]">&gt;&gt;</a>&nbsp;&nbsp;&nbsp;__aeabi_uidiv
</UL>
<BR>[Called By]<UL><LI><a href="#[17]">&gt;&gt;</a>&nbsp;&nbsp;&nbsp;uvp_uart_timer_cb
<LI><a href="#[16]">&gt;&gt;</a>&nbsp;&nbsp;&nbsp;gpadc_wireless_timer_cb
</UL>

<P><STRONG><a name="[12b]"></a>gpadc_sample_to_mv</STRONG> (Thumb, 48 bytes, Stack size 0 bytes, lto-llvm-c73cc8.o(.text.gpadc_sample_to_mv))
<BR><BR>[Called By]<UL><LI><a href="#[17]">&gt;&gt;</a>&nbsp;&nbsp;&nbsp;uvp_uart_timer_cb
<LI><a href="#[16]">&gt;&gt;</a>&nbsp;&nbsp;&nbsp;gpadc_wireless_timer_cb
</UL>

<P><STRONG><a name="[16]"></a>gpadc_wireless_timer_cb</STRONG> (Thumb, 128 bytes, Stack size 24 bytes, lto-llvm-c73cc8.o(.text.gpadc_wireless_timer_cb))
<BR><BR>[Stack]<UL><LI>Max Depth = 104<LI>Call Chain = gpadc_wireless_timer_cb &rArr; gpadc_init &rArr; adc_init
</UL>
<BR>[Calls]<UL><LI><a href="#[12c]">&gt;&gt;</a>&nbsp;&nbsp;&nbsp;prf_get_task_from_id
<LI><a href="#[100]">&gt;&gt;</a>&nbsp;&nbsp;&nbsp;ke_msg_send
<LI><a href="#[fe]">&gt;&gt;</a>&nbsp;&nbsp;&nbsp;ke_msg_alloc
<LI><a href="#[c4]">&gt;&gt;</a>&nbsp;&nbsp;&nbsp;ke_state_get
<LI><a href="#[106]">&gt;&gt;</a>&nbsp;&nbsp;&nbsp;app_easy_timer
<LI><a href="#[12b]">&gt;&gt;</a>&nbsp;&nbsp;&nbsp;gpadc_sample_to_mv
<LI><a href="#[125]">&gt;&gt;</a>&nbsp;&nbsp;&nbsp;gpadc_collect_sample
<LI><a href="#[129]">&gt;&gt;</a>&nbsp;&nbsp;&nbsp;gpadc_init
</UL>
<BR>[Called By]<UL><LI><a href="#[af]">&gt;&gt;</a>&nbsp;&nbsp;&nbsp;user_on_connection
</UL>
<BR>[Address Reference Count : 1]<UL><LI> lto-llvm-c73cc8.o(.text.gpadc_wireless_timer_cb)
</UL><P>
<H3>
Undefined Global Symbols
</H3>
<P><STRONG><a name="[132]"></a>reset_indication</STRONG> (Unknown, 0 bytes, Stack size 0 bytes, UNDEFINED)
<BR><BR>[Called By]<UL><LI><a href="#[12]">&gt;&gt;</a>&nbsp;&nbsp;&nbsp;main
</UL>

<P><STRONG><a name="[133]"></a>sb_read_otp_header</STRONG> (Unknown, 0 bytes, Stack size 0 bytes, UNDEFINED)
<BR><BR>[Called By]<UL><LI><a href="#[12]">&gt;&gt;</a>&nbsp;&nbsp;&nbsp;main
</UL>

<P><STRONG><a name="[134]"></a>sb_set_debugger_mode</STRONG> (Unknown, 0 bytes, Stack size 0 bytes, UNDEFINED)
<BR><BR>[Called By]<UL><LI><a href="#[12]">&gt;&gt;</a>&nbsp;&nbsp;&nbsp;main
</UL>
<HR></body></html>
