<html>
<body>
<pre>
<h1>µVision Build Log</h1>
<h2>Tool Versions:</h2>
IDE-Version: µVision V5.42.0.0
Copyright (C) 2025 ARM Ltd and ARM Germany GmbH. All rights reserved.
License Information: Albert Nguyen
Texas A&M University
User-based license: Keil MDK Community (non-commercial free of charge)
Valid until: May 31 2033. Cached until: Nov 27 2025
 
Tool Versions:
Toolchain:       Keil MDK Community (non-commercial free of charge  Version: 5.42.0.0
Toolchain Path:  C:\Users\alber\AppData\Local\Keil_v5\ARM\ARMCLANG\Bin
C Compiler:      ArmClang.exe V6.23
Assembler:       Armasm.exe V6.23
Linker/Locator:  ArmLink.exe V6.23
Library Manager: ArmAr.exe V6.23
Hex Converter:   FromElf.exe V6.23
CPU DLL:         SARMCM3.DLL V5.42.0.0
Dialog DLL:      DARMCM1.DLL V1.19.6.0
Target DLL:      Segger\JL2CM3.dll V2.99.45.0
Dialog DLL:      TARMCM1.DLL V1.14.6.0
 
<h2>Project:</h2>
C:\Users\alber\Documents\DA145xx_SDK\6.0.24.1464\projects\target_apps\template\fukuoka_uric_acid_sensor\Keil_5\empty_peripheral_template.uvprojx
Project File Date:  10/30/2025

<h2>Output:</h2>
*** Using Compiler 'V6.23', folder: 'C:\Users\alber\AppData\Local\Keil_v5\ARM\ARMCLANG\Bin'
Rebuild target 'DA14531'
compiling hardfault_handler.c...
compiling startup_DA14531.c...
compiling nmi_handler.c...
compiling nvds.c...
compiling system_DA14531.c...
compiling arch_console.c...
compiling arch_main.c...
compiling arch_sleep.c...
compiling chacha20.c...
compiling arch_rom.c...
compiling arch_hibernation.c...
compiling jump_table.c...
compiling hash.c...
compiling arch_system.c...
compiling system_library_585_586.c...
compiling system_library_531_01.c...
compiling system_library_531.c...
compiling system_library_535.c...
compiling otp_cs.c...
compiling otp_hdr.c...
compiling syscntl.c...
compiling wkupct_quadec.c...
compiling gpio.c...
compiling battery.c...
compiling adc_531.c...
compiling trng.c...
compiling spi_531.c...
compiling spi_flash.c...
compiling systick.c...
compiling i2c_eeprom.c...
compiling uart.c...
compiling dma.c...
compiling hw_otpc_531.c...
compiling i2c.c...
compiling timer2.c...
compiling rf_585.c...
compiling rf_531.c...
compiling attm_db_128.c...
compiling basc.c...
compiling rwip.c...
compiling rwble.c...
compiling ble_arp.c...
compiling basc_task.c...
compiling bass.c...
compiling bass_task.c...
compiling blpc.c...
compiling blpc_task.c...
compiling blps.c...
compiling blps_task.c...
compiling disc.c...
compiling disc_task.c...
compiling diss.c...
compiling findt.c...
compiling diss_task.c...
compiling findt_task.c...
compiling hogpbh.c...
compiling hogpbh_task.c...
compiling hogpd.c...
compiling hogpd_task.c...
compiling hogprh.c...
compiling hrpc.c...
compiling hogprh_task.c...
compiling hrpc_task.c...
compiling hrps.c...
compiling hrps_task.c...
compiling htpc.c...
compiling htpt.c...
compiling htpc_task.c...
compiling proxm.c...
compiling htpt_task.c...
compiling proxm_task.c...
compiling proxr.c...
compiling proxr_task.c...
compiling scppc_task.c...
compiling scppc.c...
compiling scpps.c...
compiling scpps_task.c...
compiling anpc.c...
compiling anpc_task.c...
compiling anps.c...
compiling anps_task.c...
compiling cscpc_task.c...
compiling cscpc.c...
compiling cscps.c...
compiling cscps_task.c...
compiling glpc.c...
compiling glpc_task.c...
compiling glps.c...
compiling glps_task.c...
compiling paspc.c...
compiling pasps.c...
compiling paspc_task.c...
compiling pasps_task.c...
compiling rscpc.c...
compiling rscpc_task.c...
compiling rscps_task.c...
compiling rscps.c...
compiling tipc_task.c...
compiling tipc.c...
compiling tips.c...
compiling tips_task.c...
compiling findl.c...
compiling findl_task.c...
compiling cppc_task.c...
compiling cpps.c...
compiling cppc.c...
compiling cpps_task.c...
compiling lanc.c...
compiling lanc_task.c...
compiling lans.c...
compiling lans_task.c...
compiling suotar.c...
compiling suotar_task.c...
compiling custom_common.c...
compiling custs1.c...
compiling custs1_task.c...
compiling custs2.c...
compiling custs2_task.c...
compiling prf_utils.c...
compiling prf.c...
compiling app_default_handlers.c...
compiling app.c...
compiling app_task.c...
compiling app_bass.c...
compiling app_security.c...
compiling app_bass_task.c...
compiling app_security_task.c...
compiling app_findme.c...
compiling app_findme_task.c...
compiling app_proxr.c...
compiling app_proxr_task.c...
compiling app_diss.c...
compiling app_diss_task.c...
compiling app_suotar.c...
compiling app_suotar_task.c...
compiling app_entry_point.c...
compiling app_msg_utils.c...
compiling app_easy_msg_utils.c...
compiling app_easy_timer.c...
compiling app_customs_task.c...
compiling app_easy_security.c...
compiling app_customs.c...
compiling app_customs_common.c...
compiling app_bond_db.c...
compiling app_utils.c...
compiling app_easy_whitelist.c...
compiling app_easy_crypto.c...
compiling user_custs_config.c...
compiling user_custs1_def.c...
compiling app_easy_storage.c...
compiling user_periph_setup.c...
compiling fpga.c...
compiling user_empty_peripheral_template.c...
linking...
Program Size: Code=19332 RO-data=4608 RW-data=12 ZI-data=8424  
FromELF: creating hex file...
After Build - User command #1: fromelf --bincombined --output=".\out_DA14531\Objects\empty_peripheral_template_531.bin"  ".\out_DA14531\Objects\empty_peripheral_template_531.axf"
".\out_DA14531\Objects\empty_peripheral_template_531.axf" - 0 Error(s), 0 Warning(s).

<h2>Software Packages used:</h2>

Package Vendor: ARM
                https://www.keil.com/pack/ARM.Cortex_DFP.1.1.0.pack
                ARM::Cortex_DFP@1.1.0
                ARM Cortex Reference Subsystems Device Family Pack

<h2>Collection of Component include folders:</h2>
  C:/Users/alber/AppData/Local/Arm/Packs/ARM/Cortex_DFP/1.1.0/Device/ARMCM0plus/Include

<h2>Collection of Component Files used:</h2>
Build Time Elapsed:  00:00:14
</pre>
</body>
</html>
