<html>
<body>
<pre>
<h1>µVision Build Log</h1>
<h2>Tool Versions:</h2>
IDE-Version: µVision V5.42.0.0
Copyright (C) 2025 ARM Ltd and ARM Germany GmbH. All rights reserved.
License Information: Albert Nguyen
Texas A&M University
User-based license: Keil MDK Community (non-commercial free of charge)
Valid until: May 31 2033. Cached until: Dec 3 2025
 
Tool Versions:
Toolchain:       Keil MDK Community (non-commercial free of charge  Version: 5.42.0.0
Toolchain Path:  C:\Users\alber\AppData\Local\Keil_v5\ARM\ARMCLANG\Bin
C Compiler:      ArmClang.exe V6.23
Assembler:       Armasm.exe V6.23
Linker/Locator:  ArmLink.exe V6.23
Library Manager: ArmAr.exe V6.23
Hex Converter:   FromElf.exe V6.23
CPU DLL:         SARMCM3.DLL V5.42.0.0
Dialog DLL:      DARMCM1.DLL V1.19.6.0
Target DLL:      Segger\JL2CM3.dll V2.99.45.0
Dialog DLL:      TARMCM1.DLL V1.14.6.0
 
<h2>Project:</h2>
C:\Users\alber\Documents\DA145xx_SDK\6.0.24.1464\projects\target_apps\template\fukuoka_uric_acid_sensor\Keil_5\empty_peripheral_template.uvprojx
Project File Date:  11/25/2025

<h2>Output:</h2>
*** Using Compiler 'V6.23', folder: 'C:\Users\alber\AppData\Local\Keil_v5\ARM\ARMCLANG\Bin'
Build target 'DA14531'
compiling user_empty_peripheral_template.c...
linking...
Program Size: Code=20312 RO-data=4988 RW-data=12 ZI-data=8440  
FromELF: creating hex file...
After Build - User command #1: fromelf --bincombined --output=".\out_DA14531\Objects\empty_peripheral_template_531.bin"  ".\out_DA14531\Objects\empty_peripheral_template_531.axf"
".\out_DA14531\Objects\empty_peripheral_template_531.axf" - 0 Error(s), 0 Warning(s).

<h2>Software Packages used:</h2>

Package Vendor: ARM
                https://www.keil.com/pack/ARM.Cortex_DFP.1.1.0.pack
                ARM::Cortex_DFP@1.1.0
                ARM Cortex Reference Subsystems Device Family Pack

<h2>Collection of Component include folders:</h2>
  C:/Users/alber/AppData/Local/Arm/Packs/ARM/Cortex_DFP/1.1.0/Device/ARMCM0plus/Include

<h2>Collection of Component Files used:</h2>
Build Time Elapsed:  00:00:05
</pre>
</body>
</html>
